[    1033ms] [LOG] 
%cStop! font-family:helvetica; font-size:20px; font-size:50px; font-weight:bold; color:red; -webkit-text-stroke:1px black; @ https://static.cdninstagram.com/rsrc.php/v4/y8/r/3h4YqOhE0YZ.js:245
[    1034ms] [LOG] 
%cThis is a browser feature intended for developers. If someone told you to copy-paste something here to enable an Instagram feature or "hack" someone's account, it is a scam and will give them access to your Instagram account. font-family:helvetica; font-size:20px;  @ https://static.cdninstagram.com/rsrc.php/v4/y8/r/3h4YqOhE0YZ.js:245
[    1034ms] [LOG] 
%cSee https://www.facebook.com/selfxss for more information. font-family:helvetica; font-size:20px;  @ https://static.cdninstagram.com/rsrc.php/v4/y8/r/3h4YqOhE0YZ.js:245
[    1034ms] [LOG] 
%c  @ https://static.cdninstagram.com/rsrc.php/v4/y8/r/3h4YqOhE0YZ.js:245
[    1053ms] [INFO] Banner not shown: beforeinstallpromptevent.preventDefault() called. The page must call beforeinstallpromptevent.prompt() to show the banner. @ https://www.instagram.com/oauth/oidc/?app_id=17951132926087090&enable_fb_login=0&redirect_uri=https%3A%2F%2Fwww.facebook.com%2Fpage%2Finstagram%2Foidclink%2F&scope=openid%2Clinking&response_type=code&logger_id=72a05b90-42c0-4ba2-8d3a-9a291907161a&state=%7B%22create_business_manager%22%3Atrue%2C%22csrf_nonce%22%3A%22ry68x6ix1yFFpQne%22%2C%22disclosure_type%22%3A%22page_to_ig%22%2C%22enable_signup_web%22%3Atrue%2C%22entry_point%22%3A%22profile_plus_settings%22%2C%22f3_request_id%22%3A%2272a05b90-42c0-4ba2-8d3a-9a291907161a%22%2C%22from%22%3A%22profile_plus_settings%22%2C%22page_ids%22%3A[%221077200972154010%22]%2C%22product_type%22%3Anull%2C%22redirect_uri%22%3A%22https%3A%2F%2Fwww.facebook.com%2Fpage%2Finstagram%2Foidclink%2F%22%2C%22require_professional%22%3Atrue%7D:0
[    1446ms] [ERROR] ErrorUtils caught an error:

GraphQL operation responded with error 4630001: Invalid module param. (Operation: PolarisStoriesV3TrayContainerQuery)
 [Caught in: unexpected]

Subsequent non-fatal errors won't be logged; see https://fburl.com/debugjs. {column: 241, clientTime: 1781103898, extra: Object, guardList: Array(0), hash: wqwfdg} @ https://static.cdninstagram.com/rsrc.php/v4/y8/r/3h4YqOhE0YZ.js:79
[    4286ms] [ERROR] Permissions policy violation: unload is not allowed in this document. @ https://static.xx.fbcdn.net/rsrc.php/v4/y8/r/3h4YqOhE0YZ.js:241
[   19692ms] [INFO] Banner not shown: beforeinstallpromptevent.preventDefault() called. The page must call beforeinstallpromptevent.prompt() to show the banner. @ https://www.instagram.com/accounts/convert_to_professional_account/?app_id=17951132926087090&collect_contact_info=1&create_business_manager=1&redirect_uri=https%3A%2F%2Fwww.facebook.com%2Fpage%2Finstagram%2Foidclink%2F%3Fcode%3DAYwFe6nR_shvS3lQRKZm-LrnBruO6JWsoEm-B-jHGexFKY12kXcg6e-WNZoWwAJk0Ipy6UzR66jyrUVXTBgbFOdE-SHJJEfrcglEcMJeyS26dQJ10g0zzv-BfsDoZbx5_psyWde-lO5d6kEmk9xcrq7OehzhwC2ujeaH3qMyQ6P08qkINUCrhTDqtxdmhB-BVQhxxVH0dFgG%26state%3D%257B%2522create_business_manager%2522%253Atrue%252C%2522csrf_nonce%2522%253A%2522ry68x6ix1yFFpQne%2522%252C%2522disclosure_type%2522%253A%2522page_to_ig%2522%252C%2522enable_signup_web%2522%253Atrue%252C%2522entry_point%2522%253A%2522profile_plus_settings%2522%252C%2522f3_request_id%2522%253A%252272a05b90-42c0-4ba2-8d3a-9a291907161a%2522%252C%2522from%2522%253A%2522profile_plus_settings%2522%252C%2522page_ids%2522%253A%255B%25221077200972154010%2522%255D%252C%2522product_type%2522%253Anull%252C%2522redirect_uri%2522%253A%2522https%253A%252F%252Fwww.facebook.com%252Fpage%252Finstagram%252Foidclink%252F%2522%252C%2522require_professional%2522%253Atrue%257D%26next&show_context_screen=0:0
[   19874ms] [LOG] 
%cStop! font-family:helvetica; font-size:20px; font-size:50px; font-weight:bold; color:red; -webkit-text-stroke:1px black; @ https://static.cdninstagram.com/rsrc.php/v4/y8/r/3h4YqOhE0YZ.js:245
[   19875ms] [LOG] 
%cThis is a browser feature intended for developers. If someone told you to copy-paste something here to enable an Instagram feature or "hack" someone's account, it is a scam and will give them access to your Instagram account. font-family:helvetica; font-size:20px;  @ https://static.cdninstagram.com/rsrc.php/v4/y8/r/3h4YqOhE0YZ.js:245
[   19875ms] [LOG] 
%cSee https://www.facebook.com/selfxss for more information. font-family:helvetica; font-size:20px;  @ https://static.cdninstagram.com/rsrc.php/v4/y8/r/3h4YqOhE0YZ.js:245
[   19875ms] [LOG] 
%c  @ https://static.cdninstagram.com/rsrc.php/v4/y8/r/3h4YqOhE0YZ.js:245
[   20099ms] [ERROR] ErrorUtils caught an error:

GraphQL operation responded with error 4630001: Invalid module param. (Operation: PolarisStoriesV3TrayContainerQuery)
 [Caught in: unexpected]

Subsequent non-fatal errors won't be logged; see https://fburl.com/debugjs. {column: 241, clientTime: 1781103917, extra: Object, guardList: Array(0), hash: wqwfdg} @ https://static.cdninstagram.com/rsrc.php/v4/y8/r/3h4YqOhE0YZ.js:79
[    4286ms] [ERROR] Permissions policy violation: unload is not allowed in this document. @ https://static.xx.fbcdn.net/rsrc.php/v4/y8/r/3h4YqOhE0YZ.js:241
[   23180ms] [ERROR] Permissions policy violation: unload is not allowed in this document. @ https://static.xx.fbcdn.net/rsrc.php/v4/y8/r/3h4YqOhE0YZ.js:241
[    4286ms] [ERROR] Permissions policy violation: unload is not allowed in this document. @ https://static.xx.fbcdn.net/rsrc.php/v4/y8/r/3h4YqOhE0YZ.js:241
[   23180ms] [ERROR] Permissions policy violation: unload is not allowed in this document. @ https://static.xx.fbcdn.net/rsrc.php/v4/y8/r/3h4YqOhE0YZ.js:241
