[     767ms] [WARNING] [DEPRECATED] Default export is deprecated. Instead use `import { create } from 'zustand'`. @ https://sf16-website-login.neutral.ttwstatic.com/obj/tiktok_web_login_static/ies/creator-center-web/static/js/3261.b9f1443a.js:1
[     769ms] [WARNING] [DEPRECATED] Default export is deprecated. Instead use `import { create } from 'zustand'`. @ https://sf16-website-login.neutral.ttwstatic.com/obj/tiktok_web_login_static/ies/creator-center-web/static/js/3261.b9f1443a.js:1
[     791ms] [WARNING] [DEPRECATED] Default export is deprecated. Instead use `import { create } from 'zustand'`. @ https://sf16-website-login.neutral.ttwstatic.com/obj/tiktok_web_login_static/ies/creator-center-web/static/js/3261.b9f1443a.js:1
[     882ms] [INFO] . @ https://sf16-website-login.neutral.ttwstatic.com/obj/tiktok_web_login_static/webmssdk/1.0.0.290/webmssdk.js:0
[     917ms] [LOG] %c %s color: yellow; background-color: black; [instance: studio_web] appid: 335386, userInfo:{"user_unique_id":"7598222841687163921","web_id":"7649800738004289042"} @ https://sf16-website-login.neutral.ttwstatic.com/obj/tiktok_web_login_static/log-sdk/collect/5.2/oversea/collect.js:0
[     917ms] [LOG] %c %s color: yellow; background-color: black; [instance: studio_web] appid: 335386, sdk is ready, version is 5.3.12_oversea, you can report now !!! @ https://sf16-website-login.neutral.ttwstatic.com/obj/tiktok_web_login_static/log-sdk/collect/5.2/oversea/collect.js:0
[     918ms] [LOG] %c %s color: yellow; background-color: black; [instance: webapp] appid: 1988, userInfo:{"user_unique_id":"7649786990460012039","user_type":12,"user_id":"7598222841687163921","user_is_login":true,"device_id":"7649786990460012039"} @ https://sf16-website-login.neutral.ttwstatic.com/obj/tiktok_web_login_static/log-sdk/collect/5.2/oversea/collect.js:0
[     918ms] [LOG] %c %s color: yellow; background-color: black; [instance: webapp] appid: 1988, sdk is ready, version is 5.3.12_oversea, you can report now !!! @ https://sf16-website-login.neutral.ttwstatic.com/obj/tiktok_web_login_static/log-sdk/collect/5.2/oversea/collect.js:0
[    1034ms] [LOG] [useSWAPIResultSync] start listen: L2S_PROJECT_LIST @ https://sf16-website-login.neutral.ttwstatic.com/obj/tiktok_web_login_static/ies/creator-center-web/static/js/main.ca6bcd0e.js:133
[    1036ms] [LOG] [useSWAPIResultSync] start listen: L2S_ICON_INFO @ https://sf16-website-login.neutral.ttwstatic.com/obj/tiktok_web_login_static/ies/creator-center-web/static/js/main.ca6bcd0e.js:133
[    1068ms] [WARNING] <meta name="apple-mobile-web-app-capable" content="yes"> is deprecated. Please include <meta name="mobile-web-app-capable" content="yes"> @ https://www.tiktok.com/tiktokstudio/content?lang=en:0
[    1407ms] [WARNING] [ttastra-runtime][warning]: importing getVGeo from '@ttastra/core/runtime' is deprecated, please update import path to '@ttastra/core/regions'. for example: import { getVGeo } from '@ttastra/core/runtime/regions';
 @ https://sf16-website-login.neutral.ttwstatic.com/obj/tiktok_web_login_static/ies/creator-center-web/static/js/3261.b9f1443a.js:1
[   24056ms] [WARNING] The 'deprecatedStyle' prop is deprecated. Please use the associated style props instead (e.g. "marginInline", "flex") @ https://sf16-website-login.neutral.ttwstatic.com/obj/tiktok_web_login_static/ies/creator-center-web/static/js/3261.b9f1443a.js:1
[   24058ms] [WARNING] The 'deprecatedStyle' prop is deprecated. Please use the associated style props instead (e.g. "marginInline", "flex") @ https://sf16-website-login.neutral.ttwstatic.com/obj/tiktok_web_login_static/ies/creator-center-web/static/js/3261.b9f1443a.js:1
[   24084ms] [WARNING] The 'deprecatedStyle' prop is deprecated. Please use the associated style props instead (e.g. "marginInline", "flex") @ https://sf16-website-login.neutral.ttwstatic.com/obj/tiktok_web_login_static/ies/creator-center-web/static/js/3261.b9f1443a.js:1
[   24084ms] [WARNING] The 'deprecatedStyle' prop is deprecated. Please use the associated style props instead (e.g. "marginInline", "flex") @ https://sf16-website-login.neutral.ttwstatic.com/obj/tiktok_web_login_static/ies/creator-center-web/static/js/3261.b9f1443a.js:1
[   24388ms] [WARNING] The 'deprecatedStyle' prop is deprecated. Please use the associated style props instead (e.g. "marginInline", "flex") @ https://sf16-website-login.neutral.ttwstatic.com/obj/tiktok_web_login_static/ies/creator-center-web/static/js/3261.b9f1443a.js:1
[   24390ms] [WARNING] The 'deprecatedStyle' prop is deprecated. Please use the associated style props instead (e.g. "marginInline", "flex") @ https://sf16-website-login.neutral.ttwstatic.com/obj/tiktok_web_login_static/ies/creator-center-web/static/js/3261.b9f1443a.js:1
[   24412ms] [WARNING] The 'deprecatedStyle' prop is deprecated. Please use the associated style props instead (e.g. "marginInline", "flex") @ https://sf16-website-login.neutral.ttwstatic.com/obj/tiktok_web_login_static/ies/creator-center-web/static/js/3261.b9f1443a.js:1
[   24412ms] [WARNING] The 'deprecatedStyle' prop is deprecated. Please use the associated style props instead (e.g. "marginInline", "flex") @ https://sf16-website-login.neutral.ttwstatic.com/obj/tiktok_web_login_static/ies/creator-center-web/static/js/3261.b9f1443a.js:1
