[    1647ms] [WARNING] Reflect is already polyfilled. @ https://sf16-website-login.neutral.ttwstatic.com/obj/tiktok_web_login_static/tiktok/webapp/login/webapp-login-page/webapp-login-page.790c8a1b25a6e17d3b86.js:0
[    1992ms] [WARNING] InvalidCharacterError: Failed to execute 'atob' on 'Window': The string to be decoded is not correctly encoded.
    at i (https://sf16-website-login.neutral.ttwstatic.com/obj/tiktok_web_login_static/tiktok/webapp/login/webapp-login-page/webapp-login-page.790c8a1b25a6e17d3b86.js:214:158851)
    at Object.init (https://sf16-website-login.neutral.ttwstatic.com/obj/tiktok_web_login_static/tiktok/webapp/login/webapp-login-page/webapp-login-page.790c8a1b25a6e17d3b86.js:65:572144)
    at Nb (https://sf16-website-login.neutral.ttwstatic.com/obj/tiktok_web_login_static/tiktok/webapp/login/webapp-login-page/webapp-login-page.790c8a1b25a6e17d3b86.js:65:573342)
    at jI (https://sf16-website-login.neutral.ttwstatic.com/obj/tiktok_web_login_static/tiktok/webapp/login/webapp-login-page/webapp-login-page.790c8a1b25a6e17d3b86.js:171:3123)
    at ll (https://sf16-website-login.neutral.ttwstatic.com/obj/tiktok_web_login_static/tiktok/webapp/login/webapp-login-page/npm-b3a903c8.04746702fa5edfe690b8.js:2:106141)
    at Bl (https://sf16-website-login.neutral.ttwstatic.com/obj/tiktok_web_login_static/tiktok/webapp/login/webapp-login-page/npm-b3a903c8.04746702fa5edfe690b8.js:2:115623)
    at $l (https://sf16-website-login.neutral.ttwstatic.com/obj/tiktok_web_login_static/tiktok/webapp/login/webapp-login-page/npm-b3a903c8.04746702fa5edfe690b8.js:2:114963)
    at Ul (https://sf16-website-login.neutral.ttwstatic.com/obj/tiktok_web_login_static/tiktok/webapp/login/webapp-login-page/npm-b3a903c8.04746702fa5edfe690b8.js:2:114624)
    at Qi (https://sf16-website-login.neutral.ttwstatic.com/obj/tiktok_web_login_static/tiktok/webapp/login/webapp-login-page/npm-b3a903c8.04746702fa5edfe690b8.js:2:161237)
    at Nu (https://sf16-website-login.neutral.ttwstatic.com/obj/tiktok_web_login_static/tiktok/webapp/login/webapp-login-page/npm-b3a903c8.04746702fa5edfe690b8.js:2:145350) @ https://sf16-website-login.neutral.ttwstatic.com/obj/tiktok_web_login_static/tiktok/webapp/login/webapp-login-page/webapp-login-page.790c8a1b25a6e17d3b86.js:213
[    2007ms] [WARNING] [i18n] missing key [en] WebApp_Login Sign up for an account or log back into TikTok. Create an account to discover real people and real videos that will make your day. Sign up for an account or log back into TikTok. Create an account to discover real people and real videos that will make your day. @ https://sf16-website-login.neutral.ttwstatic.com/obj/tiktok_web_login_static/tiktok/webapp/login/webapp-login-page/webapp-login-page.790c8a1b25a6e17d3b86.js:0
[    2184ms] [LOG] %c %s color: yellow; background-color: black; [instance: default] appid: 1988, userInfo:{"user_unique_id":"7649786990460012039","user_type":12,"user_is_login":false,"device_id":"7649786990460012039"} @ https://sf16-website-login.neutral.ttwstatic.com/obj/tiktok_web_login_static/tiktok/webapp/login/webapp-login-page/vendor.96a3c1b84716873daa5b.js:1
[    2186ms] [LOG] %c %s color: yellow; background-color: black; [instance: default] appid: 1988, sdk is ready, version is 5.3.17, you can report now !!! @ https://sf16-website-login.neutral.ttwstatic.com/obj/tiktok_web_login_static/tiktok/webapp/login/webapp-login-page/vendor.96a3c1b84716873daa5b.js:1
[    2452ms] [INFO] . @ https://sf16-website-login.neutral.ttwstatic.com/obj/tiktok_web_login_static/webmssdk/1.0.0.374/webmssdk.js:0
[    2905ms] [LOG] %c %s color: yellow; background-color: black; [instance: cookie_banner_tea_sdk] appid: 345918, userInfo:{"user_unique_id":"7649786998476441106","web_id":"7649786998476441106"} @ https://sf16-website-login.neutral.ttwstatic.com/obj/tiktok_web_login_static/webmssdk/1.0.0.374/webmssdk.js:0
[    2905ms] [LOG] %c %s color: yellow; background-color: black; [instance: cookie_banner_tea_sdk] appid: 345918, sdk is ready, version is 5.3.17, you can report now !!! @ https://sf16-website-login.neutral.ttwstatic.com/obj/tiktok_web_login_static/webmssdk/1.0.0.374/webmssdk.js:0
[    2926ms] [LOG] ws.opened @ https://sf16-website-login.neutral.ttwstatic.com/obj/tiktok_web_login_static/webmssdk/1.0.0.374/webmssdk.js:0
[    2959ms] Uncaught (in promise) TypeError: a.init is not a function
    at <anonymous> (https://sf16-website-login.neutral.ttwstatic.com/obj/tiktok_web_login_static/tiktok/webapp/login/webapp-login-page/npm-async-eb873fff.a9876bf6df8a6c7f50b0.js:1:544425)
    at l (https://sf16-website-login.neutral.ttwstatic.com/obj/tiktok_web_login_static/tiktok/webapp/login/webapp-login-page/npm-async-eb873fff.a9876bf6df8a6c7f50b0.js:1:537488)
    at <anonymous> (https://sf16-website-login.neutral.ttwstatic.com/obj/tiktok_web_login_static/tiktok/webapp/login/webapp-login-page/npm-async-eb873fff.a9876bf6df8a6c7f50b0.js:1:538867)
    at <anonymous> (https://sf16-website-login.neutral.ttwstatic.com/obj/tiktok_web_login_static/tiktok/webapp/login/webapp-login-page/npm-async-eb873fff.a9876bf6df8a6c7f50b0.js:1:537881)
    at <anonymous> (https://sf16-website-login.neutral.ttwstatic.com/obj/tiktok_web_login_static/tiktok/webapp/login/webapp-login-page/vendor.96a3c1b84716873daa5b.js:1:1536215)
    at u (https://sf16-website-login.neutral.ttwstatic.com/obj/tiktok_web_login_static/tiktok/webapp/login/webapp-login-page/vendor.96a3c1b84716873daa5b.js:1:1535963)
    at value (https://sf16-website-login.neutral.ttwstatic.com/obj/tiktok_web_login_static/tiktok/webapp/login/webapp-login-page/npm-async-eb873fff.a9876bf6df8a6c7f50b0.js:1:543965)
    at value (https://sf16-website-login.neutral.ttwstatic.com/obj/tiktok_web_login_static/tiktok/webapp/login/webapp-login-page/npm-async-eb873fff.a9876bf6df8a6c7f50b0.js:1:543851)
    at <anonymous> (https://sf16-website-login.neutral.ttwstatic.com/obj/tiktok_web_login_static/tiktok/webapp/login/webapp-login-page/npm-async-eb873fff.a9876bf6df8a6c7f50b0.js:1:617236)
    at l (https://sf16-website-login.neutral.ttwstatic.com/obj/tiktok_web_login_static/tiktok/webapp/login/webapp-login-page/npm-async-eb873fff.a9876bf6df8a6c7f50b0.js:1:609394)
    at <anonymous> (https://sf16-website-login.neutral.ttwstatic.com/obj/tiktok_web_login_static/tiktok/webapp/login/webapp-login-page/npm-async-eb873fff.a9876bf6df8a6c7f50b0.js:1:610773)
    at <anonymous> (https://sf16-website-login.neutral.ttwstatic.com/obj/tiktok_web_login_static/tiktok/webapp/login/webapp-login-page/npm-async-eb873fff.a9876bf6df8a6c7f50b0.js:1:609787)
    at a (https://sf16-website-login.neutral.ttwstatic.com/obj/tiktok_web_login_static/tiktok/webapp/login/webapp-login-page/vendor.96a3c1b84716873daa5b.js:1:1536019)
[   13175ms] [WARNING] [i18n] missing key [en] WebApp_Login 1 1 @ https://sf16-website-login.neutral.ttwstatic.com/obj/tiktok_web_login_static/tiktok/webapp/login/webapp-login-page/webapp-login-page.790c8a1b25a6e17d3b86.js:0
[   13176ms] [WARNING] [i18n] missing key [en] WebApp_Login 2 2 @ https://sf16-website-login.neutral.ttwstatic.com/obj/tiktok_web_login_static/tiktok/webapp/login/webapp-login-page/webapp-login-page.790c8a1b25a6e17d3b86.js:0
[   13176ms] [WARNING] [i18n] missing key [en] WebApp_Login 3 3 @ https://sf16-website-login.neutral.ttwstatic.com/obj/tiktok_web_login_static/tiktok/webapp/login/webapp-login-page/webapp-login-page.790c8a1b25a6e17d3b86.js:0
[   13177ms] [WARNING] [i18n] missing key [en] WebApp_Login 4 4 @ https://sf16-website-login.neutral.ttwstatic.com/obj/tiktok_web_login_static/tiktok/webapp/login/webapp-login-page/webapp-login-page.790c8a1b25a6e17d3b86.js:0
[   13177ms] [WARNING] [i18n] missing key [en] WebApp_Login 5 5 @ https://sf16-website-login.neutral.ttwstatic.com/obj/tiktok_web_login_static/tiktok/webapp/login/webapp-login-page/webapp-login-page.790c8a1b25a6e17d3b86.js:0
[   13178ms] [WARNING] [i18n] missing key [en] WebApp_Login 6 6 @ https://sf16-website-login.neutral.ttwstatic.com/obj/tiktok_web_login_static/tiktok/webapp/login/webapp-login-page/webapp-login-page.790c8a1b25a6e17d3b86.js:0
[   13178ms] [WARNING] [i18n] missing key [en] WebApp_Login 7 7 @ https://sf16-website-login.neutral.ttwstatic.com/obj/tiktok_web_login_static/tiktok/webapp/login/webapp-login-page/webapp-login-page.790c8a1b25a6e17d3b86.js:0
[   13179ms] [WARNING] [i18n] missing key [en] WebApp_Login 8 8 @ https://sf16-website-login.neutral.ttwstatic.com/obj/tiktok_web_login_static/tiktok/webapp/login/webapp-login-page/webapp-login-page.790c8a1b25a6e17d3b86.js:0
[   13179ms] [WARNING] [i18n] missing key [en] WebApp_Login 9 9 @ https://sf16-website-login.neutral.ttwstatic.com/obj/tiktok_web_login_static/tiktok/webapp/login/webapp-login-page/webapp-login-page.790c8a1b25a6e17d3b86.js:0
[   13179ms] [WARNING] [i18n] missing key [en] WebApp_Login 10 10 @ https://sf16-website-login.neutral.ttwstatic.com/obj/tiktok_web_login_static/tiktok/webapp/login/webapp-login-page/webapp-login-page.790c8a1b25a6e17d3b86.js:0
[   13180ms] [WARNING] [i18n] missing key [en] WebApp_Login 11 11 @ https://sf16-website-login.neutral.ttwstatic.com/obj/tiktok_web_login_static/tiktok/webapp/login/webapp-login-page/webapp-login-page.790c8a1b25a6e17d3b86.js:0
[   13180ms] [WARNING] [i18n] missing key [en] WebApp_Login 12 12 @ https://sf16-website-login.neutral.ttwstatic.com/obj/tiktok_web_login_static/tiktok/webapp/login/webapp-login-page/webapp-login-page.790c8a1b25a6e17d3b86.js:0
[   13180ms] [WARNING] [i18n] missing key [en] WebApp_Login 13 13 @ https://sf16-website-login.neutral.ttwstatic.com/obj/tiktok_web_login_static/tiktok/webapp/login/webapp-login-page/webapp-login-page.790c8a1b25a6e17d3b86.js:0
[   13181ms] [WARNING] [i18n] missing key [en] WebApp_Login 14 14 @ https://sf16-website-login.neutral.ttwstatic.com/obj/tiktok_web_login_static/tiktok/webapp/login/webapp-login-page/webapp-login-page.790c8a1b25a6e17d3b86.js:0
[   13181ms] [WARNING] [i18n] missing key [en] WebApp_Login 15 15 @ https://sf16-website-login.neutral.ttwstatic.com/obj/tiktok_web_login_static/tiktok/webapp/login/webapp-login-page/webapp-login-page.790c8a1b25a6e17d3b86.js:0
[   13182ms] [WARNING] [i18n] missing key [en] WebApp_Login 16 16 @ https://sf16-website-login.neutral.ttwstatic.com/obj/tiktok_web_login_static/tiktok/webapp/login/webapp-login-page/webapp-login-page.790c8a1b25a6e17d3b86.js:0
[   13182ms] [WARNING] [i18n] missing key [en] WebApp_Login 17 17 @ https://sf16-website-login.neutral.ttwstatic.com/obj/tiktok_web_login_static/tiktok/webapp/login/webapp-login-page/webapp-login-page.790c8a1b25a6e17d3b86.js:0
[   13183ms] [WARNING] [i18n] missing key [en] WebApp_Login 18 18 @ https://sf16-website-login.neutral.ttwstatic.com/obj/tiktok_web_login_static/tiktok/webapp/login/webapp-login-page/webapp-login-page.790c8a1b25a6e17d3b86.js:0
[   13184ms] [WARNING] [i18n] missing key [en] WebApp_Login 19 19 @ https://sf16-website-login.neutral.ttwstatic.com/obj/tiktok_web_login_static/tiktok/webapp/login/webapp-login-page/webapp-login-page.790c8a1b25a6e17d3b86.js:0
[   13184ms] [WARNING] [i18n] missing key [en] WebApp_Login 20 20 @ https://sf16-website-login.neutral.ttwstatic.com/obj/tiktok_web_login_static/tiktok/webapp/login/webapp-login-page/webapp-login-page.790c8a1b25a6e17d3b86.js:0
[   13185ms] [WARNING] [i18n] missing key [en] WebApp_Login 21 21 @ https://sf16-website-login.neutral.ttwstatic.com/obj/tiktok_web_login_static/tiktok/webapp/login/webapp-login-page/webapp-login-page.790c8a1b25a6e17d3b86.js:0
[   13185ms] [WARNING] [i18n] missing key [en] WebApp_Login 22 22 @ https://sf16-website-login.neutral.ttwstatic.com/obj/tiktok_web_login_static/tiktok/webapp/login/webapp-login-page/webapp-login-page.790c8a1b25a6e17d3b86.js:0
[   13185ms] [WARNING] [i18n] missing key [en] WebApp_Login 23 23 @ https://sf16-website-login.neutral.ttwstatic.com/obj/tiktok_web_login_static/tiktok/webapp/login/webapp-login-page/webapp-login-page.790c8a1b25a6e17d3b86.js:0
[   13186ms] [WARNING] [i18n] missing key [en] WebApp_Login 24 24 @ https://sf16-website-login.neutral.ttwstatic.com/obj/tiktok_web_login_static/tiktok/webapp/login/webapp-login-page/webapp-login-page.790c8a1b25a6e17d3b86.js:0
[   13186ms] [WARNING] [i18n] missing key [en] WebApp_Login 25 25 @ https://sf16-website-login.neutral.ttwstatic.com/obj/tiktok_web_login_static/tiktok/webapp/login/webapp-login-page/webapp-login-page.790c8a1b25a6e17d3b86.js:0
[   13186ms] [WARNING] [i18n] missing key [en] WebApp_Login 26 26 @ https://sf16-website-login.neutral.ttwstatic.com/obj/tiktok_web_login_static/tiktok/webapp/login/webapp-login-page/webapp-login-page.790c8a1b25a6e17d3b86.js:0
[   13187ms] [WARNING] [i18n] missing key [en] WebApp_Login 27 27 @ https://sf16-website-login.neutral.ttwstatic.com/obj/tiktok_web_login_static/tiktok/webapp/login/webapp-login-page/webapp-login-page.790c8a1b25a6e17d3b86.js:0
[   13187ms] [WARNING] [i18n] missing key [en] WebApp_Login 28 28 @ https://sf16-website-login.neutral.ttwstatic.com/obj/tiktok_web_login_static/tiktok/webapp/login/webapp-login-page/webapp-login-page.790c8a1b25a6e17d3b86.js:0
[   13188ms] [WARNING] [i18n] missing key [en] WebApp_Login 29 29 @ https://sf16-website-login.neutral.ttwstatic.com/obj/tiktok_web_login_static/tiktok/webapp/login/webapp-login-page/webapp-login-page.790c8a1b25a6e17d3b86.js:0
[   13188ms] [WARNING] [i18n] missing key [en] WebApp_Login 30 30 @ https://sf16-website-login.neutral.ttwstatic.com/obj/tiktok_web_login_static/tiktok/webapp/login/webapp-login-page/webapp-login-page.790c8a1b25a6e17d3b86.js:0
[   13188ms] [WARNING] [i18n] missing key [en] WebApp_Login 31 31 @ https://sf16-website-login.neutral.ttwstatic.com/obj/tiktok_web_login_static/tiktok/webapp/login/webapp-login-page/webapp-login-page.790c8a1b25a6e17d3b86.js:0
[   13193ms] [WARNING] [i18n] missing key [en] WebApp_Login 2025 2025 @ https://sf16-website-login.neutral.ttwstatic.com/obj/tiktok_web_login_static/tiktok/webapp/login/webapp-login-page/webapp-login-page.790c8a1b25a6e17d3b86.js:0
[   13193ms] [WARNING] [i18n] missing key [en] WebApp_Login 2024 2024 @ https://sf16-website-login.neutral.ttwstatic.com/obj/tiktok_web_login_static/tiktok/webapp/login/webapp-login-page/webapp-login-page.790c8a1b25a6e17d3b86.js:0
[   13194ms] [WARNING] [i18n] missing key [en] WebApp_Login 2023 2023 @ https://sf16-website-login.neutral.ttwstatic.com/obj/tiktok_web_login_static/tiktok/webapp/login/webapp-login-page/webapp-login-page.790c8a1b25a6e17d3b86.js:0
[   13194ms] [WARNING] [i18n] missing key [en] WebApp_Login 2022 2022 @ https://sf16-website-login.neutral.ttwstatic.com/obj/tiktok_web_login_static/tiktok/webapp/login/webapp-login-page/webapp-login-page.790c8a1b25a6e17d3b86.js:0
[   13195ms] [WARNING] [i18n] missing key [en] WebApp_Login 2021 2021 @ https://sf16-website-login.neutral.ttwstatic.com/obj/tiktok_web_login_static/tiktok/webapp/login/webapp-login-page/webapp-login-page.790c8a1b25a6e17d3b86.js:0
[   13195ms] [WARNING] [i18n] missing key [en] WebApp_Login 2020 2020 @ https://sf16-website-login.neutral.ttwstatic.com/obj/tiktok_web_login_static/tiktok/webapp/login/webapp-login-page/webapp-login-page.790c8a1b25a6e17d3b86.js:0
[   13195ms] [WARNING] [i18n] missing key [en] WebApp_Login 2019 2019 @ https://sf16-website-login.neutral.ttwstatic.com/obj/tiktok_web_login_static/tiktok/webapp/login/webapp-login-page/webapp-login-page.790c8a1b25a6e17d3b86.js:0
[   13195ms] [WARNING] [i18n] missing key [en] WebApp_Login 2018 2018 @ https://sf16-website-login.neutral.ttwstatic.com/obj/tiktok_web_login_static/tiktok/webapp/login/webapp-login-page/webapp-login-page.790c8a1b25a6e17d3b86.js:0
[   13196ms] [WARNING] [i18n] missing key [en] WebApp_Login 2017 2017 @ https://sf16-website-login.neutral.ttwstatic.com/obj/tiktok_web_login_static/tiktok/webapp/login/webapp-login-page/webapp-login-page.790c8a1b25a6e17d3b86.js:0
[   13196ms] [WARNING] [i18n] missing key [en] WebApp_Login 2016 2016 @ https://sf16-website-login.neutral.ttwstatic.com/obj/tiktok_web_login_static/tiktok/webapp/login/webapp-login-page/webapp-login-page.790c8a1b25a6e17d3b86.js:0
[   13196ms] [WARNING] [i18n] missing key [en] WebApp_Login 2015 2015 @ https://sf16-website-login.neutral.ttwstatic.com/obj/tiktok_web_login_static/tiktok/webapp/login/webapp-login-page/webapp-login-page.790c8a1b25a6e17d3b86.js:0
[   13197ms] [WARNING] [i18n] missing key [en] WebApp_Login 2014 2014 @ https://sf16-website-login.neutral.ttwstatic.com/obj/tiktok_web_login_static/tiktok/webapp/login/webapp-login-page/webapp-login-page.790c8a1b25a6e17d3b86.js:0
[   13197ms] [WARNING] [i18n] missing key [en] WebApp_Login 2013 2013 @ https://sf16-website-login.neutral.ttwstatic.com/obj/tiktok_web_login_static/tiktok/webapp/login/webapp-login-page/webapp-login-page.790c8a1b25a6e17d3b86.js:0
[   13197ms] [WARNING] [i18n] missing key [en] WebApp_Login 2012 2012 @ https://sf16-website-login.neutral.ttwstatic.com/obj/tiktok_web_login_static/tiktok/webapp/login/webapp-login-page/webapp-login-page.790c8a1b25a6e17d3b86.js:0
[   13198ms] [WARNING] [i18n] missing key [en] WebApp_Login 2011 2011 @ https://sf16-website-login.neutral.ttwstatic.com/obj/tiktok_web_login_static/tiktok/webapp/login/webapp-login-page/webapp-login-page.790c8a1b25a6e17d3b86.js:0
[   13198ms] [WARNING] [i18n] missing key [en] WebApp_Login 2010 2010 @ https://sf16-website-login.neutral.ttwstatic.com/obj/tiktok_web_login_static/tiktok/webapp/login/webapp-login-page/webapp-login-page.790c8a1b25a6e17d3b86.js:0
[   13199ms] [WARNING] [i18n] missing key [en] WebApp_Login 2009 2009 @ https://sf16-website-login.neutral.ttwstatic.com/obj/tiktok_web_login_static/tiktok/webapp/login/webapp-login-page/webapp-login-page.790c8a1b25a6e17d3b86.js:0
[   13199ms] [WARNING] [i18n] missing key [en] WebApp_Login 2008 2008 @ https://sf16-website-login.neutral.ttwstatic.com/obj/tiktok_web_login_static/tiktok/webapp/login/webapp-login-page/webapp-login-page.790c8a1b25a6e17d3b86.js:0
[   13199ms] [WARNING] [i18n] missing key [en] WebApp_Login 2007 2007 @ https://sf16-website-login.neutral.ttwstatic.com/obj/tiktok_web_login_static/tiktok/webapp/login/webapp-login-page/webapp-login-page.790c8a1b25a6e17d3b86.js:0
[   13200ms] [WARNING] [i18n] missing key [en] WebApp_Login 2006 2006 @ https://sf16-website-login.neutral.ttwstatic.com/obj/tiktok_web_login_static/tiktok/webapp/login/webapp-login-page/webapp-login-page.790c8a1b25a6e17d3b86.js:0
[   13200ms] [WARNING] [i18n] missing key [en] WebApp_Login 2005 2005 @ https://sf16-website-login.neutral.ttwstatic.com/obj/tiktok_web_login_static/tiktok/webapp/login/webapp-login-page/webapp-login-page.790c8a1b25a6e17d3b86.js:0
[   13201ms] [WARNING] [i18n] missing key [en] WebApp_Login 2004 2004 @ https://sf16-website-login.neutral.ttwstatic.com/obj/tiktok_web_login_static/tiktok/webapp/login/webapp-login-page/webapp-login-page.790c8a1b25a6e17d3b86.js:0
[   13201ms] [WARNING] [i18n] missing key [en] WebApp_Login 2003 2003 @ https://sf16-website-login.neutral.ttwstatic.com/obj/tiktok_web_login_static/tiktok/webapp/login/webapp-login-page/webapp-login-page.790c8a1b25a6e17d3b86.js:0
[   13202ms] [WARNING] [i18n] missing key [en] WebApp_Login 2002 2002 @ https://sf16-website-login.neutral.ttwstatic.com/obj/tiktok_web_login_static/tiktok/webapp/login/webapp-login-page/webapp-login-page.790c8a1b25a6e17d3b86.js:0
[   13202ms] [WARNING] [i18n] missing key [en] WebApp_Login 2001 2001 @ https://sf16-website-login.neutral.ttwstatic.com/obj/tiktok_web_login_static/tiktok/webapp/login/webapp-login-page/webapp-login-page.790c8a1b25a6e17d3b86.js:0
[   13203ms] [WARNING] [i18n] missing key [en] WebApp_Login 2000 2000 @ https://sf16-website-login.neutral.ttwstatic.com/obj/tiktok_web_login_static/tiktok/webapp/login/webapp-login-page/webapp-login-page.790c8a1b25a6e17d3b86.js:0
[   13203ms] [WARNING] [i18n] missing key [en] WebApp_Login 1999 1999 @ https://sf16-website-login.neutral.ttwstatic.com/obj/tiktok_web_login_static/tiktok/webapp/login/webapp-login-page/webapp-login-page.790c8a1b25a6e17d3b86.js:0
[   13204ms] [WARNING] [i18n] missing key [en] WebApp_Login 1998 1998 @ https://sf16-website-login.neutral.ttwstatic.com/obj/tiktok_web_login_static/tiktok/webapp/login/webapp-login-page/webapp-login-page.790c8a1b25a6e17d3b86.js:0
[   13204ms] [WARNING] [i18n] missing key [en] WebApp_Login 1997 1997 @ https://sf16-website-login.neutral.ttwstatic.com/obj/tiktok_web_login_static/tiktok/webapp/login/webapp-login-page/webapp-login-page.790c8a1b25a6e17d3b86.js:0
[   13205ms] [WARNING] [i18n] missing key [en] WebApp_Login 1996 1996 @ https://sf16-website-login.neutral.ttwstatic.com/obj/tiktok_web_login_static/tiktok/webapp/login/webapp-login-page/webapp-login-page.790c8a1b25a6e17d3b86.js:0
[   13205ms] [WARNING] [i18n] missing key [en] WebApp_Login 1995 1995 @ https://sf16-website-login.neutral.ttwstatic.com/obj/tiktok_web_login_static/tiktok/webapp/login/webapp-login-page/webapp-login-page.790c8a1b25a6e17d3b86.js:0
[   13206ms] [WARNING] [i18n] missing key [en] WebApp_Login 1994 1994 @ https://sf16-website-login.neutral.ttwstatic.com/obj/tiktok_web_login_static/tiktok/webapp/login/webapp-login-page/webapp-login-page.790c8a1b25a6e17d3b86.js:0
[   13206ms] [WARNING] [i18n] missing key [en] WebApp_Login 1993 1993 @ https://sf16-website-login.neutral.ttwstatic.com/obj/tiktok_web_login_static/tiktok/webapp/login/webapp-login-page/webapp-login-page.790c8a1b25a6e17d3b86.js:0
[   13207ms] [WARNING] [i18n] missing key [en] WebApp_Login 1992 1992 @ https://sf16-website-login.neutral.ttwstatic.com/obj/tiktok_web_login_static/tiktok/webapp/login/webapp-login-page/webapp-login-page.790c8a1b25a6e17d3b86.js:0
[   13207ms] [WARNING] [i18n] missing key [en] WebApp_Login 1991 1991 @ https://sf16-website-login.neutral.ttwstatic.com/obj/tiktok_web_login_static/tiktok/webapp/login/webapp-login-page/webapp-login-page.790c8a1b25a6e17d3b86.js:0
[   13208ms] [WARNING] [i18n] missing key [en] WebApp_Login 1990 1990 @ https://sf16-website-login.neutral.ttwstatic.com/obj/tiktok_web_login_static/tiktok/webapp/login/webapp-login-page/webapp-login-page.790c8a1b25a6e17d3b86.js:0
[   13208ms] [WARNING] [i18n] missing key [en] WebApp_Login 1989 1989 @ https://sf16-website-login.neutral.ttwstatic.com/obj/tiktok_web_login_static/tiktok/webapp/login/webapp-login-page/webapp-login-page.790c8a1b25a6e17d3b86.js:0
[   13208ms] [WARNING] [i18n] missing key [en] WebApp_Login 1988 1988 @ https://sf16-website-login.neutral.ttwstatic.com/obj/tiktok_web_login_static/tiktok/webapp/login/webapp-login-page/webapp-login-page.790c8a1b25a6e17d3b86.js:0
[   13208ms] [WARNING] [i18n] missing key [en] WebApp_Login 1987 1987 @ https://sf16-website-login.neutral.ttwstatic.com/obj/tiktok_web_login_static/tiktok/webapp/login/webapp-login-page/webapp-login-page.790c8a1b25a6e17d3b86.js:0
[   13209ms] [WARNING] [i18n] missing key [en] WebApp_Login 1986 1986 @ https://sf16-website-login.neutral.ttwstatic.com/obj/tiktok_web_login_static/tiktok/webapp/login/webapp-login-page/webapp-login-page.790c8a1b25a6e17d3b86.js:0
[   13209ms] [WARNING] [i18n] missing key [en] WebApp_Login 1985 1985 @ https://sf16-website-login.neutral.ttwstatic.com/obj/tiktok_web_login_static/tiktok/webapp/login/webapp-login-page/webapp-login-page.790c8a1b25a6e17d3b86.js:0
[   13209ms] [WARNING] [i18n] missing key [en] WebApp_Login 1984 1984 @ https://sf16-website-login.neutral.ttwstatic.com/obj/tiktok_web_login_static/tiktok/webapp/login/webapp-login-page/webapp-login-page.790c8a1b25a6e17d3b86.js:0
[   13210ms] [WARNING] [i18n] missing key [en] WebApp_Login 1983 1983 @ https://sf16-website-login.neutral.ttwstatic.com/obj/tiktok_web_login_static/tiktok/webapp/login/webapp-login-page/webapp-login-page.790c8a1b25a6e17d3b86.js:0
[   13210ms] [WARNING] [i18n] missing key [en] WebApp_Login 1982 1982 @ https://sf16-website-login.neutral.ttwstatic.com/obj/tiktok_web_login_static/tiktok/webapp/login/webapp-login-page/webapp-login-page.790c8a1b25a6e17d3b86.js:0
[   13210ms] [WARNING] [i18n] missing key [en] WebApp_Login 1981 1981 @ https://sf16-website-login.neutral.ttwstatic.com/obj/tiktok_web_login_static/tiktok/webapp/login/webapp-login-page/webapp-login-page.790c8a1b25a6e17d3b86.js:0
[   13211ms] [WARNING] [i18n] missing key [en] WebApp_Login 1980 1980 @ https://sf16-website-login.neutral.ttwstatic.com/obj/tiktok_web_login_static/tiktok/webapp/login/webapp-login-page/webapp-login-page.790c8a1b25a6e17d3b86.js:0
[   13211ms] [WARNING] [i18n] missing key [en] WebApp_Login 1979 1979 @ https://sf16-website-login.neutral.ttwstatic.com/obj/tiktok_web_login_static/tiktok/webapp/login/webapp-login-page/webapp-login-page.790c8a1b25a6e17d3b86.js:0
[   13212ms] [WARNING] [i18n] missing key [en] WebApp_Login 1978 1978 @ https://sf16-website-login.neutral.ttwstatic.com/obj/tiktok_web_login_static/tiktok/webapp/login/webapp-login-page/webapp-login-page.790c8a1b25a6e17d3b86.js:0
[   13212ms] [WARNING] [i18n] missing key [en] WebApp_Login 1977 1977 @ https://sf16-website-login.neutral.ttwstatic.com/obj/tiktok_web_login_static/tiktok/webapp/login/webapp-login-page/webapp-login-page.790c8a1b25a6e17d3b86.js:0
[   13213ms] [WARNING] [i18n] missing key [en] WebApp_Login 1976 1976 @ https://sf16-website-login.neutral.ttwstatic.com/obj/tiktok_web_login_static/tiktok/webapp/login/webapp-login-page/webapp-login-page.790c8a1b25a6e17d3b86.js:0
[   13213ms] [WARNING] [i18n] missing key [en] WebApp_Login 1975 1975 @ https://sf16-website-login.neutral.ttwstatic.com/obj/tiktok_web_login_static/tiktok/webapp/login/webapp-login-page/webapp-login-page.790c8a1b25a6e17d3b86.js:0
[   13214ms] [WARNING] [i18n] missing key [en] WebApp_Login 1974 1974 @ https://sf16-website-login.neutral.ttwstatic.com/obj/tiktok_web_login_static/tiktok/webapp/login/webapp-login-page/webapp-login-page.790c8a1b25a6e17d3b86.js:0
[   13214ms] [WARNING] [i18n] missing key [en] WebApp_Login 1973 1973 @ https://sf16-website-login.neutral.ttwstatic.com/obj/tiktok_web_login_static/tiktok/webapp/login/webapp-login-page/webapp-login-page.790c8a1b25a6e17d3b86.js:0
[   13215ms] [WARNING] [i18n] missing key [en] WebApp_Login 1972 1972 @ https://sf16-website-login.neutral.ttwstatic.com/obj/tiktok_web_login_static/tiktok/webapp/login/webapp-login-page/webapp-login-page.790c8a1b25a6e17d3b86.js:0
[   13215ms] [WARNING] [i18n] missing key [en] WebApp_Login 1971 1971 @ https://sf16-website-login.neutral.ttwstatic.com/obj/tiktok_web_login_static/tiktok/webapp/login/webapp-login-page/webapp-login-page.790c8a1b25a6e17d3b86.js:0
[   13216ms] [WARNING] [i18n] missing key [en] WebApp_Login 1970 1970 @ https://sf16-website-login.neutral.ttwstatic.com/obj/tiktok_web_login_static/tiktok/webapp/login/webapp-login-page/webapp-login-page.790c8a1b25a6e17d3b86.js:0
[   13217ms] [WARNING] [i18n] missing key [en] WebApp_Login 1969 1969 @ https://sf16-website-login.neutral.ttwstatic.com/obj/tiktok_web_login_static/tiktok/webapp/login/webapp-login-page/webapp-login-page.790c8a1b25a6e17d3b86.js:0
[   13218ms] [WARNING] [i18n] missing key [en] WebApp_Login 1968 1968 @ https://sf16-website-login.neutral.ttwstatic.com/obj/tiktok_web_login_static/tiktok/webapp/login/webapp-login-page/webapp-login-page.790c8a1b25a6e17d3b86.js:0
[   13218ms] [WARNING] [i18n] missing key [en] WebApp_Login 1967 1967 @ https://sf16-website-login.neutral.ttwstatic.com/obj/tiktok_web_login_static/tiktok/webapp/login/webapp-login-page/webapp-login-page.790c8a1b25a6e17d3b86.js:0
[   13219ms] [WARNING] [i18n] missing key [en] WebApp_Login 1966 1966 @ https://sf16-website-login.neutral.ttwstatic.com/obj/tiktok_web_login_static/tiktok/webapp/login/webapp-login-page/webapp-login-page.790c8a1b25a6e17d3b86.js:0
[   13219ms] [WARNING] [i18n] missing key [en] WebApp_Login 1965 1965 @ https://sf16-website-login.neutral.ttwstatic.com/obj/tiktok_web_login_static/tiktok/webapp/login/webapp-login-page/webapp-login-page.790c8a1b25a6e17d3b86.js:0
[   13219ms] [WARNING] [i18n] missing key [en] WebApp_Login 1964 1964 @ https://sf16-website-login.neutral.ttwstatic.com/obj/tiktok_web_login_static/tiktok/webapp/login/webapp-login-page/webapp-login-page.790c8a1b25a6e17d3b86.js:0
[   13220ms] [WARNING] [i18n] missing key [en] WebApp_Login 1963 1963 @ https://sf16-website-login.neutral.ttwstatic.com/obj/tiktok_web_login_static/tiktok/webapp/login/webapp-login-page/webapp-login-page.790c8a1b25a6e17d3b86.js:0
[   13220ms] [WARNING] [i18n] missing key [en] WebApp_Login 1962 1962 @ https://sf16-website-login.neutral.ttwstatic.com/obj/tiktok_web_login_static/tiktok/webapp/login/webapp-login-page/webapp-login-page.790c8a1b25a6e17d3b86.js:0
[   13220ms] [WARNING] [i18n] missing key [en] WebApp_Login 1961 1961 @ https://sf16-website-login.neutral.ttwstatic.com/obj/tiktok_web_login_static/tiktok/webapp/login/webapp-login-page/webapp-login-page.790c8a1b25a6e17d3b86.js:0
[   13221ms] [WARNING] [i18n] missing key [en] WebApp_Login 1960 1960 @ https://sf16-website-login.neutral.ttwstatic.com/obj/tiktok_web_login_static/tiktok/webapp/login/webapp-login-page/webapp-login-page.790c8a1b25a6e17d3b86.js:0
[   13221ms] [WARNING] [i18n] missing key [en] WebApp_Login 1959 1959 @ https://sf16-website-login.neutral.ttwstatic.com/obj/tiktok_web_login_static/tiktok/webapp/login/webapp-login-page/webapp-login-page.790c8a1b25a6e17d3b86.js:0
[   13221ms] [WARNING] [i18n] missing key [en] WebApp_Login 1958 1958 @ https://sf16-website-login.neutral.ttwstatic.com/obj/tiktok_web_login_static/tiktok/webapp/login/webapp-login-page/webapp-login-page.790c8a1b25a6e17d3b86.js:0
[   13222ms] [WARNING] [i18n] missing key [en] WebApp_Login 1957 1957 @ https://sf16-website-login.neutral.ttwstatic.com/obj/tiktok_web_login_static/tiktok/webapp/login/webapp-login-page/webapp-login-page.790c8a1b25a6e17d3b86.js:0
[   13222ms] [WARNING] [i18n] missing key [en] WebApp_Login 1956 1956 @ https://sf16-website-login.neutral.ttwstatic.com/obj/tiktok_web_login_static/tiktok/webapp/login/webapp-login-page/webapp-login-page.790c8a1b25a6e17d3b86.js:0
[   13222ms] [WARNING] [i18n] missing key [en] WebApp_Login 1955 1955 @ https://sf16-website-login.neutral.ttwstatic.com/obj/tiktok_web_login_static/tiktok/webapp/login/webapp-login-page/webapp-login-page.790c8a1b25a6e17d3b86.js:0
[   13223ms] [WARNING] [i18n] missing key [en] WebApp_Login 1954 1954 @ https://sf16-website-login.neutral.ttwstatic.com/obj/tiktok_web_login_static/tiktok/webapp/login/webapp-login-page/webapp-login-page.790c8a1b25a6e17d3b86.js:0
[   13223ms] [WARNING] [i18n] missing key [en] WebApp_Login 1953 1953 @ https://sf16-website-login.neutral.ttwstatic.com/obj/tiktok_web_login_static/tiktok/webapp/login/webapp-login-page/webapp-login-page.790c8a1b25a6e17d3b86.js:0
[   13223ms] [WARNING] [i18n] missing key [en] WebApp_Login 1952 1952 @ https://sf16-website-login.neutral.ttwstatic.com/obj/tiktok_web_login_static/tiktok/webapp/login/webapp-login-page/webapp-login-page.790c8a1b25a6e17d3b86.js:0
[   13224ms] [WARNING] [i18n] missing key [en] WebApp_Login 1951 1951 @ https://sf16-website-login.neutral.ttwstatic.com/obj/tiktok_web_login_static/tiktok/webapp/login/webapp-login-page/webapp-login-page.790c8a1b25a6e17d3b86.js:0
[   13224ms] [WARNING] [i18n] missing key [en] WebApp_Login 1950 1950 @ https://sf16-website-login.neutral.ttwstatic.com/obj/tiktok_web_login_static/tiktok/webapp/login/webapp-login-page/webapp-login-page.790c8a1b25a6e17d3b86.js:0
[   13224ms] [WARNING] [i18n] missing key [en] WebApp_Login 1949 1949 @ https://sf16-website-login.neutral.ttwstatic.com/obj/tiktok_web_login_static/tiktok/webapp/login/webapp-login-page/webapp-login-page.790c8a1b25a6e17d3b86.js:0
[   13225ms] [WARNING] [i18n] missing key [en] WebApp_Login 1948 1948 @ https://sf16-website-login.neutral.ttwstatic.com/obj/tiktok_web_login_static/tiktok/webapp/login/webapp-login-page/webapp-login-page.790c8a1b25a6e17d3b86.js:0
[   13225ms] [WARNING] [i18n] missing key [en] WebApp_Login 1947 1947 @ https://sf16-website-login.neutral.ttwstatic.com/obj/tiktok_web_login_static/tiktok/webapp/login/webapp-login-page/webapp-login-page.790c8a1b25a6e17d3b86.js:0
[   13225ms] [WARNING] [i18n] missing key [en] WebApp_Login 1946 1946 @ https://sf16-website-login.neutral.ttwstatic.com/obj/tiktok_web_login_static/tiktok/webapp/login/webapp-login-page/webapp-login-page.790c8a1b25a6e17d3b86.js:0
[   13225ms] [WARNING] [i18n] missing key [en] WebApp_Login 1945 1945 @ https://sf16-website-login.neutral.ttwstatic.com/obj/tiktok_web_login_static/tiktok/webapp/login/webapp-login-page/webapp-login-page.790c8a1b25a6e17d3b86.js:0
[   13226ms] [WARNING] [i18n] missing key [en] WebApp_Login 1944 1944 @ https://sf16-website-login.neutral.ttwstatic.com/obj/tiktok_web_login_static/tiktok/webapp/login/webapp-login-page/webapp-login-page.790c8a1b25a6e17d3b86.js:0
[   13226ms] [WARNING] [i18n] missing key [en] WebApp_Login 1943 1943 @ https://sf16-website-login.neutral.ttwstatic.com/obj/tiktok_web_login_static/tiktok/webapp/login/webapp-login-page/webapp-login-page.790c8a1b25a6e17d3b86.js:0
[   13226ms] [WARNING] [i18n] missing key [en] WebApp_Login 1942 1942 @ https://sf16-website-login.neutral.ttwstatic.com/obj/tiktok_web_login_static/tiktok/webapp/login/webapp-login-page/webapp-login-page.790c8a1b25a6e17d3b86.js:0
[   13227ms] [WARNING] [i18n] missing key [en] WebApp_Login 1941 1941 @ https://sf16-website-login.neutral.ttwstatic.com/obj/tiktok_web_login_static/tiktok/webapp/login/webapp-login-page/webapp-login-page.790c8a1b25a6e17d3b86.js:0
[   13227ms] [WARNING] [i18n] missing key [en] WebApp_Login 1940 1940 @ https://sf16-website-login.neutral.ttwstatic.com/obj/tiktok_web_login_static/tiktok/webapp/login/webapp-login-page/webapp-login-page.790c8a1b25a6e17d3b86.js:0
[   13227ms] [WARNING] [i18n] missing key [en] WebApp_Login 1939 1939 @ https://sf16-website-login.neutral.ttwstatic.com/obj/tiktok_web_login_static/tiktok/webapp/login/webapp-login-page/webapp-login-page.790c8a1b25a6e17d3b86.js:0
[   13227ms] [WARNING] [i18n] missing key [en] WebApp_Login 1938 1938 @ https://sf16-website-login.neutral.ttwstatic.com/obj/tiktok_web_login_static/tiktok/webapp/login/webapp-login-page/webapp-login-page.790c8a1b25a6e17d3b86.js:0
[   13228ms] [WARNING] [i18n] missing key [en] WebApp_Login 1937 1937 @ https://sf16-website-login.neutral.ttwstatic.com/obj/tiktok_web_login_static/tiktok/webapp/login/webapp-login-page/webapp-login-page.790c8a1b25a6e17d3b86.js:0
[   13228ms] [WARNING] [i18n] missing key [en] WebApp_Login 1936 1936 @ https://sf16-website-login.neutral.ttwstatic.com/obj/tiktok_web_login_static/tiktok/webapp/login/webapp-login-page/webapp-login-page.790c8a1b25a6e17d3b86.js:0
[   13228ms] [WARNING] [i18n] missing key [en] WebApp_Login 1935 1935 @ https://sf16-website-login.neutral.ttwstatic.com/obj/tiktok_web_login_static/tiktok/webapp/login/webapp-login-page/webapp-login-page.790c8a1b25a6e17d3b86.js:0
[   13229ms] [WARNING] [i18n] missing key [en] WebApp_Login 1934 1934 @ https://sf16-website-login.neutral.ttwstatic.com/obj/tiktok_web_login_static/tiktok/webapp/login/webapp-login-page/webapp-login-page.790c8a1b25a6e17d3b86.js:0
[   13229ms] [WARNING] [i18n] missing key [en] WebApp_Login 1933 1933 @ https://sf16-website-login.neutral.ttwstatic.com/obj/tiktok_web_login_static/tiktok/webapp/login/webapp-login-page/webapp-login-page.790c8a1b25a6e17d3b86.js:0
[   13229ms] [WARNING] [i18n] missing key [en] WebApp_Login 1932 1932 @ https://sf16-website-login.neutral.ttwstatic.com/obj/tiktok_web_login_static/tiktok/webapp/login/webapp-login-page/webapp-login-page.790c8a1b25a6e17d3b86.js:0
[   13230ms] [WARNING] [i18n] missing key [en] WebApp_Login 1931 1931 @ https://sf16-website-login.neutral.ttwstatic.com/obj/tiktok_web_login_static/tiktok/webapp/login/webapp-login-page/webapp-login-page.790c8a1b25a6e17d3b86.js:0
[   13230ms] [WARNING] [i18n] missing key [en] WebApp_Login 1930 1930 @ https://sf16-website-login.neutral.ttwstatic.com/obj/tiktok_web_login_static/tiktok/webapp/login/webapp-login-page/webapp-login-page.790c8a1b25a6e17d3b86.js:0
[   13230ms] [WARNING] [i18n] missing key [en] WebApp_Login 1929 1929 @ https://sf16-website-login.neutral.ttwstatic.com/obj/tiktok_web_login_static/tiktok/webapp/login/webapp-login-page/webapp-login-page.790c8a1b25a6e17d3b86.js:0
[   13231ms] [WARNING] [i18n] missing key [en] WebApp_Login 1928 1928 @ https://sf16-website-login.neutral.ttwstatic.com/obj/tiktok_web_login_static/tiktok/webapp/login/webapp-login-page/webapp-login-page.790c8a1b25a6e17d3b86.js:0
[   13231ms] [WARNING] [i18n] missing key [en] WebApp_Login 1927 1927 @ https://sf16-website-login.neutral.ttwstatic.com/obj/tiktok_web_login_static/tiktok/webapp/login/webapp-login-page/webapp-login-page.790c8a1b25a6e17d3b86.js:0
[   13231ms] [WARNING] [i18n] missing key [en] WebApp_Login 1926 1926 @ https://sf16-website-login.neutral.ttwstatic.com/obj/tiktok_web_login_static/tiktok/webapp/login/webapp-login-page/webapp-login-page.790c8a1b25a6e17d3b86.js:0
[   13232ms] [WARNING] [i18n] missing key [en] WebApp_Login 1925 1925 @ https://sf16-website-login.neutral.ttwstatic.com/obj/tiktok_web_login_static/tiktok/webapp/login/webapp-login-page/webapp-login-page.790c8a1b25a6e17d3b86.js:0
[   13233ms] [WARNING] [i18n] missing key [en] WebApp_Login 1924 1924 @ https://sf16-website-login.neutral.ttwstatic.com/obj/tiktok_web_login_static/tiktok/webapp/login/webapp-login-page/webapp-login-page.790c8a1b25a6e17d3b86.js:0
[   13233ms] [WARNING] [i18n] missing key [en] WebApp_Login 1923 1923 @ https://sf16-website-login.neutral.ttwstatic.com/obj/tiktok_web_login_static/tiktok/webapp/login/webapp-login-page/webapp-login-page.790c8a1b25a6e17d3b86.js:0
[   13234ms] [WARNING] [i18n] missing key [en] WebApp_Login 1922 1922 @ https://sf16-website-login.neutral.ttwstatic.com/obj/tiktok_web_login_static/tiktok/webapp/login/webapp-login-page/webapp-login-page.790c8a1b25a6e17d3b86.js:0
[   13234ms] [WARNING] [i18n] missing key [en] WebApp_Login 1921 1921 @ https://sf16-website-login.neutral.ttwstatic.com/obj/tiktok_web_login_static/tiktok/webapp/login/webapp-login-page/webapp-login-page.790c8a1b25a6e17d3b86.js:0
[   13235ms] [WARNING] [i18n] missing key [en] WebApp_Login 1920 1920 @ https://sf16-website-login.neutral.ttwstatic.com/obj/tiktok_web_login_static/tiktok/webapp/login/webapp-login-page/webapp-login-page.790c8a1b25a6e17d3b86.js:0
[   13235ms] [WARNING] [i18n] missing key [en] WebApp_Login 1919 1919 @ https://sf16-website-login.neutral.ttwstatic.com/obj/tiktok_web_login_static/tiktok/webapp/login/webapp-login-page/webapp-login-page.790c8a1b25a6e17d3b86.js:0
[   13236ms] [WARNING] [i18n] missing key [en] WebApp_Login 1918 1918 @ https://sf16-website-login.neutral.ttwstatic.com/obj/tiktok_web_login_static/tiktok/webapp/login/webapp-login-page/webapp-login-page.790c8a1b25a6e17d3b86.js:0
[   13236ms] [WARNING] [i18n] missing key [en] WebApp_Login 1917 1917 @ https://sf16-website-login.neutral.ttwstatic.com/obj/tiktok_web_login_static/tiktok/webapp/login/webapp-login-page/webapp-login-page.790c8a1b25a6e17d3b86.js:0
[   13237ms] [WARNING] [i18n] missing key [en] WebApp_Login 1916 1916 @ https://sf16-website-login.neutral.ttwstatic.com/obj/tiktok_web_login_static/tiktok/webapp/login/webapp-login-page/webapp-login-page.790c8a1b25a6e17d3b86.js:0
[   13237ms] [WARNING] [i18n] missing key [en] WebApp_Login 1915 1915 @ https://sf16-website-login.neutral.ttwstatic.com/obj/tiktok_web_login_static/tiktok/webapp/login/webapp-login-page/webapp-login-page.790c8a1b25a6e17d3b86.js:0
[   13237ms] [WARNING] [i18n] missing key [en] WebApp_Login 1914 1914 @ https://sf16-website-login.neutral.ttwstatic.com/obj/tiktok_web_login_static/tiktok/webapp/login/webapp-login-page/webapp-login-page.790c8a1b25a6e17d3b86.js:0
[   13263ms] [WARNING] [i18n] missing key [en] WebApp_Login 1913 1913 @ https://sf16-website-login.neutral.ttwstatic.com/obj/tiktok_web_login_static/tiktok/webapp/login/webapp-login-page/webapp-login-page.790c8a1b25a6e17d3b86.js:0
[   13264ms] [WARNING] [i18n] missing key [en] WebApp_Login 1912 1912 @ https://sf16-website-login.neutral.ttwstatic.com/obj/tiktok_web_login_static/tiktok/webapp/login/webapp-login-page/webapp-login-page.790c8a1b25a6e17d3b86.js:0
[   13264ms] [WARNING] [i18n] missing key [en] WebApp_Login 1911 1911 @ https://sf16-website-login.neutral.ttwstatic.com/obj/tiktok_web_login_static/tiktok/webapp/login/webapp-login-page/webapp-login-page.790c8a1b25a6e17d3b86.js:0
[   13265ms] [WARNING] [i18n] missing key [en] WebApp_Login 1910 1910 @ https://sf16-website-login.neutral.ttwstatic.com/obj/tiktok_web_login_static/tiktok/webapp/login/webapp-login-page/webapp-login-page.790c8a1b25a6e17d3b86.js:0
[   13265ms] [WARNING] [i18n] missing key [en] WebApp_Login 1909 1909 @ https://sf16-website-login.neutral.ttwstatic.com/obj/tiktok_web_login_static/tiktok/webapp/login/webapp-login-page/webapp-login-page.790c8a1b25a6e17d3b86.js:0
[   13265ms] [WARNING] [i18n] missing key [en] WebApp_Login 1908 1908 @ https://sf16-website-login.neutral.ttwstatic.com/obj/tiktok_web_login_static/tiktok/webapp/login/webapp-login-page/webapp-login-page.790c8a1b25a6e17d3b86.js:0
[   13266ms] [WARNING] [i18n] missing key [en] WebApp_Login 1907 1907 @ https://sf16-website-login.neutral.ttwstatic.com/obj/tiktok_web_login_static/tiktok/webapp/login/webapp-login-page/webapp-login-page.790c8a1b25a6e17d3b86.js:0
[   13267ms] [WARNING] [i18n] missing key [en] WebApp_Login 1906 1906 @ https://sf16-website-login.neutral.ttwstatic.com/obj/tiktok_web_login_static/tiktok/webapp/login/webapp-login-page/webapp-login-page.790c8a1b25a6e17d3b86.js:0
[   13267ms] [WARNING] [i18n] missing key [en] WebApp_Login 1905 1905 @ https://sf16-website-login.neutral.ttwstatic.com/obj/tiktok_web_login_static/tiktok/webapp/login/webapp-login-page/webapp-login-page.790c8a1b25a6e17d3b86.js:0
[   13267ms] [WARNING] [i18n] missing key [en] WebApp_Login 1904 1904 @ https://sf16-website-login.neutral.ttwstatic.com/obj/tiktok_web_login_static/tiktok/webapp/login/webapp-login-page/webapp-login-page.790c8a1b25a6e17d3b86.js:0
[   13268ms] [WARNING] [i18n] missing key [en] WebApp_Login 1903 1903 @ https://sf16-website-login.neutral.ttwstatic.com/obj/tiktok_web_login_static/tiktok/webapp/login/webapp-login-page/webapp-login-page.790c8a1b25a6e17d3b86.js:0
[   13268ms] [WARNING] [i18n] missing key [en] WebApp_Login 1902 1902 @ https://sf16-website-login.neutral.ttwstatic.com/obj/tiktok_web_login_static/tiktok/webapp/login/webapp-login-page/webapp-login-page.790c8a1b25a6e17d3b86.js:0
[   13268ms] [WARNING] [i18n] missing key [en] WebApp_Login 1901 1901 @ https://sf16-website-login.neutral.ttwstatic.com/obj/tiktok_web_login_static/tiktok/webapp/login/webapp-login-page/webapp-login-page.790c8a1b25a6e17d3b86.js:0
[   13269ms] [WARNING] [i18n] missing key [en] WebApp_Login 1900 1900 @ https://sf16-website-login.neutral.ttwstatic.com/obj/tiktok_web_login_static/tiktok/webapp/login/webapp-login-page/webapp-login-page.790c8a1b25a6e17d3b86.js:0
[   61909ms] [ERROR] Login: account-api error: [1023] Email is linked to another account. Unlink or try another email.. @ https://sf16-website-login.neutral.ttwstatic.com/obj/tiktok_web_login_static/tiktok/webapp/login/webapp-login-page/webapp-login-page.790c8a1b25a6e17d3b86.js:70
[   61911ms] [ERROR] Login: email bind failed: 1023 (Email is linked to another account. Unlink or try another email.). @ https://sf16-website-login.neutral.ttwstatic.com/obj/tiktok_web_login_static/tiktok/webapp/login/webapp-login-page/webapp-login-page.790c8a1b25a6e17d3b86.js:70
[   74963ms] [WARNING] [i18n] missing key [en] WebApp_Login Log in or sign up for an account on TikTok. Start watching to discover real people and real videos that will make your day. Log in or sign up for an account on TikTok. Start watching to discover real people and real videos that will make your day. @ https://sf16-website-login.neutral.ttwstatic.com/obj/tiktok_web_login_static/tiktok/webapp/login/webapp-login-page/webapp-login-page.790c8a1b25a6e17d3b86.js:0
[   75081ms] [VERBOSE] [DOM] Input elements should have autocomplete attributes (suggested: "current-password"): (More info: https://goo.gl/9p2vKq) %o @ https://www.tiktok.com/login/with-signed-email:0
[   85566ms] [ERROR] Login: account-api error: [1009] Username or password doesn't match our records. Try again.. @ https://sf16-website-login.neutral.ttwstatic.com/obj/tiktok_web_login_static/tiktok/webapp/login/webapp-login-page/webapp-login-page.790c8a1b25a6e17d3b86.js:70
[   85646ms] [WARNING] [i18n] missing key [en] WebApp_Login Username or password doesn't match our records. Try again. Username or password doesn't match our records. Try again. @ https://sf16-website-login.neutral.ttwstatic.com/obj/tiktok_web_login_static/tiktok/webapp/login/webapp-login-page/webapp-login-page.790c8a1b25a6e17d3b86.js:0
[ 1685599ms] [ERROR] Failed to load resource: net::ERR_NAME_NOT_RESOLVED @ https://mcs-va.tiktokv.com/v1/list:0
[ 1772209ms] [VERBOSE] [DOM] Input elements should have autocomplete attributes (suggested: "username"): (More info: https://goo.gl/9p2vKq) %o @ https://www.tiktok.com/login/email/forget-password:0
[ 1863610ms] [LOG] ws.opened @ https://sf16-website-login.neutral.ttwstatic.com/obj/tiktok_web_login_static/webmssdk/1.0.0.374/webmssdk.js:0
[ 2251861ms] [ERROR] The Content Security Policy directive 'upgrade-insecure-requests' is ignored when delivered in a report-only policy. @ https://www.tiktok.com/foryou?lang=en:0
[ 2251982ms] Uncaught (in promise) TypeError: Cannot read properties of undefined (reading 'includes')
    at l.getConfigRegion (https://sf16-website-login.neutral.ttwstatic.com/obj/tiktok_web_login_static/tiktok/webapp/main/react-v18/webapp-desktop/static/js/secsdk_runtime_bundler_1104_278fdf08.js:4:25349)
    at l.gerReportUrl (https://sf16-website-login.neutral.ttwstatic.com/obj/tiktok_web_login_static/tiktok/webapp/main/react-v18/webapp-desktop/static/js/secsdk_runtime_bundler_1104_278fdf08.js:4:25458)
    at <anonymous> (https://sf16-website-login.neutral.ttwstatic.com/obj/tiktok_web_login_static/tiktok/webapp/main/react-v18/webapp-desktop/static/js/secsdk_runtime_bundler_1104_278fdf08.js:4:27736)
    at f (https://sf16-website-login.neutral.ttwstatic.com/obj/tiktok_web_login_static/tiktok/webapp/main/react-v18/webapp-desktop/static/js/secsdk_runtime_bundler_1104_278fdf08.js:4:3652)
    at <anonymous> (https://sf16-website-login.neutral.ttwstatic.com/obj/tiktok_web_login_static/tiktok/webapp/main/react-v18/webapp-desktop/static/js/secsdk_runtime_bundler_1104_278fdf08.js:4:4998)
    at <anonymous> (https://sf16-website-login.neutral.ttwstatic.com/obj/tiktok_web_login_static/tiktok/webapp/main/react-v18/webapp-desktop/static/js/secsdk_runtime_bundler_1104_278fdf08.js:4:4081)
    at a (https://sf16-website-login.neutral.ttwstatic.com/obj/tiktok_web_login_static/tiktok/webapp/main/react-v18/webapp-desktop/static/js/secsdk_runtime_bundler_1104_278fdf08.js:4:457)
    at c (https://sf16-website-login.neutral.ttwstatic.com/obj/tiktok_web_login_static/tiktok/webapp/main/react-v18/webapp-desktop/static/js/secsdk_runtime_bundler_1104_278fdf08.js:4:660)
    at <anonymous> (https://sf16-website-login.neutral.ttwstatic.com/obj/tiktok_web_login_static/tiktok/webapp/main/react-v18/webapp-desktop/static/js/secsdk_runtime_bundler_1104_278fdf08.js:4:719)
    at <anonymous> (https://sf16-website-login.neutral.ttwstatic.com/obj/tiktok_web_login_static/tiktok/webapp/main/react-v18/webapp-desktop/static/js/secsdk_runtime_bundler_1104_278fdf08.js:4:600)
    at <anonymous> (https://sf16-website-login.neutral.ttwstatic.com/obj/tiktok_web_login_static/tiktok/webapp/main/react-v18/webapp-desktop/static/js/secsdk_runtime_bundler_1104_278fdf08.js:4:29201)
    at value (https://sf16-website-login.neutral.ttwstatic.com/obj/tiktok_web_login_static/tiktok/webapp/main/react-v18/webapp-desktop/static/js/secsdk_runtime_bundler_1104_278fdf08.js:4:27589)
    at value (https://sf16-website-login.neutral.ttwstatic.com/obj/tiktok_web_login_static/tiktok/webapp/main/react-v18/webapp-desktop/static/js/secsdk_runtime_bundler_1104_278fdf08.js:4:27184)
    at value (https://sf16-website-login.neutral.ttwstatic.com/obj/tiktok_web_login_static/tiktok/webapp/main/react-v18/webapp-desktop/static/js/secsdk_runtime_bundler_1104_278fdf08.js:4:42112)
    at value (https://sf16-website-login.neutral.ttwstatic.com/obj/tiktok_web_login_static/tiktok/webapp/main/react-v18/webapp-desktop/static/js/secsdk_runtime_bundler_1104_278fdf08.js:4:42419)
    at window.registToModule (https://sf16-website-login.neutral.ttwstatic.com/obj/tiktok_web_login_static/tiktok/webapp/main/react-v18/webapp-desktop/static/js/secsdk_runtime_bundler_1104_278fdf08.js:4:16240)
    at <anonymous> (https://sf16-website-login.neutral.ttwstatic.com/obj/tiktok_web_login_static/tiktok/webapp/main/react-v18/webapp-desktop/static/js/secsdk_runtime_bundler_1104_278fdf08.js:29:67)
[ 2251990ms] Uncaught TypeError: Cannot read properties of undefined (reading 'includes')
    at l.getConfigRegion (https://sf16-website-login.neutral.ttwstatic.com/obj/tiktok_web_login_static/tiktok/webapp/main/react-v18/webapp-desktop/static/js/secsdk_runtime_bundler_1104_278fdf08.js:4:25349)
    at l.gerReportUrl (https://sf16-website-login.neutral.ttwstatic.com/obj/tiktok_web_login_static/tiktok/webapp/main/react-v18/webapp-desktop/static/js/secsdk_runtime_bundler_1104_278fdf08.js:4:25458)
    at <anonymous> (https://sf16-website-login.neutral.ttwstatic.com/obj/tiktok_web_login_static/tiktok/webapp/main/react-v18/webapp-desktop/static/js/secsdk_runtime_bundler_1104_278fdf08.js:4:35220)
    at s (https://sf16-website-login.neutral.ttwstatic.com/obj/tiktok_web_login_static/tiktok/webapp/main/react-v18/webapp-desktop/static/js/secsdk_runtime_bundler_1104_278fdf08.js:4:35120)
[ 2252031ms] Uncaught TypeError: Cannot read properties of undefined (reading 'includes')
    at l.getConfigRegion (https://sf16-website-login.neutral.ttwstatic.com/obj/tiktok_web_login_static/tiktok/webapp/main/react-v18/webapp-desktop/static/js/secsdk_runtime_bundler_1104_278fdf08.js:4:25349)
    at l.gerReportUrl (https://sf16-website-login.neutral.ttwstatic.com/obj/tiktok_web_login_static/tiktok/webapp/main/react-v18/webapp-desktop/static/js/secsdk_runtime_bundler_1104_278fdf08.js:4:25458)
    at <anonymous> (https://sf16-website-login.neutral.ttwstatic.com/obj/tiktok_web_login_static/tiktok/webapp/main/react-v18/webapp-desktop/static/js/secsdk_runtime_bundler_1104_278fdf08.js:4:35220)
    at s (https://sf16-website-login.neutral.ttwstatic.com/obj/tiktok_web_login_static/tiktok/webapp/main/react-v18/webapp-desktop/static/js/secsdk_runtime_bundler_1104_278fdf08.js:4:35120)
[ 2252107ms] Uncaught TypeError: Cannot read properties of undefined (reading 'includes')
    at l.getConfigRegion (https://sf16-website-login.neutral.ttwstatic.com/obj/tiktok_web_login_static/tiktok/webapp/main/react-v18/webapp-desktop/static/js/secsdk_runtime_bundler_1104_278fdf08.js:4:25349)
    at l.gerReportUrl (https://sf16-website-login.neutral.ttwstatic.com/obj/tiktok_web_login_static/tiktok/webapp/main/react-v18/webapp-desktop/static/js/secsdk_runtime_bundler_1104_278fdf08.js:4:25458)
    at <anonymous> (https://sf16-website-login.neutral.ttwstatic.com/obj/tiktok_web_login_static/tiktok/webapp/main/react-v18/webapp-desktop/static/js/secsdk_runtime_bundler_1104_278fdf08.js:4:35220)
    at s (https://sf16-website-login.neutral.ttwstatic.com/obj/tiktok_web_login_static/tiktok/webapp/main/react-v18/webapp-desktop/static/js/secsdk_runtime_bundler_1104_278fdf08.js:4:35120)
[ 2252108ms] Uncaught TypeError: Cannot read properties of undefined (reading 'includes')
    at l.getConfigRegion (https://sf16-website-login.neutral.ttwstatic.com/obj/tiktok_web_login_static/tiktok/webapp/main/react-v18/webapp-desktop/static/js/secsdk_runtime_bundler_1104_278fdf08.js:4:25349)
    at l.gerReportUrl (https://sf16-website-login.neutral.ttwstatic.com/obj/tiktok_web_login_static/tiktok/webapp/main/react-v18/webapp-desktop/static/js/secsdk_runtime_bundler_1104_278fdf08.js:4:25458)
    at <anonymous> (https://sf16-website-login.neutral.ttwstatic.com/obj/tiktok_web_login_static/tiktok/webapp/main/react-v18/webapp-desktop/static/js/secsdk_runtime_bundler_1104_278fdf08.js:4:35220)
    at s (https://sf16-website-login.neutral.ttwstatic.com/obj/tiktok_web_login_static/tiktok/webapp/main/react-v18/webapp-desktop/static/js/secsdk_runtime_bundler_1104_278fdf08.js:4:35120)
[ 2252124ms] Uncaught TypeError: Cannot read properties of undefined (reading 'includes')
    at l.getConfigRegion (https://sf16-website-login.neutral.ttwstatic.com/obj/tiktok_web_login_static/tiktok/webapp/main/react-v18/webapp-desktop/static/js/secsdk_runtime_bundler_1104_278fdf08.js:4:25349)
    at l.gerReportUrl (https://sf16-website-login.neutral.ttwstatic.com/obj/tiktok_web_login_static/tiktok/webapp/main/react-v18/webapp-desktop/static/js/secsdk_runtime_bundler_1104_278fdf08.js:4:25458)
    at <anonymous> (https://sf16-website-login.neutral.ttwstatic.com/obj/tiktok_web_login_static/tiktok/webapp/main/react-v18/webapp-desktop/static/js/secsdk_runtime_bundler_1104_278fdf08.js:4:35220)
    at s (https://sf16-website-login.neutral.ttwstatic.com/obj/tiktok_web_login_static/tiktok/webapp/main/react-v18/webapp-desktop/static/js/secsdk_runtime_bundler_1104_278fdf08.js:4:35120)
[ 2252131ms] Uncaught TypeError: Cannot read properties of undefined (reading 'includes')
    at l.getConfigRegion (https://sf16-website-login.neutral.ttwstatic.com/obj/tiktok_web_login_static/tiktok/webapp/main/react-v18/webapp-desktop/static/js/secsdk_runtime_bundler_1104_278fdf08.js:4:25349)
    at l.gerReportUrl (https://sf16-website-login.neutral.ttwstatic.com/obj/tiktok_web_login_static/tiktok/webapp/main/react-v18/webapp-desktop/static/js/secsdk_runtime_bundler_1104_278fdf08.js:4:25458)
    at <anonymous> (https://sf16-website-login.neutral.ttwstatic.com/obj/tiktok_web_login_static/tiktok/webapp/main/react-v18/webapp-desktop/static/js/secsdk_runtime_bundler_1104_278fdf08.js:4:35220)
    at s (https://sf16-website-login.neutral.ttwstatic.com/obj/tiktok_web_login_static/tiktok/webapp/main/react-v18/webapp-desktop/static/js/secsdk_runtime_bundler_1104_278fdf08.js:4:35120)
[ 2252185ms] [INFO] . @ https://sf16-website-login.neutral.ttwstatic.com/obj/tiktok_web_login_static/webmssdk/1.0.0.374/webmssdk.js:0
[ 2252249ms] Uncaught TypeError: Cannot read properties of undefined (reading 'includes')
    at l.getConfigRegion (https://sf16-website-login.neutral.ttwstatic.com/obj/tiktok_web_login_static/tiktok/webapp/main/react-v18/webapp-desktop/static/js/secsdk_runtime_bundler_1104_278fdf08.js:4:25349)
    at l.gerReportUrl (https://sf16-website-login.neutral.ttwstatic.com/obj/tiktok_web_login_static/tiktok/webapp/main/react-v18/webapp-desktop/static/js/secsdk_runtime_bundler_1104_278fdf08.js:4:25458)
    at <anonymous> (https://sf16-website-login.neutral.ttwstatic.com/obj/tiktok_web_login_static/tiktok/webapp/main/react-v18/webapp-desktop/static/js/secsdk_runtime_bundler_1104_278fdf08.js:4:35220)
    at s (https://sf16-website-login.neutral.ttwstatic.com/obj/tiktok_web_login_static/tiktok/webapp/main/react-v18/webapp-desktop/static/js/secsdk_runtime_bundler_1104_278fdf08.js:4:35120)
[ 2252263ms] Uncaught TypeError: Cannot read properties of undefined (reading 'includes')
    at l.getConfigRegion (https://sf16-website-login.neutral.ttwstatic.com/obj/tiktok_web_login_static/tiktok/webapp/main/react-v18/webapp-desktop/static/js/secsdk_runtime_bundler_1104_278fdf08.js:4:25349)
    at l.gerReportUrl (https://sf16-website-login.neutral.ttwstatic.com/obj/tiktok_web_login_static/tiktok/webapp/main/react-v18/webapp-desktop/static/js/secsdk_runtime_bundler_1104_278fdf08.js:4:25458)
    at <anonymous> (https://sf16-website-login.neutral.ttwstatic.com/obj/tiktok_web_login_static/tiktok/webapp/main/react-v18/webapp-desktop/static/js/secsdk_runtime_bundler_1104_278fdf08.js:4:35220)
    at s (https://sf16-website-login.neutral.ttwstatic.com/obj/tiktok_web_login_static/tiktok/webapp/main/react-v18/webapp-desktop/static/js/secsdk_runtime_bundler_1104_278fdf08.js:4:35120)
[ 2252278ms] [WARNING] Reflect is already polyfilled. @ https://sf16-website-login.neutral.ttwstatic.com/obj/tiktok_web_login_static/tiktok/webapp/main/react-v18/webapp-desktop/static/js/webapp-desktop.d69e4fd6.js:0
[ 2252387ms] [WARNING] AppContext will be overwritten @ https://sf16-website-login.neutral.ttwstatic.com/obj/tiktok_web_login_static/tiktok/webapp/main/react-v18/webapp-desktop/static/js/webapp-desktop.d69e4fd6.js:0
[ 2252388ms] [WARNING] AppContext will be overwritten @ https://sf16-website-login.neutral.ttwstatic.com/obj/tiktok_web_login_static/tiktok/webapp/main/react-v18/webapp-desktop/static/js/webapp-desktop.d69e4fd6.js:0
[ 2252388ms] [WARNING] AppContext will be overwritten @ https://sf16-website-login.neutral.ttwstatic.com/obj/tiktok_web_login_static/tiktok/webapp/main/react-v18/webapp-desktop/static/js/webapp-desktop.d69e4fd6.js:0
[ 2252388ms] [WARNING] AppContext will be overwritten @ https://sf16-website-login.neutral.ttwstatic.com/obj/tiktok_web_login_static/tiktok/webapp/main/react-v18/webapp-desktop/static/js/webapp-desktop.d69e4fd6.js:0
[ 2252389ms] [WARNING] AppContext will be overwritten @ https://sf16-website-login.neutral.ttwstatic.com/obj/tiktok_web_login_static/tiktok/webapp/main/react-v18/webapp-desktop/static/js/webapp-desktop.d69e4fd6.js:0
[ 2252390ms] [WARNING] AppContext will be overwritten @ https://sf16-website-login.neutral.ttwstatic.com/obj/tiktok_web_login_static/tiktok/webapp/main/react-v18/webapp-desktop/static/js/webapp-desktop.d69e4fd6.js:0
[ 2252391ms] [WARNING] AppContext will be overwritten @ https://sf16-website-login.neutral.ttwstatic.com/obj/tiktok_web_login_static/tiktok/webapp/main/react-v18/webapp-desktop/static/js/webapp-desktop.d69e4fd6.js:0
[ 2252391ms] [WARNING] AppContext will be overwritten @ https://sf16-website-login.neutral.ttwstatic.com/obj/tiktok_web_login_static/tiktok/webapp/main/react-v18/webapp-desktop/static/js/webapp-desktop.d69e4fd6.js:0
[ 2252392ms] [WARNING] AppContext will be overwritten @ https://sf16-website-login.neutral.ttwstatic.com/obj/tiktok_web_login_static/tiktok/webapp/main/react-v18/webapp-desktop/static/js/webapp-desktop.d69e4fd6.js:0
[ 2252440ms] [WARNING] AppContext will be overwritten @ https://sf16-website-login.neutral.ttwstatic.com/obj/tiktok_web_login_static/tiktok/webapp/main/react-v18/webapp-desktop/static/js/webapp-desktop.d69e4fd6.js:0
[ 2252445ms] [WARNING] AppContext will be overwritten @ https://sf16-website-login.neutral.ttwstatic.com/obj/tiktok_web_login_static/tiktok/webapp/main/react-v18/webapp-desktop/static/js/webapp-desktop.d69e4fd6.js:0
[ 2252445ms] [WARNING] loadable: `loadableReady()` requires state, please use `getScriptTags` or `getScriptElements` server-side @ https://sf16-website-login.neutral.ttwstatic.com/obj/tiktok_web_login_static/tiktok/webapp/main/react-v18/webapp-desktop/static/js/77750.55abd95f.js:1
[ 2252516ms] [LOG] %c %s color: yellow; background-color: black; [instance: default] appid: 1988, userInfo:{"user_unique_id":"7649786990460012039","user_type":12,"user_id":"7598222841687163921","user_is_login":true,"device_id":"7649786990460012039"} @ https://sf16-website-login.neutral.ttwstatic.com/obj/tiktok_web_login_static/webmssdk/1.0.0.374/webmssdk.js:0
[ 2252516ms] [LOG] %c %s color: yellow; background-color: black; [instance: default] appid: 1988, sdk is ready, version is 5.3.17, you can report now !!! @ https://sf16-website-login.neutral.ttwstatic.com/obj/tiktok_web_login_static/webmssdk/1.0.0.374/webmssdk.js:0
[ 2252530ms] Uncaught TypeError: Cannot read properties of undefined (reading 'includes')
    at l.getConfigRegion (https://sf16-website-login.neutral.ttwstatic.com/obj/tiktok_web_login_static/tiktok/webapp/main/react-v18/webapp-desktop/static/js/secsdk_runtime_bundler_1104_278fdf08.js:4:25349)
    at l.gerReportUrl (https://sf16-website-login.neutral.ttwstatic.com/obj/tiktok_web_login_static/tiktok/webapp/main/react-v18/webapp-desktop/static/js/secsdk_runtime_bundler_1104_278fdf08.js:4:25458)
    at <anonymous> (https://sf16-website-login.neutral.ttwstatic.com/obj/tiktok_web_login_static/tiktok/webapp/main/react-v18/webapp-desktop/static/js/secsdk_runtime_bundler_1104_278fdf08.js:4:35220)
    at s (https://sf16-website-login.neutral.ttwstatic.com/obj/tiktok_web_login_static/tiktok/webapp/main/react-v18/webapp-desktop/static/js/secsdk_runtime_bundler_1104_278fdf08.js:4:35120)
[ 2252548ms] [LOG] TypeError: Cannot read properties of null (reading 'toString')
    at main (https://sf16-website-login.neutral.ttwstatic.com/obj/tiktok_web_login_static/tiktok/webapp/main/react-v18/webapp-desktop/static/js/secsdk_runtime_bundler_1104_278fdf08.js:110:142)
    at postMessageOriginCheckExpression (https://sf16-website-login.neutral.ttwstatic.com/obj/tiktok_web_login_static/tiktok/webapp/main/react-v18/webapp-desktop/static/js/secsdk_runtime_bundler_1104_278fdf08.js:114:8)
    at e.value (https://sf16-website-login.neutral.ttwstatic.com/obj/tiktok_web_login_static/tiktok/webapp/main/react-v18/webapp-desktop/static/js/secsdk_runtime_bundler_1104_278fdf08.js:5:32209)
    at e.value (https://sf16-website-login.neutral.ttwstatic.com/obj/tiktok_web_login_static/tiktok/webapp/main/react-v18/webapp-desktop/static/js/secsdk_runtime_bundler_1104_278fdf08.js:5:34177)
    at MessagePort.s (https://sf16-website-login.neutral.ttwstatic.com/obj/tiktok_web_login_static/tiktok/webapp/main/react-v18/webapp-desktop/static/js/secsdk_runtime_bundler_1104_278fdf08.js:5:35519) @ https://sf16-website-login.neutral.ttwstatic.com/obj/tiktok_web_login_static/webmssdk/1.0.0.374/webmssdk.js:0
[ 2252754ms] Uncaught (in promise) TypeError: Cannot read properties of undefined (reading 'includes')
    at l.getConfigRegion (https://sf16-website-login.neutral.ttwstatic.com/obj/tiktok_web_login_static/tiktok/webapp/main/react-v18/webapp-desktop/static/js/secsdk_runtime_bundler_1104_278fdf08.js:4:25349)
    at l.gerReportUrl (https://sf16-website-login.neutral.ttwstatic.com/obj/tiktok_web_login_static/tiktok/webapp/main/react-v18/webapp-desktop/static/js/secsdk_runtime_bundler_1104_278fdf08.js:4:25458)
    at <anonymous> (https://sf16-website-login.neutral.ttwstatic.com/obj/tiktok_web_login_static/tiktok/webapp/main/react-v18/webapp-desktop/static/js/secsdk_runtime_bundler_1104_278fdf08.js:4:27736)
    at f (https://sf16-website-login.neutral.ttwstatic.com/obj/tiktok_web_login_static/tiktok/webapp/main/react-v18/webapp-desktop/static/js/secsdk_runtime_bundler_1104_278fdf08.js:4:3652)
    at <anonymous> (https://sf16-website-login.neutral.ttwstatic.com/obj/tiktok_web_login_static/tiktok/webapp/main/react-v18/webapp-desktop/static/js/secsdk_runtime_bundler_1104_278fdf08.js:4:4998)
    at <anonymous> (https://sf16-website-login.neutral.ttwstatic.com/obj/tiktok_web_login_static/tiktok/webapp/main/react-v18/webapp-desktop/static/js/secsdk_runtime_bundler_1104_278fdf08.js:4:4081)
    at a (https://sf16-website-login.neutral.ttwstatic.com/obj/tiktok_web_login_static/tiktok/webapp/main/react-v18/webapp-desktop/static/js/secsdk_runtime_bundler_1104_278fdf08.js:4:457)
    at c (https://sf16-website-login.neutral.ttwstatic.com/obj/tiktok_web_login_static/tiktok/webapp/main/react-v18/webapp-desktop/static/js/secsdk_runtime_bundler_1104_278fdf08.js:4:660)
    at <anonymous> (https://sf16-website-login.neutral.ttwstatic.com/obj/tiktok_web_login_static/tiktok/webapp/main/react-v18/webapp-desktop/static/js/secsdk_runtime_bundler_1104_278fdf08.js:4:719)
    at <anonymous> (https://sf16-website-login.neutral.ttwstatic.com/obj/tiktok_web_login_static/tiktok/webapp/main/react-v18/webapp-desktop/static/js/secsdk_runtime_bundler_1104_278fdf08.js:4:600)
    at <anonymous> (https://sf16-website-login.neutral.ttwstatic.com/obj/tiktok_web_login_static/tiktok/webapp/main/react-v18/webapp-desktop/static/js/secsdk_runtime_bundler_1104_278fdf08.js:4:29201)
    at value (https://sf16-website-login.neutral.ttwstatic.com/obj/tiktok_web_login_static/tiktok/webapp/main/react-v18/webapp-desktop/static/js/secsdk_runtime_bundler_1104_278fdf08.js:4:27589)
    at value (https://sf16-website-login.neutral.ttwstatic.com/obj/tiktok_web_login_static/tiktok/webapp/main/react-v18/webapp-desktop/static/js/secsdk_runtime_bundler_1104_278fdf08.js:4:27184)
    at me (https://sf16-website-login.neutral.ttwstatic.com/obj/tiktok_web_login_static/tiktok/webapp/main/react-v18/webapp-desktop/static/js/secsdk_runtime_bundler_1104_278fdf08.js:4:31008)
    at ge (https://sf16-website-login.neutral.ttwstatic.com/obj/tiktok_web_login_static/tiktok/webapp/main/react-v18/webapp-desktop/static/js/secsdk_runtime_bundler_1104_278fdf08.js:4:31262)
    at value (https://sf16-website-login.neutral.ttwstatic.com/obj/tiktok_web_login_static/tiktok/webapp/main/react-v18/webapp-desktop/static/js/secsdk_runtime_bundler_1104_278fdf08.js:4:32352)
    at value (https://sf16-website-login.neutral.ttwstatic.com/obj/tiktok_web_login_static/tiktok/webapp/main/react-v18/webapp-desktop/static/js/secsdk_runtime_bundler_1104_278fdf08.js:4:34176)
    at s (https://sf16-website-login.neutral.ttwstatic.com/obj/tiktok_web_login_static/tiktok/webapp/main/react-v18/webapp-desktop/static/js/secsdk_runtime_bundler_1104_278fdf08.js:4:35518)
[ 2252957ms] [INFO] Evaluating a string as JavaScript violates the following Content Security Policy directive because 'unsafe-eval' is not an allowed source of script: "script-src 'report-sample' 'wasm-unsafe-eval' apis.google.com c.paypal.com client-api.arkoselabs.com code.jquery.com connect.facebook.net developers.kakao.com js.hcaptcha.com js.hsforms.net pay.google.com recaptcha.google.com s20.tiktokcdn.com s3.amazonaws.com sf16-website-login.neutral.ttwstatic.com sf16-website.neutral.ttwstatic.com ssl.bing.com static.captchami.com tiktok.captchami.com unpkg.com www.vimeo.com".
 The policy is report-only, so the violation has been logged but no further action has been taken. @ https://sf16-website-login.neutral.ttwstatic.com/obj/tiktok_web_login_static/tiktok/webapp/main/react-v18/webapp-desktop/static/js/async/64887.ba0a9df5.js:1
[ 2252958ms] [INFO] Evaluating a string as JavaScript violates the following Content Security Policy directive because 'unsafe-eval' is not an allowed source of script: "script-src 'report-sample' 'wasm-unsafe-eval' apis.google.com c.paypal.com client-api.arkoselabs.com code.jquery.com connect.facebook.net developers.kakao.com js.hcaptcha.com js.hsforms.net pay.google.com recaptcha.google.com s20.tiktokcdn.com s3.amazonaws.com sf16-website-login.neutral.ttwstatic.com sf16-website.neutral.ttwstatic.com ssl.bing.com static.captchami.com tiktok.captchami.com unpkg.com www.vimeo.com".
 The policy is report-only, so the violation has been logged but no further action has been taken. @ https://sf16-website-login.neutral.ttwstatic.com/obj/tiktok_web_login_static/tiktok/webapp/main/react-v18/webapp-desktop/static/js/async/64887.ba0a9df5.js:1
[ 2253229ms] [INFO] Evaluating a string as JavaScript violates the following Content Security Policy directive because 'unsafe-eval' is not an allowed source of script: "script-src 'report-sample' 'wasm-unsafe-eval' apis.google.com c.paypal.com client-api.arkoselabs.com code.jquery.com connect.facebook.net developers.kakao.com js.hcaptcha.com js.hsforms.net pay.google.com recaptcha.google.com s20.tiktokcdn.com s3.amazonaws.com sf16-website-login.neutral.ttwstatic.com sf16-website.neutral.ttwstatic.com ssl.bing.com static.captchami.com tiktok.captchami.com unpkg.com www.vimeo.com".
 The policy is report-only, so the violation has been logged but no further action has been taken. @ https://sf16-website-login.neutral.ttwstatic.com/obj/tiktok_web_login_static/tiktok/web/tiktok_fe_login_vmok/vmok-remote-entry.e53e86a4.js:1
[ 2253535ms] [WARNING] filter merge event: sibyl_sdk_collector_init_result error, pls check Converting circular structure to JSON
    --> starting at object with constructor 'e'
    |     property 'pluginInstances' -> object with constructor 'Array'
    |     index 0 -> object with constructor 'e'
    --- property 'collect' closes the circle @ https://sf16-website-login.neutral.ttwstatic.com/obj/tiktok_web_login_static/tiktok/webapp/main/react-v18/webapp-desktop/static/js/npm-dp-byted-tea-sdk-oversea.f4e273c4.js:0
[ 2253535ms] [LOG] %c %s color: yellow; background-color: black; [instance: sibylSdkTea] appid: 594856, userInfo:{"user_unique_id":"7649796668971861512","web_id":"7649796668971861512"} @ https://sf16-website-login.neutral.ttwstatic.com/obj/tiktok_web_login_static/webmssdk/1.0.0.374/webmssdk.js:0
[ 2253535ms] [LOG] %c %s color: yellow; background-color: black; [instance: sibylSdkTea] appid: 594856, sdk is ready, version is 5.3.17, you can report now !!! @ https://sf16-website-login.neutral.ttwstatic.com/obj/tiktok_web_login_static/webmssdk/1.0.0.374/webmssdk.js:0
[ 2253592ms] [LOG] ws.opened @ https://sf16-website-login.neutral.ttwstatic.com/obj/tiktok_web_login_static/webmssdk/1.0.0.374/webmssdk.js:0
[ 2253593ms] [WARNING] [SDK] 1781107083373        0 already inited @ https://sf16-website-login.neutral.ttwstatic.com/obj/tiktok_web_login_static/slardar/fe/sdk-web/browser.sg.js?bid=tiktok_webapp&globalName=SlardarClient:0
[ 2254244ms] [ERROR] The Content Security Policy directive 'upgrade-insecure-requests' is ignored when delivered in a report-only policy. @ https://sf16-website-login.neutral.ttwstatic.com/obj/tiktok_web_login_static/webmssdk/1.0.0.374/webmssdk.js:0
[ 2254246ms] [ERROR] The Content Security Policy directive 'upgrade-insecure-requests' is ignored when delivered in a report-only policy. @ https://sf16-website-login.neutral.ttwstatic.com/obj/tiktok_web_login_static/webmssdk/1.0.0.374/webmssdk.js:0
[ 2254267ms] [ERROR] The Content Security Policy directive 'upgrade-insecure-requests' is ignored when delivered in a report-only policy. @ https://sf16-website-login.neutral.ttwstatic.com/obj/tiktok_web_login_static/webmssdk/1.0.0.374/webmssdk.js:0
[ 2254268ms] [ERROR] The Content Security Policy directive 'upgrade-insecure-requests' is ignored when delivered in a report-only policy. @ https://sf16-website-login.neutral.ttwstatic.com/obj/tiktok_web_login_static/webmssdk/1.0.0.374/webmssdk.js:0
[ 2254355ms] [ERROR] The Content Security Policy directive 'upgrade-insecure-requests' is ignored when delivered in a report-only policy. @ https://sf16-website-login.neutral.ttwstatic.com/obj/tiktok_web_login_static/webmssdk/1.0.0.374/webmssdk.js:0
[ 2254356ms] [ERROR] The Content Security Policy directive 'upgrade-insecure-requests' is ignored when delivered in a report-only policy. @ https://sf16-website-login.neutral.ttwstatic.com/obj/tiktok_web_login_static/webmssdk/1.0.0.374/webmssdk.js:0
[ 2254380ms] [ERROR] The Content Security Policy directive 'upgrade-insecure-requests' is ignored when delivered in a report-only policy. @ https://sf16-website-login.neutral.ttwstatic.com/obj/tiktok_web_login_static/webmssdk/1.0.0.374/webmssdk.js:0
[ 2254381ms] [ERROR] The Content Security Policy directive 'upgrade-insecure-requests' is ignored when delivered in a report-only policy. @ https://sf16-website-login.neutral.ttwstatic.com/obj/tiktok_web_login_static/webmssdk/1.0.0.374/webmssdk.js:0
[ 2255446ms] [WARNING] [TikTok desktop app SDK Monitor]:   WARN:[printFirstFeedShow]The current environment is not inside the client. @ https://sf16-website-login.neutral.ttwstatic.com/obj/tiktok_web_login_static/tiktok/webapp/main/react-v18/webapp-desktop/static/js/webapp-desktop.d69e4fd6.js:0
[ 2255713ms] [ERROR] The Content Security Policy directive 'upgrade-insecure-requests' is ignored when delivered in a report-only policy. @ https://sf16-website-login.neutral.ttwstatic.com/obj/tiktok_web_login_static/ttweb_webmssdk_ex/1.0.0.2624/webmssdk_ex.js:0
[ 2255714ms] [ERROR] The Content Security Policy directive 'upgrade-insecure-requests' is ignored when delivered in a report-only policy. @ https://sf16-website-login.neutral.ttwstatic.com/obj/tiktok_web_login_static/ttweb_webmssdk_ex/1.0.0.2624/webmssdk_ex.js:0
[ 2255754ms] [ERROR] The Content Security Policy directive 'upgrade-insecure-requests' is ignored when delivered in a report-only policy. @ https://sf16-website-login.neutral.ttwstatic.com/obj/tiktok_web_login_static/ttweb_webmssdk_ex/1.0.0.2624/webmssdk_ex.js:0
[ 2255755ms] [ERROR] The Content Security Policy directive 'upgrade-insecure-requests' is ignored when delivered in a report-only policy. @ https://sf16-website-login.neutral.ttwstatic.com/obj/tiktok_web_login_static/ttweb_webmssdk_ex/1.0.0.2624/webmssdk_ex.js:0
[ 2256274ms] [ERROR] The Content Security Policy directive 'upgrade-insecure-requests' is ignored when delivered in a report-only policy. @ https://sf16-website-login.neutral.ttwstatic.com/obj/tiktok_web_login_static/ttweb_webmssdk_ex/1.0.0.2624/webmssdk_ex.js:0
[ 2256277ms] [ERROR] The Content Security Policy directive 'upgrade-insecure-requests' is ignored when delivered in a report-only policy. @ https://sf16-website-login.neutral.ttwstatic.com/obj/tiktok_web_login_static/ttweb_webmssdk_ex/1.0.0.2624/webmssdk_ex.js:0
[ 2256593ms] [INFO] Evaluating a string as JavaScript violates the following Content Security Policy directive because 'unsafe-eval' is not an allowed source of script: "script-src 'report-sample' 'wasm-unsafe-eval' apis.google.com c.paypal.com client-api.arkoselabs.com code.jquery.com connect.facebook.net developers.kakao.com js.hcaptcha.com js.hsforms.net pay.google.com recaptcha.google.com s20.tiktokcdn.com s3.amazonaws.com sf16-website-login.neutral.ttwstatic.com sf16-website.neutral.ttwstatic.com ssl.bing.com static.captchami.com tiktok.captchami.com unpkg.com www.vimeo.com".
 The policy is report-only, so the violation has been logged but no further action has been taken. @ https://sf16-website-login.neutral.ttwstatic.com/obj/tiktok_web_login_static/tiktok/webapp/main/react-v18/webapp-desktop/static/js/async/55674.12ba1c88.js:0
[ 2256638ms] [ERROR] The Content Security Policy directive 'upgrade-insecure-requests' is ignored when delivered in a report-only policy. @ https://sf16-website-login.neutral.ttwstatic.com/obj/tiktok_web_login_static/ttweb_webmssdk_ex/1.0.0.2624/webmssdk_ex.js:0
[ 2256639ms] [ERROR] The Content Security Policy directive 'upgrade-insecure-requests' is ignored when delivered in a report-only policy. @ https://sf16-website-login.neutral.ttwstatic.com/obj/tiktok_web_login_static/ttweb_webmssdk_ex/1.0.0.2624/webmssdk_ex.js:0
[ 2257349ms] [WARNING] [i18n] missing key [en] Webapp Sponsored Sponsored @ https://sf16-website-login.neutral.ttwstatic.com/obj/tiktok_web_login_static/tiktok/webapp/main/react-v18/webapp-desktop/static/js/biz.common.lib.7eac74a6.js:0
[ 2257361ms] [WARNING] [i18n] missing key [en] Webapp Promoted Music Promoted Music @ https://sf16-website-login.neutral.ttwstatic.com/obj/tiktok_web_login_static/tiktok/webapp/main/react-v18/webapp-desktop/static/js/biz.common.lib.7eac74a6.js:0
[ 2257494ms] [LOG] %c %s color: yellow; background-color: black; [instance: cookie_banner_tea_sdk] appid: 345918, userInfo:{"user_unique_id":"7649787001097504274","web_id":"7649787001097504274"} @ https://sf16-website-login.neutral.ttwstatic.com/obj/tiktok_web_login_static/webmssdk/1.0.0.374/webmssdk.js:0
[ 2257494ms] [LOG] %c %s color: yellow; background-color: black; [instance: cookie_banner_tea_sdk] appid: 345918, sdk is ready, version is 5.3.17, you can report now !!! @ https://sf16-website-login.neutral.ttwstatic.com/obj/tiktok_web_login_static/webmssdk/1.0.0.374/webmssdk.js:0
[ 2257669ms] [WARNING] [i18n] missing key [en] Webapp Close_button Close_button @ https://sf16-website-login.neutral.ttwstatic.com/obj/tiktok_web_login_static/tiktok/webapp/main/react-v18/webapp-desktop/static/js/biz.common.lib.7eac74a6.js:0
[ 2257671ms] [WARNING] The 'deprecatedStyle' prop is deprecated. Please use the associated style props instead (e.g. "marginInline", "flex") @ https://sf16-website-login.neutral.ttwstatic.com/obj/tiktok_web_login_static/tiktok/webapp/main/react-v18/webapp-desktop/static/js/async/16119.40946b1b.js:0
[ 2257757ms] [WARNING] The 'deprecatedStyle' prop is deprecated. Please use the associated style props instead (e.g. "marginInline", "flex") @ https://sf16-website-login.neutral.ttwstatic.com/obj/tiktok_web_login_static/tiktok/webapp/main/react-v18/webapp-desktop/static/js/async/16119.40946b1b.js:0
[ 2257897ms] [WARNING] [00:06.903][warn][multiplex](2) demux waterlevel change to full, abort request @ https://sf16-website-login.neutral.ttwstatic.com/obj/tiktok_web_login_static/tiktok/webapp/main/react-v18/webapp-desktop/static/js/async/22560.3a37303e.js:0
[ 2257987ms] [WARNING] The 'deprecatedStyle' prop is deprecated. Please use the associated style props instead (e.g. "marginInline", "flex") @ https://sf16-website-login.neutral.ttwstatic.com/obj/tiktok_web_login_static/tiktok/webapp/main/react-v18/webapp-desktop/static/js/async/16119.40946b1b.js:0
[ 2258539ms] [WARNING] The 'deprecatedStyle' prop is deprecated. Please use the associated style props instead (e.g. "marginInline", "flex") @ https://sf16-website-login.neutral.ttwstatic.com/obj/tiktok_web_login_static/tiktok/webapp/main/react-v18/webapp-desktop/static/js/async/16119.40946b1b.js:0
[ 2258558ms] [WARNING] The resource https://sf16-website-login.neutral.ttwstatic.com/obj/tiktok_web_login_static/tiktok/web/tiktok_fe_login_vmok/static/js/async/__federation_expose_pure.7bb71833.js was preloaded using link preload but not used within a few seconds from the window's load event. Please make sure it has an appropriate `as` value and it is preloaded intentionally. @ https://www.tiktok.com/foryou?lang=en:0
[ 2258558ms] [WARNING] The resource https://sf16-website-login.neutral.ttwstatic.com/obj/tiktok_web_login_static/tiktok/web/tiktok_fe_login_vmok/static/js/async/3911.77069edd.js was preloaded using link preload but not used within a few seconds from the window's load event. Please make sure it has an appropriate `as` value and it is preloaded intentionally. @ https://www.tiktok.com/foryou?lang=en:0
[ 2258558ms] [WARNING] The resource https://sf16-website-login.neutral.ttwstatic.com/obj/tiktok_web_login_static/tiktok/web/tiktok_fe_login_vmok/static/js/async/1265.abf06e8b.js was preloaded using link preload but not used within a few seconds from the window's load event. Please make sure it has an appropriate `as` value and it is preloaded intentionally. @ https://www.tiktok.com/foryou?lang=en:0
[ 2258559ms] [WARNING] The resource https://sf16-website-login.neutral.ttwstatic.com/obj/tiktok_web_login_static/tiktok/web/tiktok_fe_login_vmok/static/js/async/5613.8d5871a3.js was preloaded using link preload but not used within a few seconds from the window's load event. Please make sure it has an appropriate `as` value and it is preloaded intentionally. @ https://www.tiktok.com/foryou?lang=en:0
[ 2258559ms] [WARNING] The resource https://sf16-website-login.neutral.ttwstatic.com/obj/tiktok_web_login_static/tiktok/web/tiktok_fe_login_vmok/static/js/async/1775.2141490f.js was preloaded using link preload but not used within a few seconds from the window's load event. Please make sure it has an appropriate `as` value and it is preloaded intentionally. @ https://www.tiktok.com/foryou?lang=en:0
[ 2258559ms] [WARNING] The resource https://sf16-website-login.neutral.ttwstatic.com/obj/tiktok_web_login_static/tiktok/web/tiktok_fe_login_vmok/static/js/async/argus-builder-strategy.3e97a26f.js was preloaded using link preload but not used within a few seconds from the window's load event. Please make sure it has an appropriate `as` value and it is preloaded intentionally. @ https://www.tiktok.com/foryou?lang=en:0
[ 2258559ms] [WARNING] The resource https://sf16-website-login.neutral.ttwstatic.com/obj/tiktok_web_login_static/tiktok/web/tiktok_fe_login_vmok/static/js/async/6869.bf0826a7.js was preloaded using link preload but not used within a few seconds from the window's load event. Please make sure it has an appropriate `as` value and it is preloaded intentionally. @ https://www.tiktok.com/foryou?lang=en:0
[ 2258559ms] [WARNING] The resource https://sf16-website-login.neutral.ttwstatic.com/obj/tiktok_web_login_static/tiktok/web/tiktok_fe_login_vmok/static/js/async/6552.fd94ddd5.js was preloaded using link preload but not used within a few seconds from the window's load event. Please make sure it has an appropriate `as` value and it is preloaded intentionally. @ https://www.tiktok.com/foryou?lang=en:0
[ 2258559ms] [WARNING] The resource https://sf16-website-login.neutral.ttwstatic.com/obj/tiktok_web_login_static/tiktok/web/tiktok_fe_login_vmok/static/js/async/lib-axios.68812c5b.js was preloaded using link preload but not used within a few seconds from the window's load event. Please make sure it has an appropriate `as` value and it is preloaded intentionally. @ https://www.tiktok.com/foryou?lang=en:0
