[    2069ms] [LOG] null @ https://assets.production.linktr.ee/client-brfp/br-fp-script.js:0
[    2138ms] [LOG] consent: versions do not match or cookie missing for LGPD @ https://www.googletagmanager.com/gtm.js?id=GTM-KG6F2MW&gtm_auth=ykvArfGG5mWLsr26T4NKPQ&gtm_preview=env-1&gtm_cookies_win=x:879
[    2139ms] [LOG] consent: versions do not match or cookie missing for CPRA @ https://www.googletagmanager.com/gtm.js?id=GTM-KG6F2MW&gtm_auth=ykvArfGG5mWLsr26T4NKPQ&gtm_preview=env-1&gtm_cookies_win=x:879
[    2140ms] [LOG] consent: versions do not match or cookie missing for Testing Policy @ https://www.googletagmanager.com/gtm.js?id=GTM-KG6F2MW&gtm_auth=ykvArfGG5mWLsr26T4NKPQ&gtm_preview=env-1&gtm_cookies_win=x:879
[    2140ms] [LOG] consent: versions do not match or cookie missing for GDPR @ https://www.googletagmanager.com/gtm.js?id=GTM-KG6F2MW&gtm_auth=ykvArfGG5mWLsr26T4NKPQ&gtm_preview=env-1&gtm_cookies_win=x:879
[    2140ms] [LOG] consent: versions do not match or cookie missing for Global Privacy Rights @ https://www.googletagmanager.com/gtm.js?id=GTM-KG6F2MW&gtm_auth=ykvArfGG5mWLsr26T4NKPQ&gtm_preview=env-1&gtm_cookies_win=x:879
[    2141ms] [LOG] consent: versions do not match or cookie missing for UK-GDPR @ https://www.googletagmanager.com/gtm.js?id=GTM-KG6F2MW&gtm_auth=ykvArfGG5mWLsr26T4NKPQ&gtm_preview=env-1&gtm_cookies_win=x:879
[    2141ms] [LOG] consent: versions do not match or cookie missing for ICDPA @ https://www.googletagmanager.com/gtm.js?id=GTM-KG6F2MW&gtm_auth=ykvArfGG5mWLsr26T4NKPQ&gtm_preview=env-1&gtm_cookies_win=x:879
[    2142ms] [LOG] consent: versions do not match or cookie missing for NDPA @ https://www.googletagmanager.com/gtm.js?id=GTM-KG6F2MW&gtm_auth=ykvArfGG5mWLsr26T4NKPQ&gtm_preview=env-1&gtm_cookies_win=x:879
[    2142ms] [LOG] consent: versions do not match or cookie missing for NHPA @ https://www.googletagmanager.com/gtm.js?id=GTM-KG6F2MW&gtm_auth=ykvArfGG5mWLsr26T4NKPQ&gtm_preview=env-1&gtm_cookies_win=x:879
[    2143ms] [LOG] consent: versions do not match or cookie missing for NJPA @ https://www.googletagmanager.com/gtm.js?id=GTM-KG6F2MW&gtm_auth=ykvArfGG5mWLsr26T4NKPQ&gtm_preview=env-1&gtm_cookies_win=x:879
[    2143ms] [LOG] consent: versions do not match or cookie missing for Maryland Online Data Privacy Act @ https://www.googletagmanager.com/gtm.js?id=GTM-KG6F2MW&gtm_auth=ykvArfGG5mWLsr26T4NKPQ&gtm_preview=env-1&gtm_cookies_win=x:879
[    2144ms] [LOG] consent: versions do not match or cookie missing for Indiana Consumer Data Protection Act (INCPDA) @ https://www.googletagmanager.com/gtm.js?id=GTM-KG6F2MW&gtm_auth=ykvArfGG5mWLsr26T4NKPQ&gtm_preview=env-1&gtm_cookies_win=x:879
[    2144ms] [LOG] consent: versions do not match or cookie missing for DPDPA @ https://www.googletagmanager.com/gtm.js?id=GTM-KG6F2MW&gtm_auth=ykvArfGG5mWLsr26T4NKPQ&gtm_preview=env-1&gtm_cookies_win=x:879
[    2144ms] [LOG] consent: versions do not match or cookie missing for US Standard Policy @ https://www.googletagmanager.com/gtm.js?id=GTM-KG6F2MW&gtm_auth=ykvArfGG5mWLsr26T4NKPQ&gtm_preview=env-1&gtm_cookies_win=x:879
[    2145ms] [LOG] consent: versions do not match or cookie missing for Minnesota Consumer Data Privacy Act @ https://www.googletagmanager.com/gtm.js?id=GTM-KG6F2MW&gtm_auth=ykvArfGG5mWLsr26T4NKPQ&gtm_preview=env-1&gtm_cookies_win=x:879
[    2145ms] [LOG] consent: versions do not match or cookie missing for TIPA @ https://www.googletagmanager.com/gtm.js?id=GTM-KG6F2MW&gtm_auth=ykvArfGG5mWLsr26T4NKPQ&gtm_preview=env-1&gtm_cookies_win=x:879
[    2146ms] [LOG] consent: versions do not match or cookie missing for Kentucky Consumer Data Protection Act (KCDPA) @ https://www.googletagmanager.com/gtm.js?id=GTM-KG6F2MW&gtm_auth=ykvArfGG5mWLsr26T4NKPQ&gtm_preview=env-1&gtm_cookies_win=x:879
[    2146ms] [LOG] consent: versions do not match or cookie missing for Rhode Island Data Transparency and Privacy Protection Act (RIDTPPA) @ https://www.googletagmanager.com/gtm.js?id=GTM-KG6F2MW&gtm_auth=ykvArfGG5mWLsr26T4NKPQ&gtm_preview=env-1&gtm_cookies_win=x:879
[    2953ms] [LOG] UET GTM listening for consent updates @ https://www.googletagmanager.com/gtm.js?id=GTM-KG6F2MW&gtm_auth=ykvArfGG5mWLsr26T4NKPQ&gtm_preview=env-1&gtm_cookies_win=x:879
[    3133ms] [INFO] Step "Signup page" is waiting  {screen: Object, status: waiting, stepId: 21, stepName: Signup page, action: } @ https://linktr.ee/universal-login/assets/index-CLP1fvgE.js:5
[    3136ms] [LOG] Screen update: {screenName: Signup page, context: Object, next: } @ https://linktr.ee/universal-login/assets/index-DTjjboUy.js:79
[    3472ms] [ERROR] Failed to load resource: the server responded with a status of 404 () @ https://linktr.ee/vite.svg:0
[    8139ms] [WARNING] SDK scripts loading timeout  @ https://linktr.ee/universal-login/assets/index-CLP1fvgE.js:5
[   21703ms] [INFO] Step "Choose username(email otp signup)" is waiting  {screen: Object, status: waiting, stepId: 22, stepName: Choose username(email otp signup), action: } @ https://linktr.ee/universal-login/assets/index-CLP1fvgE.js:5
[   21705ms] [LOG] Screen update: {screenName: Choose username(email otp signup), context: Object, next: } @ https://linktr.ee/universal-login/assets/index-DTjjboUy.js:79
[   22671ms] [INFO] Step "Choose username(email otp signup)" is waiting  {screen: Object, status: waiting, stepId: 22, stepName: Choose username(email otp signup), action: } @ https://linktr.ee/universal-login/assets/index-CLP1fvgE.js:5
[   22674ms] [LOG] Screen update: {screenName: Choose username(email otp signup), context: Object, next: } @ https://linktr.ee/universal-login/assets/index-DTjjboUy.js:79
[   42495ms] [INFO] Step "Choose username(email otp signup)" is waiting  {screen: Object, status: waiting, stepId: 22, stepName: Choose username(email otp signup), action: } @ https://linktr.ee/universal-login/assets/index-CLP1fvgE.js:5
[   42498ms] [LOG] Screen update: {screenName: Choose username(email otp signup), context: Object, next: } @ https://linktr.ee/universal-login/assets/index-DTjjboUy.js:79
[   49761ms] [INFO] Step "Verify OTP(signup)" is waiting  {screen: Object, status: waiting, stepId: 27, stepName: Verify OTP(signup), action: } @ https://linktr.ee/universal-login/assets/index-CLP1fvgE.js:5
[   49765ms] [LOG] Screen update: {screenName: Verify OTP(signup), context: Object, next: } @ https://linktr.ee/universal-login/assets/index-DTjjboUy.js:79
[   54764ms] [WARNING] SDK scripts loading timeout  @ https://linktr.ee/universal-login/assets/index-CLP1fvgE.js:5
[  141624ms] [INFO] Step "Signup page" is waiting  {screen: Object, status: waiting, stepId: 21, stepName: Signup page, action: } @ https://linktr.ee/universal-login/assets/index-CLP1fvgE.js:5
[  141627ms] [LOG] Screen update: {screenName: Signup page, context: Object, next: } @ https://linktr.ee/universal-login/assets/index-DTjjboUy.js:79
[  146632ms] [WARNING] SDK scripts loading timeout  @ https://linktr.ee/universal-login/assets/index-CLP1fvgE.js:5
[  172738ms] [INFO] Step "Choose username(email otp signup)" is waiting  {screen: Object, status: waiting, stepId: 22, stepName: Choose username(email otp signup), action: } @ https://linktr.ee/universal-login/assets/index-CLP1fvgE.js:5
[  172740ms] [LOG] Screen update: {screenName: Choose username(email otp signup), context: Object, next: } @ https://linktr.ee/universal-login/assets/index-DTjjboUy.js:79
[  173716ms] [INFO] Step "Choose username(email otp signup)" is waiting  {screen: Object, status: waiting, stepId: 22, stepName: Choose username(email otp signup), action: } @ https://linktr.ee/universal-login/assets/index-CLP1fvgE.js:5
[  173717ms] [LOG] Screen update: {screenName: Choose username(email otp signup), context: Object, next: } @ https://linktr.ee/universal-login/assets/index-DTjjboUy.js:79
[  185422ms] [INFO] Step "Choose username(email otp signup)" is waiting  {screen: Object, status: waiting, stepId: 22, stepName: Choose username(email otp signup), action: } @ https://linktr.ee/universal-login/assets/index-CLP1fvgE.js:5
[  185422ms] [LOG] Screen update: {screenName: Choose username(email otp signup), context: Object, next: } @ https://linktr.ee/universal-login/assets/index-DTjjboUy.js:79
[  189252ms] [INFO] Step "Choose username(email otp signup)" is waiting  {screen: Object, status: waiting, stepId: 22, stepName: Choose username(email otp signup), action: } @ https://linktr.ee/universal-login/assets/index-CLP1fvgE.js:5
[  189253ms] [LOG] Screen update: {screenName: Choose username(email otp signup), context: Object, next: } @ https://linktr.ee/universal-login/assets/index-DTjjboUy.js:79
[  190185ms] [INFO] Step "Choose username(email otp signup)" is waiting  {screen: Object, status: waiting, stepId: 22, stepName: Choose username(email otp signup), action: } @ https://linktr.ee/universal-login/assets/index-CLP1fvgE.js:5
[  190186ms] [LOG] Screen update: {screenName: Choose username(email otp signup), context: Object, next: } @ https://linktr.ee/universal-login/assets/index-DTjjboUy.js:79
[  190984ms] [INFO] Step "Choose username(email otp signup)" is waiting  {screen: Object, status: waiting, stepId: 22, stepName: Choose username(email otp signup), action: } @ https://linktr.ee/universal-login/assets/index-CLP1fvgE.js:5
[  190984ms] [LOG] Screen update: {screenName: Choose username(email otp signup), context: Object, next: } @ https://linktr.ee/universal-login/assets/index-DTjjboUy.js:79
[  192508ms] [INFO] Step "Choose username(email otp signup)" is waiting  {screen: Object, status: waiting, stepId: 22, stepName: Choose username(email otp signup), action: } @ https://linktr.ee/universal-login/assets/index-CLP1fvgE.js:5
[  192509ms] [LOG] Screen update: {screenName: Choose username(email otp signup), context: Object, next: } @ https://linktr.ee/universal-login/assets/index-DTjjboUy.js:79
[  193187ms] [INFO] Step "Verify OTP(signup)" is waiting  {screen: Object, status: waiting, stepId: 27, stepName: Verify OTP(signup), action: } @ https://linktr.ee/universal-login/assets/index-CLP1fvgE.js:5
[  193188ms] [LOG] Screen update: {screenName: Verify OTP(signup), context: Object, next: } @ https://linktr.ee/universal-login/assets/index-DTjjboUy.js:79
[  198199ms] [WARNING] SDK scripts loading timeout  @ https://linktr.ee/universal-login/assets/index-CLP1fvgE.js:5
[  225891ms] [INFO] Step "#" is waiting  {screen: Object, status: waiting, stepId: , stepName: , action: redirect} @ https://linktr.ee/universal-login/assets/index-CLP1fvgE.js:5
[  234720ms] [WARNING] [Meta Pixel] - Duplicate Pixel ID: 558811507626827. @ https://connect.facebook.net/en_US/fbevents.js:183
[  234994ms] [WARNING] pixel already configured. @ https://pixel.byspotify.com/ping.min.js:0
[  240460ms] [WARNING] pixel already configured. @ https://cdn.pdst.fm/ping.min.js:0
[  240884ms] [LOG] Download the Apollo DevTools for a better development experience: %s https://chrome.google.com/webstore/detail/apollo-client-developer-t/jdkknkkbebbapilgoeccciglkfbmbnfm @ https://assets.production.linktr.ee/mfe-onboarding/static/js/async/716.57989.js:12
[  245588ms] [WARNING] The resource https://assets.production.linktr.ee/profile-preview/latest/vendors-node_modules_datadog_browser-logs_esm_entries_main_js-node_modules_iframe-resizer_rea-203a64-d294e595e4283d43e9e7.js was preloaded using link preload but not used within a few seconds from the window's load event. Please make sure it has an appropriate `as` value and it is preloaded intentionally. @ https://linktr.ee/register/select-plan?freeTrialEntryPoint=ON_SIGNUP&freeTrial=true:0
[  245588ms] [WARNING] The resource https://assets.production.linktr.ee/mfe-onboarding/static/css/async/9173.7f3b0c21.css was preloaded using link preload but not used within a few seconds from the window's load event. Please make sure it has an appropriate `as` value and it is preloaded intentionally. @ https://linktr.ee/register/select-plan?freeTrialEntryPoint=ON_SIGNUP&freeTrial=true:0
[  245588ms] [WARNING] The resource https://assets.production.linktr.ee/mfe-onboarding/static/js/async/5764.57989.js was preloaded using link preload but not used within a few seconds from the window's load event. Please make sure it has an appropriate `as` value and it is preloaded intentionally. @ https://linktr.ee/register/select-plan?freeTrialEntryPoint=ON_SIGNUP&freeTrial=true:0
[  245588ms] [WARNING] The resource https://assets.production.linktr.ee/mfe-onboarding/static/js/async/8158.57989.js was preloaded using link preload but not used within a few seconds from the window's load event. Please make sure it has an appropriate `as` value and it is preloaded intentionally. @ https://linktr.ee/register/select-plan?freeTrialEntryPoint=ON_SIGNUP&freeTrial=true:0
[  245588ms] [WARNING] The resource https://assets.production.linktr.ee/mfe-onboarding/static/css/async/5764.7f3b0c21.css was preloaded using link preload but not used within a few seconds from the window's load event. Please make sure it has an appropriate `as` value and it is preloaded intentionally. @ https://linktr.ee/register/select-plan?freeTrialEntryPoint=ON_SIGNUP&freeTrial=true:0
[  245588ms] [WARNING] The resource https://assets.production.linktr.ee/mfe-onboarding/static/js/async/9173.57989.js was preloaded using link preload but not used within a few seconds from the window's load event. Please make sure it has an appropriate `as` value and it is preloaded intentionally. @ https://linktr.ee/register/select-plan?freeTrialEntryPoint=ON_SIGNUP&freeTrial=true:0
[  245588ms] [WARNING] The resource https://assets.production.linktr.ee/mfe-onboarding/static/js/async/812.57989.js was preloaded using link preload but not used within a few seconds from the window's load event. Please make sure it has an appropriate `as` value and it is preloaded intentionally. @ https://linktr.ee/register/select-plan?freeTrialEntryPoint=ON_SIGNUP&freeTrial=true:0
[  245588ms] [WARNING] The resource https://assets.production.linktr.ee/mfe-onboarding/static/js/async/2562.57989.js was preloaded using link preload but not used within a few seconds from the window's load event. Please make sure it has an appropriate `as` value and it is preloaded intentionally. @ https://linktr.ee/register/select-plan?freeTrialEntryPoint=ON_SIGNUP&freeTrial=true:0
[  245588ms] [WARNING] The resource https://assets.production.linktr.ee/profile-preview/latest/__federation_expose_preview-4b77e3dc65698b415ac3.js was preloaded using link preload but not used within a few seconds from the window's load event. Please make sure it has an appropriate `as` value and it is preloaded intentionally. @ https://linktr.ee/register/select-plan?freeTrialEntryPoint=ON_SIGNUP&freeTrial=true:0
[  248795ms] [WARNING] The resource https://assets.production.linktr.ee/profile-preview/latest/vendors-node_modules_datadog_browser-logs_esm_entries_main_js-node_modules_iframe-resizer_rea-203a64-d294e595e4283d43e9e7.js was preloaded using link preload but not used within a few seconds from the window's load event. Please make sure it has an appropriate `as` value and it is preloaded intentionally. @ https://linktr.ee/register/select-plan?freeTrialEntryPoint=ON_SIGNUP&freeTrial=true:0
[  248810ms] [WARNING] The resource https://assets.production.linktr.ee/mfe-onboarding/static/css/async/9173.7f3b0c21.css was preloaded using link preload but not used within a few seconds from the window's load event. Please make sure it has an appropriate `as` value and it is preloaded intentionally. @ https://linktr.ee/register/select-plan?freeTrialEntryPoint=ON_SIGNUP&freeTrial=true:0
[  248817ms] [WARNING] The resource https://assets.production.linktr.ee/mfe-onboarding/static/js/async/5764.57989.js was preloaded using link preload but not used within a few seconds from the window's load event. Please make sure it has an appropriate `as` value and it is preloaded intentionally. @ https://linktr.ee/register/select-plan?freeTrialEntryPoint=ON_SIGNUP&freeTrial=true:0
[  248818ms] [WARNING] The resource https://assets.production.linktr.ee/mfe-onboarding/static/js/async/8158.57989.js was preloaded using link preload but not used within a few seconds from the window's load event. Please make sure it has an appropriate `as` value and it is preloaded intentionally. @ https://linktr.ee/register/select-plan?freeTrialEntryPoint=ON_SIGNUP&freeTrial=true:0
[  248818ms] [WARNING] The resource https://assets.production.linktr.ee/mfe-onboarding/static/css/async/5764.7f3b0c21.css was preloaded using link preload but not used within a few seconds from the window's load event. Please make sure it has an appropriate `as` value and it is preloaded intentionally. @ https://linktr.ee/register/select-plan?freeTrialEntryPoint=ON_SIGNUP&freeTrial=true:0
[  248818ms] [WARNING] The resource https://assets.production.linktr.ee/mfe-onboarding/static/js/async/9173.57989.js was preloaded using link preload but not used within a few seconds from the window's load event. Please make sure it has an appropriate `as` value and it is preloaded intentionally. @ https://linktr.ee/register/select-plan?freeTrialEntryPoint=ON_SIGNUP&freeTrial=true:0
[  248818ms] [WARNING] The resource https://assets.production.linktr.ee/mfe-onboarding/static/js/async/812.57989.js was preloaded using link preload but not used within a few seconds from the window's load event. Please make sure it has an appropriate `as` value and it is preloaded intentionally. @ https://linktr.ee/register/select-plan?freeTrialEntryPoint=ON_SIGNUP&freeTrial=true:0
[  248820ms] [WARNING] The resource https://assets.production.linktr.ee/mfe-onboarding/static/js/async/2562.57989.js was preloaded using link preload but not used within a few seconds from the window's load event. Please make sure it has an appropriate `as` value and it is preloaded intentionally. @ https://linktr.ee/register/select-plan?freeTrialEntryPoint=ON_SIGNUP&freeTrial=true:0
[  248820ms] [WARNING] The resource https://assets.production.linktr.ee/profile-preview/latest/__federation_expose_preview-4b77e3dc65698b415ac3.js was preloaded using link preload but not used within a few seconds from the window's load event. Please make sure it has an appropriate `as` value and it is preloaded intentionally. @ https://linktr.ee/register/select-plan?freeTrialEntryPoint=ON_SIGNUP&freeTrial=true:0
[  264512ms] [WARNING] The resource https://assets.production.linktr.ee/profile-preview/latest/vendors-node_modules_datadog_browser-logs_esm_entries_main_js-node_modules_iframe-resizer_rea-203a64-d294e595e4283d43e9e7.js was preloaded using link preload but not used within a few seconds from the window's load event. Please make sure it has an appropriate `as` value and it is preloaded intentionally. @ https://linktr.ee/register/select-plan?freeTrialEntryPoint=ON_SIGNUP&freeTrial=true:0
[  264512ms] [WARNING] The resource https://assets.production.linktr.ee/mfe-onboarding/static/css/async/9173.7f3b0c21.css was preloaded using link preload but not used within a few seconds from the window's load event. Please make sure it has an appropriate `as` value and it is preloaded intentionally. @ https://linktr.ee/register/select-plan?freeTrialEntryPoint=ON_SIGNUP&freeTrial=true:0
[  264512ms] [WARNING] The resource https://assets.production.linktr.ee/mfe-onboarding/static/js/async/5764.57989.js was preloaded using link preload but not used within a few seconds from the window's load event. Please make sure it has an appropriate `as` value and it is preloaded intentionally. @ https://linktr.ee/register/select-plan?freeTrialEntryPoint=ON_SIGNUP&freeTrial=true:0
[  264513ms] [WARNING] The resource https://assets.production.linktr.ee/mfe-onboarding/static/js/async/8158.57989.js was preloaded using link preload but not used within a few seconds from the window's load event. Please make sure it has an appropriate `as` value and it is preloaded intentionally. @ https://linktr.ee/register/select-plan?freeTrialEntryPoint=ON_SIGNUP&freeTrial=true:0
[  264513ms] [WARNING] The resource https://assets.production.linktr.ee/mfe-onboarding/static/css/async/5764.7f3b0c21.css was preloaded using link preload but not used within a few seconds from the window's load event. Please make sure it has an appropriate `as` value and it is preloaded intentionally. @ https://linktr.ee/register/select-plan?freeTrialEntryPoint=ON_SIGNUP&freeTrial=true:0
[  264515ms] [WARNING] The resource https://assets.production.linktr.ee/mfe-onboarding/static/js/async/9173.57989.js was preloaded using link preload but not used within a few seconds from the window's load event. Please make sure it has an appropriate `as` value and it is preloaded intentionally. @ https://linktr.ee/register/select-plan?freeTrialEntryPoint=ON_SIGNUP&freeTrial=true:0
[  264516ms] [WARNING] The resource https://assets.production.linktr.ee/mfe-onboarding/static/js/async/812.57989.js was preloaded using link preload but not used within a few seconds from the window's load event. Please make sure it has an appropriate `as` value and it is preloaded intentionally. @ https://linktr.ee/register/select-plan?freeTrialEntryPoint=ON_SIGNUP&freeTrial=true:0
[  264517ms] [WARNING] The resource https://assets.production.linktr.ee/mfe-onboarding/static/js/async/2562.57989.js was preloaded using link preload but not used within a few seconds from the window's load event. Please make sure it has an appropriate `as` value and it is preloaded intentionally. @ https://linktr.ee/register/select-plan?freeTrialEntryPoint=ON_SIGNUP&freeTrial=true:0
[  264517ms] [WARNING] The resource https://assets.production.linktr.ee/profile-preview/latest/__federation_expose_preview-4b77e3dc65698b415ac3.js was preloaded using link preload but not used within a few seconds from the window's load event. Please make sure it has an appropriate `as` value and it is preloaded intentionally. @ https://linktr.ee/register/select-plan?freeTrialEntryPoint=ON_SIGNUP&freeTrial=true:0
[  268838ms] [WARNING] The resource https://assets.production.linktr.ee/profile-preview/latest/vendors-node_modules_datadog_browser-logs_esm_entries_main_js-node_modules_iframe-resizer_rea-203a64-d294e595e4283d43e9e7.js was preloaded using link preload but not used within a few seconds from the window's load event. Please make sure it has an appropriate `as` value and it is preloaded intentionally. @ https://linktr.ee/register/select-plan?freeTrialEntryPoint=ON_SIGNUP&freeTrial=true:0
[  268839ms] [WARNING] The resource https://assets.production.linktr.ee/mfe-onboarding/static/css/async/9173.7f3b0c21.css was preloaded using link preload but not used within a few seconds from the window's load event. Please make sure it has an appropriate `as` value and it is preloaded intentionally. @ https://linktr.ee/register/select-plan?freeTrialEntryPoint=ON_SIGNUP&freeTrial=true:0
[  268840ms] [WARNING] The resource https://assets.production.linktr.ee/mfe-onboarding/static/js/async/5764.57989.js was preloaded using link preload but not used within a few seconds from the window's load event. Please make sure it has an appropriate `as` value and it is preloaded intentionally. @ https://linktr.ee/register/select-plan?freeTrialEntryPoint=ON_SIGNUP&freeTrial=true:0
[  268840ms] [WARNING] The resource https://assets.production.linktr.ee/mfe-onboarding/static/js/async/8158.57989.js was preloaded using link preload but not used within a few seconds from the window's load event. Please make sure it has an appropriate `as` value and it is preloaded intentionally. @ https://linktr.ee/register/select-plan?freeTrialEntryPoint=ON_SIGNUP&freeTrial=true:0
[  268842ms] [WARNING] The resource https://assets.production.linktr.ee/mfe-onboarding/static/css/async/5764.7f3b0c21.css was preloaded using link preload but not used within a few seconds from the window's load event. Please make sure it has an appropriate `as` value and it is preloaded intentionally. @ https://linktr.ee/register/select-plan?freeTrialEntryPoint=ON_SIGNUP&freeTrial=true:0
[  268842ms] [WARNING] The resource https://assets.production.linktr.ee/mfe-onboarding/static/js/async/9173.57989.js was preloaded using link preload but not used within a few seconds from the window's load event. Please make sure it has an appropriate `as` value and it is preloaded intentionally. @ https://linktr.ee/register/select-plan?freeTrialEntryPoint=ON_SIGNUP&freeTrial=true:0
[  268842ms] [WARNING] The resource https://assets.production.linktr.ee/mfe-onboarding/static/js/async/812.57989.js was preloaded using link preload but not used within a few seconds from the window's load event. Please make sure it has an appropriate `as` value and it is preloaded intentionally. @ https://linktr.ee/register/select-plan?freeTrialEntryPoint=ON_SIGNUP&freeTrial=true:0
[  268843ms] [WARNING] The resource https://assets.production.linktr.ee/mfe-onboarding/static/js/async/2562.57989.js was preloaded using link preload but not used within a few seconds from the window's load event. Please make sure it has an appropriate `as` value and it is preloaded intentionally. @ https://linktr.ee/register/select-plan?freeTrialEntryPoint=ON_SIGNUP&freeTrial=true:0
[  268843ms] [WARNING] The resource https://assets.production.linktr.ee/profile-preview/latest/__federation_expose_preview-4b77e3dc65698b415ac3.js was preloaded using link preload but not used within a few seconds from the window's load event. Please make sure it has an appropriate `as` value and it is preloaded intentionally. @ https://linktr.ee/register/select-plan?freeTrialEntryPoint=ON_SIGNUP&freeTrial=true:0
[  272574ms] [WARNING] pixel already configured. @ https://cdn.pdst.fm/ping.min.js:0
[  273135ms] [WARNING] [Pixel SDK Warning] Unsupported event type: 'sign_up'. Supported events are: configure, conf, click, view, alias, signup, custom, product, purchase, addtocart, checkout, lead, custom_event_1, custom_event_2, custom_event_3, custom_event_4, custom_event_5 @ https://cdn.pdst.fm/ping.min.js:0
[  273170ms] [WARNING] pixel already configured. @ https://cdn.pdst.fm/ping.min.js:0
[  273173ms] [WARNING] pixel already configured. @ https://cdn.pdst.fm/ping.min.js:0
[  273308ms] [WARNING] pixel already configured. @ https://cdn.pdst.fm/ping.min.js:0
[  279449ms] [WARNING] The resource https://assets.production.linktr.ee/profile-preview/latest/vendors-node_modules_datadog_browser-logs_esm_entries_main_js-node_modules_iframe-resizer_rea-203a64-d294e595e4283d43e9e7.js was preloaded using link preload but not used within a few seconds from the window's load event. Please make sure it has an appropriate `as` value and it is preloaded intentionally. @ https://linktr.ee/register/select-categories?freeTrialEntryPoint=ON_SIGNUP:0
[  279449ms] [WARNING] The resource https://assets.production.linktr.ee/mfe-onboarding/static/css/async/9173.7f3b0c21.css was preloaded using link preload but not used within a few seconds from the window's load event. Please make sure it has an appropriate `as` value and it is preloaded intentionally. @ https://linktr.ee/register/select-categories?freeTrialEntryPoint=ON_SIGNUP:0
[  279449ms] [WARNING] The resource https://assets.production.linktr.ee/mfe-onboarding/static/js/async/5764.57989.js was preloaded using link preload but not used within a few seconds from the window's load event. Please make sure it has an appropriate `as` value and it is preloaded intentionally. @ https://linktr.ee/register/select-categories?freeTrialEntryPoint=ON_SIGNUP:0
[  279449ms] [WARNING] The resource https://assets.production.linktr.ee/mfe-onboarding/static/js/async/8158.57989.js was preloaded using link preload but not used within a few seconds from the window's load event. Please make sure it has an appropriate `as` value and it is preloaded intentionally. @ https://linktr.ee/register/select-categories?freeTrialEntryPoint=ON_SIGNUP:0
[  279449ms] [WARNING] The resource https://assets.production.linktr.ee/mfe-onboarding/static/css/async/5764.7f3b0c21.css was preloaded using link preload but not used within a few seconds from the window's load event. Please make sure it has an appropriate `as` value and it is preloaded intentionally. @ https://linktr.ee/register/select-categories?freeTrialEntryPoint=ON_SIGNUP:0
[  279449ms] [WARNING] The resource https://assets.production.linktr.ee/mfe-onboarding/static/js/async/9173.57989.js was preloaded using link preload but not used within a few seconds from the window's load event. Please make sure it has an appropriate `as` value and it is preloaded intentionally. @ https://linktr.ee/register/select-categories?freeTrialEntryPoint=ON_SIGNUP:0
[  279450ms] [WARNING] The resource https://assets.production.linktr.ee/mfe-onboarding/static/js/async/812.57989.js was preloaded using link preload but not used within a few seconds from the window's load event. Please make sure it has an appropriate `as` value and it is preloaded intentionally. @ https://linktr.ee/register/select-categories?freeTrialEntryPoint=ON_SIGNUP:0
[  279450ms] [WARNING] The resource https://assets.production.linktr.ee/mfe-onboarding/static/js/async/2562.57989.js was preloaded using link preload but not used within a few seconds from the window's load event. Please make sure it has an appropriate `as` value and it is preloaded intentionally. @ https://linktr.ee/register/select-categories?freeTrialEntryPoint=ON_SIGNUP:0
[  279450ms] [WARNING] The resource https://assets.production.linktr.ee/profile-preview/latest/__federation_expose_preview-4b77e3dc65698b415ac3.js was preloaded using link preload but not used within a few seconds from the window's load event. Please make sure it has an appropriate `as` value and it is preloaded intentionally. @ https://linktr.ee/register/select-categories?freeTrialEntryPoint=ON_SIGNUP:0
[  289338ms] [WARNING] The resource https://assets.production.linktr.ee/profile-preview/latest/vendors-node_modules_datadog_browser-logs_esm_entries_main_js-node_modules_iframe-resizer_rea-203a64-d294e595e4283d43e9e7.js was preloaded using link preload but not used within a few seconds from the window's load event. Please make sure it has an appropriate `as` value and it is preloaded intentionally. @ https://linktr.ee/register/select-categories?freeTrialEntryPoint=ON_SIGNUP:0
[  289339ms] [WARNING] The resource https://assets.production.linktr.ee/mfe-onboarding/static/css/async/9173.7f3b0c21.css was preloaded using link preload but not used within a few seconds from the window's load event. Please make sure it has an appropriate `as` value and it is preloaded intentionally. @ https://linktr.ee/register/select-categories?freeTrialEntryPoint=ON_SIGNUP:0
[  289339ms] [WARNING] The resource https://assets.production.linktr.ee/mfe-onboarding/static/js/async/5764.57989.js was preloaded using link preload but not used within a few seconds from the window's load event. Please make sure it has an appropriate `as` value and it is preloaded intentionally. @ https://linktr.ee/register/select-categories?freeTrialEntryPoint=ON_SIGNUP:0
[  289339ms] [WARNING] The resource https://assets.production.linktr.ee/mfe-onboarding/static/js/async/8158.57989.js was preloaded using link preload but not used within a few seconds from the window's load event. Please make sure it has an appropriate `as` value and it is preloaded intentionally. @ https://linktr.ee/register/select-categories?freeTrialEntryPoint=ON_SIGNUP:0
[  289339ms] [WARNING] The resource https://assets.production.linktr.ee/mfe-onboarding/static/css/async/5764.7f3b0c21.css was preloaded using link preload but not used within a few seconds from the window's load event. Please make sure it has an appropriate `as` value and it is preloaded intentionally. @ https://linktr.ee/register/select-categories?freeTrialEntryPoint=ON_SIGNUP:0
[  289339ms] [WARNING] The resource https://assets.production.linktr.ee/mfe-onboarding/static/js/async/9173.57989.js was preloaded using link preload but not used within a few seconds from the window's load event. Please make sure it has an appropriate `as` value and it is preloaded intentionally. @ https://linktr.ee/register/select-categories?freeTrialEntryPoint=ON_SIGNUP:0
[  289339ms] [WARNING] The resource https://assets.production.linktr.ee/mfe-onboarding/static/js/async/812.57989.js was preloaded using link preload but not used within a few seconds from the window's load event. Please make sure it has an appropriate `as` value and it is preloaded intentionally. @ https://linktr.ee/register/select-categories?freeTrialEntryPoint=ON_SIGNUP:0
[  289340ms] [WARNING] The resource https://assets.production.linktr.ee/mfe-onboarding/static/js/async/2562.57989.js was preloaded using link preload but not used within a few seconds from the window's load event. Please make sure it has an appropriate `as` value and it is preloaded intentionally. @ https://linktr.ee/register/select-categories?freeTrialEntryPoint=ON_SIGNUP:0
[  289340ms] [WARNING] The resource https://assets.production.linktr.ee/profile-preview/latest/__federation_expose_preview-4b77e3dc65698b415ac3.js was preloaded using link preload but not used within a few seconds from the window's load event. Please make sure it has an appropriate `as` value and it is preloaded intentionally. @ https://linktr.ee/register/select-categories?freeTrialEntryPoint=ON_SIGNUP:0
[  291991ms] [WARNING] pixel already configured. @ https://cdn.pdst.fm/ping.min.js:0
[  299501ms] [WARNING] The resource https://assets.production.linktr.ee/profile-preview/latest/vendors-node_modules_datadog_browser-logs_esm_entries_main_js-node_modules_iframe-resizer_rea-203a64-d294e595e4283d43e9e7.js was preloaded using link preload but not used within a few seconds from the window's load event. Please make sure it has an appropriate `as` value and it is preloaded intentionally. @ https://linktr.ee/register/select-template?freeTrialEntryPoint=ON_SIGNUP:0
[  299501ms] [WARNING] The resource https://assets.production.linktr.ee/mfe-onboarding/static/css/async/9173.7f3b0c21.css was preloaded using link preload but not used within a few seconds from the window's load event. Please make sure it has an appropriate `as` value and it is preloaded intentionally. @ https://linktr.ee/register/select-template?freeTrialEntryPoint=ON_SIGNUP:0
[  299501ms] [WARNING] The resource https://assets.production.linktr.ee/mfe-onboarding/static/js/async/5764.57989.js was preloaded using link preload but not used within a few seconds from the window's load event. Please make sure it has an appropriate `as` value and it is preloaded intentionally. @ https://linktr.ee/register/select-template?freeTrialEntryPoint=ON_SIGNUP:0
[  299501ms] [WARNING] The resource https://assets.production.linktr.ee/mfe-onboarding/static/js/async/8158.57989.js was preloaded using link preload but not used within a few seconds from the window's load event. Please make sure it has an appropriate `as` value and it is preloaded intentionally. @ https://linktr.ee/register/select-template?freeTrialEntryPoint=ON_SIGNUP:0
[  299501ms] [WARNING] The resource https://assets.production.linktr.ee/mfe-onboarding/static/css/async/5764.7f3b0c21.css was preloaded using link preload but not used within a few seconds from the window's load event. Please make sure it has an appropriate `as` value and it is preloaded intentionally. @ https://linktr.ee/register/select-template?freeTrialEntryPoint=ON_SIGNUP:0
[  299501ms] [WARNING] The resource https://assets.production.linktr.ee/mfe-onboarding/static/js/async/9173.57989.js was preloaded using link preload but not used within a few seconds from the window's load event. Please make sure it has an appropriate `as` value and it is preloaded intentionally. @ https://linktr.ee/register/select-template?freeTrialEntryPoint=ON_SIGNUP:0
[  299501ms] [WARNING] The resource https://assets.production.linktr.ee/mfe-onboarding/static/js/async/812.57989.js was preloaded using link preload but not used within a few seconds from the window's load event. Please make sure it has an appropriate `as` value and it is preloaded intentionally. @ https://linktr.ee/register/select-template?freeTrialEntryPoint=ON_SIGNUP:0
[  299501ms] [WARNING] The resource https://assets.production.linktr.ee/mfe-onboarding/static/js/async/2562.57989.js was preloaded using link preload but not used within a few seconds from the window's load event. Please make sure it has an appropriate `as` value and it is preloaded intentionally. @ https://linktr.ee/register/select-template?freeTrialEntryPoint=ON_SIGNUP:0
[  299501ms] [WARNING] The resource https://assets.production.linktr.ee/profile-preview/latest/__federation_expose_preview-4b77e3dc65698b415ac3.js was preloaded using link preload but not used within a few seconds from the window's load event. Please make sure it has an appropriate `as` value and it is preloaded intentionally. @ https://linktr.ee/register/select-template?freeTrialEntryPoint=ON_SIGNUP:0
[  306463ms] [WARNING] The resource https://assets.production.linktr.ee/profile-preview/latest/vendors-node_modules_datadog_browser-logs_esm_entries_main_js-node_modules_iframe-resizer_rea-203a64-d294e595e4283d43e9e7.js was preloaded using link preload but not used within a few seconds from the window's load event. Please make sure it has an appropriate `as` value and it is preloaded intentionally. @ https://linktr.ee/register/select-template?freeTrialEntryPoint=ON_SIGNUP:0
[  306464ms] [WARNING] The resource https://assets.production.linktr.ee/mfe-onboarding/static/css/async/9173.7f3b0c21.css was preloaded using link preload but not used within a few seconds from the window's load event. Please make sure it has an appropriate `as` value and it is preloaded intentionally. @ https://linktr.ee/register/select-template?freeTrialEntryPoint=ON_SIGNUP:0
[  306465ms] [WARNING] The resource https://assets.production.linktr.ee/mfe-onboarding/static/js/async/5764.57989.js was preloaded using link preload but not used within a few seconds from the window's load event. Please make sure it has an appropriate `as` value and it is preloaded intentionally. @ https://linktr.ee/register/select-template?freeTrialEntryPoint=ON_SIGNUP:0
[  306465ms] [WARNING] The resource https://assets.production.linktr.ee/mfe-onboarding/static/js/async/8158.57989.js was preloaded using link preload but not used within a few seconds from the window's load event. Please make sure it has an appropriate `as` value and it is preloaded intentionally. @ https://linktr.ee/register/select-template?freeTrialEntryPoint=ON_SIGNUP:0
[  306468ms] [WARNING] The resource https://assets.production.linktr.ee/mfe-onboarding/static/css/async/5764.7f3b0c21.css was preloaded using link preload but not used within a few seconds from the window's load event. Please make sure it has an appropriate `as` value and it is preloaded intentionally. @ https://linktr.ee/register/select-template?freeTrialEntryPoint=ON_SIGNUP:0
[  306471ms] [WARNING] The resource https://assets.production.linktr.ee/mfe-onboarding/static/js/async/9173.57989.js was preloaded using link preload but not used within a few seconds from the window's load event. Please make sure it has an appropriate `as` value and it is preloaded intentionally. @ https://linktr.ee/register/select-template?freeTrialEntryPoint=ON_SIGNUP:0
[  306472ms] [WARNING] The resource https://assets.production.linktr.ee/mfe-onboarding/static/js/async/812.57989.js was preloaded using link preload but not used within a few seconds from the window's load event. Please make sure it has an appropriate `as` value and it is preloaded intentionally. @ https://linktr.ee/register/select-template?freeTrialEntryPoint=ON_SIGNUP:0
[  306473ms] [WARNING] The resource https://assets.production.linktr.ee/mfe-onboarding/static/js/async/2562.57989.js was preloaded using link preload but not used within a few seconds from the window's load event. Please make sure it has an appropriate `as` value and it is preloaded intentionally. @ https://linktr.ee/register/select-template?freeTrialEntryPoint=ON_SIGNUP:0
[  306474ms] [WARNING] The resource https://assets.production.linktr.ee/profile-preview/latest/__federation_expose_preview-4b77e3dc65698b415ac3.js was preloaded using link preload but not used within a few seconds from the window's load event. Please make sure it has an appropriate `as` value and it is preloaded intentionally. @ https://linktr.ee/register/select-template?freeTrialEntryPoint=ON_SIGNUP:0
[  309367ms] [WARNING] pixel already configured. @ https://cdn.pdst.fm/ping.min.js:0
[  314544ms] [WARNING] The resource https://assets.production.linktr.ee/profile-preview/latest/vendors-node_modules_datadog_browser-logs_esm_entries_main_js-node_modules_iframe-resizer_rea-203a64-d294e595e4283d43e9e7.js was preloaded using link preload but not used within a few seconds from the window's load event. Please make sure it has an appropriate `as` value and it is preloaded intentionally. @ https://linktr.ee/register/select-platforms?freeTrialEntryPoint=ON_SIGNUP:0
[  314544ms] [WARNING] The resource https://assets.production.linktr.ee/mfe-onboarding/static/css/async/9173.7f3b0c21.css was preloaded using link preload but not used within a few seconds from the window's load event. Please make sure it has an appropriate `as` value and it is preloaded intentionally. @ https://linktr.ee/register/select-platforms?freeTrialEntryPoint=ON_SIGNUP:0
[  314544ms] [WARNING] The resource https://assets.production.linktr.ee/mfe-onboarding/static/js/async/5764.57989.js was preloaded using link preload but not used within a few seconds from the window's load event. Please make sure it has an appropriate `as` value and it is preloaded intentionally. @ https://linktr.ee/register/select-platforms?freeTrialEntryPoint=ON_SIGNUP:0
[  314544ms] [WARNING] The resource https://assets.production.linktr.ee/mfe-onboarding/static/js/async/8158.57989.js was preloaded using link preload but not used within a few seconds from the window's load event. Please make sure it has an appropriate `as` value and it is preloaded intentionally. @ https://linktr.ee/register/select-platforms?freeTrialEntryPoint=ON_SIGNUP:0
[  314544ms] [WARNING] The resource https://assets.production.linktr.ee/mfe-onboarding/static/css/async/5764.7f3b0c21.css was preloaded using link preload but not used within a few seconds from the window's load event. Please make sure it has an appropriate `as` value and it is preloaded intentionally. @ https://linktr.ee/register/select-platforms?freeTrialEntryPoint=ON_SIGNUP:0
[  314544ms] [WARNING] The resource https://assets.production.linktr.ee/mfe-onboarding/static/js/async/9173.57989.js was preloaded using link preload but not used within a few seconds from the window's load event. Please make sure it has an appropriate `as` value and it is preloaded intentionally. @ https://linktr.ee/register/select-platforms?freeTrialEntryPoint=ON_SIGNUP:0
[  314544ms] [WARNING] The resource https://assets.production.linktr.ee/mfe-onboarding/static/js/async/812.57989.js was preloaded using link preload but not used within a few seconds from the window's load event. Please make sure it has an appropriate `as` value and it is preloaded intentionally. @ https://linktr.ee/register/select-platforms?freeTrialEntryPoint=ON_SIGNUP:0
[  314544ms] [WARNING] The resource https://assets.production.linktr.ee/mfe-onboarding/static/js/async/2562.57989.js was preloaded using link preload but not used within a few seconds from the window's load event. Please make sure it has an appropriate `as` value and it is preloaded intentionally. @ https://linktr.ee/register/select-platforms?freeTrialEntryPoint=ON_SIGNUP:0
[  314544ms] [WARNING] The resource https://assets.production.linktr.ee/profile-preview/latest/__federation_expose_preview-4b77e3dc65698b415ac3.js was preloaded using link preload but not used within a few seconds from the window's load event. Please make sure it has an appropriate `as` value and it is preloaded intentionally. @ https://linktr.ee/register/select-platforms?freeTrialEntryPoint=ON_SIGNUP:0
[  318674ms] [WARNING] The resource https://assets.production.linktr.ee/profile-preview/latest/vendors-node_modules_datadog_browser-logs_esm_entries_main_js-node_modules_iframe-resizer_rea-203a64-d294e595e4283d43e9e7.js was preloaded using link preload but not used within a few seconds from the window's load event. Please make sure it has an appropriate `as` value and it is preloaded intentionally. @ https://linktr.ee/register/select-platforms?freeTrialEntryPoint=ON_SIGNUP:0
[  318675ms] [WARNING] The resource https://assets.production.linktr.ee/mfe-onboarding/static/css/async/9173.7f3b0c21.css was preloaded using link preload but not used within a few seconds from the window's load event. Please make sure it has an appropriate `as` value and it is preloaded intentionally. @ https://linktr.ee/register/select-platforms?freeTrialEntryPoint=ON_SIGNUP:0
[  318675ms] [WARNING] The resource https://assets.production.linktr.ee/mfe-onboarding/static/js/async/5764.57989.js was preloaded using link preload but not used within a few seconds from the window's load event. Please make sure it has an appropriate `as` value and it is preloaded intentionally. @ https://linktr.ee/register/select-platforms?freeTrialEntryPoint=ON_SIGNUP:0
[  318675ms] [WARNING] The resource https://assets.production.linktr.ee/mfe-onboarding/static/js/async/8158.57989.js was preloaded using link preload but not used within a few seconds from the window's load event. Please make sure it has an appropriate `as` value and it is preloaded intentionally. @ https://linktr.ee/register/select-platforms?freeTrialEntryPoint=ON_SIGNUP:0
[  318676ms] [WARNING] The resource https://assets.production.linktr.ee/mfe-onboarding/static/css/async/5764.7f3b0c21.css was preloaded using link preload but not used within a few seconds from the window's load event. Please make sure it has an appropriate `as` value and it is preloaded intentionally. @ https://linktr.ee/register/select-platforms?freeTrialEntryPoint=ON_SIGNUP:0
[  318676ms] [WARNING] The resource https://assets.production.linktr.ee/mfe-onboarding/static/js/async/9173.57989.js was preloaded using link preload but not used within a few seconds from the window's load event. Please make sure it has an appropriate `as` value and it is preloaded intentionally. @ https://linktr.ee/register/select-platforms?freeTrialEntryPoint=ON_SIGNUP:0
[  318676ms] [WARNING] The resource https://assets.production.linktr.ee/mfe-onboarding/static/js/async/812.57989.js was preloaded using link preload but not used within a few seconds from the window's load event. Please make sure it has an appropriate `as` value and it is preloaded intentionally. @ https://linktr.ee/register/select-platforms?freeTrialEntryPoint=ON_SIGNUP:0
[  318676ms] [WARNING] The resource https://assets.production.linktr.ee/mfe-onboarding/static/js/async/2562.57989.js was preloaded using link preload but not used within a few seconds from the window's load event. Please make sure it has an appropriate `as` value and it is preloaded intentionally. @ https://linktr.ee/register/select-platforms?freeTrialEntryPoint=ON_SIGNUP:0
[  318676ms] [WARNING] The resource https://assets.production.linktr.ee/profile-preview/latest/__federation_expose_preview-4b77e3dc65698b415ac3.js was preloaded using link preload but not used within a few seconds from the window's load event. Please make sure it has an appropriate `as` value and it is preloaded intentionally. @ https://linktr.ee/register/select-platforms?freeTrialEntryPoint=ON_SIGNUP:0
[  322009ms] [WARNING] pixel already configured. @ https://cdn.pdst.fm/ping.min.js:0
[  322094ms] [WARNING] An error occurred! For more details, see the full error text at https://go.apollo.dev/c/err#%7B%22version%22%3A%223.14.0%22%2C%22message%22%3A78%2C%22args%22%3A%5B%22useLazyQuery%22%2C%22variables%22%2C%22Pass%20all%20%60variables%60%20to%20the%20returned%20%60execute%60%20function%20instead.%22%5D%7D @ https://assets.production.linktr.ee/mfe-onboarding/static/js/async/716.57989.js:12
[  329482ms] [WARNING] The resource https://assets.production.linktr.ee/profile-preview/latest/vendors-node_modules_datadog_browser-logs_esm_entries_main_js-node_modules_iframe-resizer_rea-203a64-d294e595e4283d43e9e7.js was preloaded using link preload but not used within a few seconds from the window's load event. Please make sure it has an appropriate `as` value and it is preloaded intentionally. @ https://linktr.ee/register/add-links?freeTrialEntryPoint=ON_SIGNUP:0
[  329482ms] [WARNING] The resource https://assets.production.linktr.ee/mfe-onboarding/static/css/async/9173.7f3b0c21.css was preloaded using link preload but not used within a few seconds from the window's load event. Please make sure it has an appropriate `as` value and it is preloaded intentionally. @ https://linktr.ee/register/add-links?freeTrialEntryPoint=ON_SIGNUP:0
[  329483ms] [WARNING] The resource https://assets.production.linktr.ee/mfe-onboarding/static/js/async/5764.57989.js was preloaded using link preload but not used within a few seconds from the window's load event. Please make sure it has an appropriate `as` value and it is preloaded intentionally. @ https://linktr.ee/register/add-links?freeTrialEntryPoint=ON_SIGNUP:0
[  329485ms] [WARNING] The resource https://assets.production.linktr.ee/mfe-onboarding/static/js/async/8158.57989.js was preloaded using link preload but not used within a few seconds from the window's load event. Please make sure it has an appropriate `as` value and it is preloaded intentionally. @ https://linktr.ee/register/add-links?freeTrialEntryPoint=ON_SIGNUP:0
[  329486ms] [WARNING] The resource https://assets.production.linktr.ee/mfe-onboarding/static/css/async/5764.7f3b0c21.css was preloaded using link preload but not used within a few seconds from the window's load event. Please make sure it has an appropriate `as` value and it is preloaded intentionally. @ https://linktr.ee/register/add-links?freeTrialEntryPoint=ON_SIGNUP:0
[  329487ms] [WARNING] The resource https://assets.production.linktr.ee/mfe-onboarding/static/js/async/9173.57989.js was preloaded using link preload but not used within a few seconds from the window's load event. Please make sure it has an appropriate `as` value and it is preloaded intentionally. @ https://linktr.ee/register/add-links?freeTrialEntryPoint=ON_SIGNUP:0
[  329488ms] [WARNING] The resource https://assets.production.linktr.ee/mfe-onboarding/static/js/async/812.57989.js was preloaded using link preload but not used within a few seconds from the window's load event. Please make sure it has an appropriate `as` value and it is preloaded intentionally. @ https://linktr.ee/register/add-links?freeTrialEntryPoint=ON_SIGNUP:0
[  329489ms] [WARNING] The resource https://assets.production.linktr.ee/mfe-onboarding/static/js/async/2562.57989.js was preloaded using link preload but not used within a few seconds from the window's load event. Please make sure it has an appropriate `as` value and it is preloaded intentionally. @ https://linktr.ee/register/add-links?freeTrialEntryPoint=ON_SIGNUP:0
[  329489ms] [WARNING] The resource https://assets.production.linktr.ee/profile-preview/latest/__federation_expose_preview-4b77e3dc65698b415ac3.js was preloaded using link preload but not used within a few seconds from the window's load event. Please make sure it has an appropriate `as` value and it is preloaded intentionally. @ https://linktr.ee/register/add-links?freeTrialEntryPoint=ON_SIGNUP:0
[  338907ms] [WARNING] pixel already configured. @ https://cdn.pdst.fm/ping.min.js:0
[  344576ms] [WARNING] The resource https://assets.production.linktr.ee/profile-preview/latest/vendors-node_modules_datadog_browser-logs_esm_entries_main_js-node_modules_iframe-resizer_rea-203a64-d294e595e4283d43e9e7.js was preloaded using link preload but not used within a few seconds from the window's load event. Please make sure it has an appropriate `as` value and it is preloaded intentionally. @ https://linktr.ee/register/name-image-bio?freeTrialEntryPoint=ON_SIGNUP:0
[  344576ms] [WARNING] The resource https://assets.production.linktr.ee/mfe-onboarding/static/css/async/9173.7f3b0c21.css was preloaded using link preload but not used within a few seconds from the window's load event. Please make sure it has an appropriate `as` value and it is preloaded intentionally. @ https://linktr.ee/register/name-image-bio?freeTrialEntryPoint=ON_SIGNUP:0
[  344576ms] [WARNING] The resource https://assets.production.linktr.ee/mfe-onboarding/static/js/async/5764.57989.js was preloaded using link preload but not used within a few seconds from the window's load event. Please make sure it has an appropriate `as` value and it is preloaded intentionally. @ https://linktr.ee/register/name-image-bio?freeTrialEntryPoint=ON_SIGNUP:0
[  344576ms] [WARNING] The resource https://assets.production.linktr.ee/mfe-onboarding/static/js/async/8158.57989.js was preloaded using link preload but not used within a few seconds from the window's load event. Please make sure it has an appropriate `as` value and it is preloaded intentionally. @ https://linktr.ee/register/name-image-bio?freeTrialEntryPoint=ON_SIGNUP:0
[  344576ms] [WARNING] The resource https://assets.production.linktr.ee/mfe-onboarding/static/css/async/5764.7f3b0c21.css was preloaded using link preload but not used within a few seconds from the window's load event. Please make sure it has an appropriate `as` value and it is preloaded intentionally. @ https://linktr.ee/register/name-image-bio?freeTrialEntryPoint=ON_SIGNUP:0
[  344576ms] [WARNING] The resource https://assets.production.linktr.ee/mfe-onboarding/static/js/async/9173.57989.js was preloaded using link preload but not used within a few seconds from the window's load event. Please make sure it has an appropriate `as` value and it is preloaded intentionally. @ https://linktr.ee/register/name-image-bio?freeTrialEntryPoint=ON_SIGNUP:0
[  344576ms] [WARNING] The resource https://assets.production.linktr.ee/mfe-onboarding/static/js/async/812.57989.js was preloaded using link preload but not used within a few seconds from the window's load event. Please make sure it has an appropriate `as` value and it is preloaded intentionally. @ https://linktr.ee/register/name-image-bio?freeTrialEntryPoint=ON_SIGNUP:0
[  344576ms] [WARNING] The resource https://assets.production.linktr.ee/mfe-onboarding/static/js/async/2562.57989.js was preloaded using link preload but not used within a few seconds from the window's load event. Please make sure it has an appropriate `as` value and it is preloaded intentionally. @ https://linktr.ee/register/name-image-bio?freeTrialEntryPoint=ON_SIGNUP:0
[  344576ms] [WARNING] The resource https://assets.production.linktr.ee/profile-preview/latest/__federation_expose_preview-4b77e3dc65698b415ac3.js was preloaded using link preload but not used within a few seconds from the window's load event. Please make sure it has an appropriate `as` value and it is preloaded intentionally. @ https://linktr.ee/register/name-image-bio?freeTrialEntryPoint=ON_SIGNUP:0
[  348664ms] [WARNING] The resource https://assets.production.linktr.ee/profile-preview/latest/vendors-node_modules_datadog_browser-logs_esm_entries_main_js-node_modules_iframe-resizer_rea-203a64-d294e595e4283d43e9e7.js was preloaded using link preload but not used within a few seconds from the window's load event. Please make sure it has an appropriate `as` value and it is preloaded intentionally. @ https://linktr.ee/register/name-image-bio?freeTrialEntryPoint=ON_SIGNUP:0
[  348666ms] [WARNING] The resource https://assets.production.linktr.ee/mfe-onboarding/static/css/async/9173.7f3b0c21.css was preloaded using link preload but not used within a few seconds from the window's load event. Please make sure it has an appropriate `as` value and it is preloaded intentionally. @ https://linktr.ee/register/name-image-bio?freeTrialEntryPoint=ON_SIGNUP:0
[  348667ms] [WARNING] The resource https://assets.production.linktr.ee/mfe-onboarding/static/js/async/5764.57989.js was preloaded using link preload but not used within a few seconds from the window's load event. Please make sure it has an appropriate `as` value and it is preloaded intentionally. @ https://linktr.ee/register/name-image-bio?freeTrialEntryPoint=ON_SIGNUP:0
[  348672ms] [WARNING] The resource https://assets.production.linktr.ee/mfe-onboarding/static/js/async/8158.57989.js was preloaded using link preload but not used within a few seconds from the window's load event. Please make sure it has an appropriate `as` value and it is preloaded intentionally. @ https://linktr.ee/register/name-image-bio?freeTrialEntryPoint=ON_SIGNUP:0
[  348677ms] [WARNING] The resource https://assets.production.linktr.ee/mfe-onboarding/static/css/async/5764.7f3b0c21.css was preloaded using link preload but not used within a few seconds from the window's load event. Please make sure it has an appropriate `as` value and it is preloaded intentionally. @ https://linktr.ee/register/name-image-bio?freeTrialEntryPoint=ON_SIGNUP:0
[  348694ms] [WARNING] The resource https://assets.production.linktr.ee/mfe-onboarding/static/js/async/9173.57989.js was preloaded using link preload but not used within a few seconds from the window's load event. Please make sure it has an appropriate `as` value and it is preloaded intentionally. @ https://linktr.ee/register/name-image-bio?freeTrialEntryPoint=ON_SIGNUP:0
[  348698ms] [WARNING] The resource https://assets.production.linktr.ee/mfe-onboarding/static/js/async/812.57989.js was preloaded using link preload but not used within a few seconds from the window's load event. Please make sure it has an appropriate `as` value and it is preloaded intentionally. @ https://linktr.ee/register/name-image-bio?freeTrialEntryPoint=ON_SIGNUP:0
[  348700ms] [WARNING] The resource https://assets.production.linktr.ee/mfe-onboarding/static/js/async/2562.57989.js was preloaded using link preload but not used within a few seconds from the window's load event. Please make sure it has an appropriate `as` value and it is preloaded intentionally. @ https://linktr.ee/register/name-image-bio?freeTrialEntryPoint=ON_SIGNUP:0
[  348700ms] [WARNING] The resource https://assets.production.linktr.ee/profile-preview/latest/__federation_expose_preview-4b77e3dc65698b415ac3.js was preloaded using link preload but not used within a few seconds from the window's load event. Please make sure it has an appropriate `as` value and it is preloaded intentionally. @ https://linktr.ee/register/name-image-bio?freeTrialEntryPoint=ON_SIGNUP:0
[  358856ms] [WARNING] pixel already configured. @ https://cdn.pdst.fm/ping.min.js:0
[  360322ms] [WARNING]  [33m[1m⚠[22m[39m Runtime config is deprecated and will be removed in Next.js 16. Please remove the usage of "next/config" from your project. @ https://assets.production.linktr.ee/profile-preview/latest/vendors-node_modules_datadog_browser-logs_esm_entries_main_js-node_modules_iframe-resizer_rea-203a64-d294e595e4283d43e9e7.js:730
[  365637ms] [WARNING] The resource https://assets.production.linktr.ee/mfe-onboarding/static/css/async/9173.7f3b0c21.css was preloaded using link preload but not used within a few seconds from the window's load event. Please make sure it has an appropriate `as` value and it is preloaded intentionally. @ https://linktr.ee/register/complete?freeTrialEntryPoint=ON_SIGNUP:0
[  365638ms] [WARNING] The resource https://assets.production.linktr.ee/mfe-onboarding/static/js/async/5764.57989.js was preloaded using link preload but not used within a few seconds from the window's load event. Please make sure it has an appropriate `as` value and it is preloaded intentionally. @ https://linktr.ee/register/complete?freeTrialEntryPoint=ON_SIGNUP:0
[  365655ms] [WARNING] The resource https://assets.production.linktr.ee/mfe-onboarding/static/js/async/8158.57989.js was preloaded using link preload but not used within a few seconds from the window's load event. Please make sure it has an appropriate `as` value and it is preloaded intentionally. @ https://linktr.ee/register/complete?freeTrialEntryPoint=ON_SIGNUP:0
[  365660ms] [WARNING] The resource https://assets.production.linktr.ee/mfe-onboarding/static/css/async/5764.7f3b0c21.css was preloaded using link preload but not used within a few seconds from the window's load event. Please make sure it has an appropriate `as` value and it is preloaded intentionally. @ https://linktr.ee/register/complete?freeTrialEntryPoint=ON_SIGNUP:0
[  365661ms] [WARNING] The resource https://assets.production.linktr.ee/mfe-onboarding/static/js/async/9173.57989.js was preloaded using link preload but not used within a few seconds from the window's load event. Please make sure it has an appropriate `as` value and it is preloaded intentionally. @ https://linktr.ee/register/complete?freeTrialEntryPoint=ON_SIGNUP:0
[  365664ms] [WARNING] The resource https://assets.production.linktr.ee/mfe-onboarding/static/js/async/812.57989.js was preloaded using link preload but not used within a few seconds from the window's load event. Please make sure it has an appropriate `as` value and it is preloaded intentionally. @ https://linktr.ee/register/complete?freeTrialEntryPoint=ON_SIGNUP:0
[  365665ms] [WARNING] The resource https://assets.production.linktr.ee/mfe-onboarding/static/js/async/2562.57989.js was preloaded using link preload but not used within a few seconds from the window's load event. Please make sure it has an appropriate `as` value and it is preloaded intentionally. @ https://linktr.ee/register/complete?freeTrialEntryPoint=ON_SIGNUP:0
[  368859ms] [WARNING] The resource https://assets.production.linktr.ee/mfe-onboarding/static/css/async/9173.7f3b0c21.css was preloaded using link preload but not used within a few seconds from the window's load event. Please make sure it has an appropriate `as` value and it is preloaded intentionally. @ https://linktr.ee/register/complete?freeTrialEntryPoint=ON_SIGNUP:0
[  368883ms] [WARNING] The resource https://assets.production.linktr.ee/mfe-onboarding/static/js/async/5764.57989.js was preloaded using link preload but not used within a few seconds from the window's load event. Please make sure it has an appropriate `as` value and it is preloaded intentionally. @ https://linktr.ee/register/complete?freeTrialEntryPoint=ON_SIGNUP:0
[  368883ms] [WARNING] The resource https://assets.production.linktr.ee/mfe-onboarding/static/js/async/8158.57989.js was preloaded using link preload but not used within a few seconds from the window's load event. Please make sure it has an appropriate `as` value and it is preloaded intentionally. @ https://linktr.ee/register/complete?freeTrialEntryPoint=ON_SIGNUP:0
[  368883ms] [WARNING] The resource https://assets.production.linktr.ee/mfe-onboarding/static/css/async/5764.7f3b0c21.css was preloaded using link preload but not used within a few seconds from the window's load event. Please make sure it has an appropriate `as` value and it is preloaded intentionally. @ https://linktr.ee/register/complete?freeTrialEntryPoint=ON_SIGNUP:0
[  368883ms] [WARNING] The resource https://assets.production.linktr.ee/mfe-onboarding/static/js/async/9173.57989.js was preloaded using link preload but not used within a few seconds from the window's load event. Please make sure it has an appropriate `as` value and it is preloaded intentionally. @ https://linktr.ee/register/complete?freeTrialEntryPoint=ON_SIGNUP:0
[  368883ms] [WARNING] The resource https://assets.production.linktr.ee/mfe-onboarding/static/js/async/812.57989.js was preloaded using link preload but not used within a few seconds from the window's load event. Please make sure it has an appropriate `as` value and it is preloaded intentionally. @ https://linktr.ee/register/complete?freeTrialEntryPoint=ON_SIGNUP:0
[  368883ms] [WARNING] The resource https://assets.production.linktr.ee/mfe-onboarding/static/js/async/2562.57989.js was preloaded using link preload but not used within a few seconds from the window's load event. Please make sure it has an appropriate `as` value and it is preloaded intentionally. @ https://linktr.ee/register/complete?freeTrialEntryPoint=ON_SIGNUP:0
[  377793ms] [WARNING] An error occurred! For more details, see the full error text at https://go.apollo.dev/c/err#%7B%22version%22%3A%223.14.0%22%2C%22message%22%3A104%2C%22args%22%3A%5B%22ApolloClient%22%2C%22version%22%2C%22Please%20use%20the%20%60clientAwareness.version%60%20option%20instead.%22%5D%7D @ https://assets.production.linktr.ee/ui-analytics/latest/static/js/async/4402.js:12
[  378006ms] Uncaught TypeError: Cannot redefine property: cookie
    at <anonymous> (https://api.consentjs.datagrail.io/consent/b8f6c3bf-2519-4023-963a-974547789e46/c7c5dca9-035c-4aa9-aed7-a02ec87c54df/consent.js:0:65947)
    at <anonymous> (https://api.consentjs.datagrail.io/consent/b8f6c3bf-2519-4023-963a-974547789e46/c7c5dca9-035c-4aa9-aed7-a02ec87c54df/consent.js:0:66189)
    at <anonymous> (https://api.consentjs.datagrail.io/consent/b8f6c3bf-2519-4023-963a-974547789e46/c7c5dca9-035c-4aa9-aed7-a02ec87c54df/consent.js:0:66987)
    at <anonymous> (https://api.consentjs.datagrail.io/consent/b8f6c3bf-2519-4023-963a-974547789e46/c7c5dca9-035c-4aa9-aed7-a02ec87c54df/consent.js:0:241533)
[  379212ms] Uncaught TypeError: Cannot read properties of undefined (reading 'forEach')
    at _processQueue (https://diffuser-cdn.app-us1.com/diffuser/diffuser.js:0:27865)
    at connect (https://diffuser-cdn.app-us1.com/diffuser/diffuser.js:0:27592)
    at <anonymous> (https://diffuser-cdn.app-us1.com/diffuser/diffuser.js:0:33359)
    at __webpack_require__ (https://diffuser-cdn.app-us1.com/diffuser/diffuser.js:0:127)
    at <anonymous> (https://diffuser-cdn.app-us1.com/diffuser/diffuser.js:0:1199)
    at <anonymous> (https://diffuser-cdn.app-us1.com/diffuser/diffuser.js:0:1245)
[  380809ms] [LOG] consent: versions do not match or cookie missing for LGPD @ https://www.googletagmanager.com/gtm.js?id=GTM-K25FFKN&gtm_auth=c-nqDIiYFH4lE9CCQajI0g&gtm_preview=env-1&gtm_cookies_win=x:975
[  380810ms] [LOG] consent: versions do not match or cookie missing for CPRA @ https://www.googletagmanager.com/gtm.js?id=GTM-K25FFKN&gtm_auth=c-nqDIiYFH4lE9CCQajI0g&gtm_preview=env-1&gtm_cookies_win=x:975
[  380817ms] [LOG] consent: versions do not match or cookie missing for Testing Policy @ https://www.googletagmanager.com/gtm.js?id=GTM-K25FFKN&gtm_auth=c-nqDIiYFH4lE9CCQajI0g&gtm_preview=env-1&gtm_cookies_win=x:975
[  380818ms] [LOG] consent: versions do not match or cookie missing for GDPR @ https://www.googletagmanager.com/gtm.js?id=GTM-K25FFKN&gtm_auth=c-nqDIiYFH4lE9CCQajI0g&gtm_preview=env-1&gtm_cookies_win=x:975
[  380820ms] [LOG] consent: versions do not match or cookie missing for Global Privacy Rights @ https://www.googletagmanager.com/gtm.js?id=GTM-K25FFKN&gtm_auth=c-nqDIiYFH4lE9CCQajI0g&gtm_preview=env-1&gtm_cookies_win=x:975
[  380822ms] [LOG] consent: versions do not match or cookie missing for UK-GDPR @ https://www.googletagmanager.com/gtm.js?id=GTM-K25FFKN&gtm_auth=c-nqDIiYFH4lE9CCQajI0g&gtm_preview=env-1&gtm_cookies_win=x:975
[  380824ms] [LOG] consent: versions do not match or cookie missing for ICDPA @ https://www.googletagmanager.com/gtm.js?id=GTM-K25FFKN&gtm_auth=c-nqDIiYFH4lE9CCQajI0g&gtm_preview=env-1&gtm_cookies_win=x:975
[  380836ms] [LOG] consent: versions do not match or cookie missing for NDPA @ https://www.googletagmanager.com/gtm.js?id=GTM-K25FFKN&gtm_auth=c-nqDIiYFH4lE9CCQajI0g&gtm_preview=env-1&gtm_cookies_win=x:975
[  380839ms] [LOG] consent: versions do not match or cookie missing for NHPA @ https://www.googletagmanager.com/gtm.js?id=GTM-K25FFKN&gtm_auth=c-nqDIiYFH4lE9CCQajI0g&gtm_preview=env-1&gtm_cookies_win=x:975
[  380843ms] [LOG] consent: versions do not match or cookie missing for NJPA @ https://www.googletagmanager.com/gtm.js?id=GTM-K25FFKN&gtm_auth=c-nqDIiYFH4lE9CCQajI0g&gtm_preview=env-1&gtm_cookies_win=x:975
[  380850ms] [LOG] consent: versions do not match or cookie missing for Maryland Online Data Privacy Act @ https://www.googletagmanager.com/gtm.js?id=GTM-K25FFKN&gtm_auth=c-nqDIiYFH4lE9CCQajI0g&gtm_preview=env-1&gtm_cookies_win=x:975
[  380852ms] [LOG] consent: versions do not match or cookie missing for Indiana Consumer Data Protection Act (INCPDA) @ https://www.googletagmanager.com/gtm.js?id=GTM-K25FFKN&gtm_auth=c-nqDIiYFH4lE9CCQajI0g&gtm_preview=env-1&gtm_cookies_win=x:975
[  380853ms] [LOG] consent: versions do not match or cookie missing for DPDPA @ https://www.googletagmanager.com/gtm.js?id=GTM-K25FFKN&gtm_auth=c-nqDIiYFH4lE9CCQajI0g&gtm_preview=env-1&gtm_cookies_win=x:975
[  380857ms] [LOG] consent: versions do not match or cookie missing for US Standard Policy @ https://www.googletagmanager.com/gtm.js?id=GTM-K25FFKN&gtm_auth=c-nqDIiYFH4lE9CCQajI0g&gtm_preview=env-1&gtm_cookies_win=x:975
[  380884ms] [LOG] consent: versions do not match or cookie missing for Minnesota Consumer Data Privacy Act @ https://www.googletagmanager.com/gtm.js?id=GTM-K25FFKN&gtm_auth=c-nqDIiYFH4lE9CCQajI0g&gtm_preview=env-1&gtm_cookies_win=x:975
[  380884ms] [LOG] consent: versions do not match or cookie missing for TIPA @ https://www.googletagmanager.com/gtm.js?id=GTM-K25FFKN&gtm_auth=c-nqDIiYFH4lE9CCQajI0g&gtm_preview=env-1&gtm_cookies_win=x:975
[  380885ms] [LOG] consent: versions do not match or cookie missing for Kentucky Consumer Data Protection Act (KCDPA) @ https://www.googletagmanager.com/gtm.js?id=GTM-K25FFKN&gtm_auth=c-nqDIiYFH4lE9CCQajI0g&gtm_preview=env-1&gtm_cookies_win=x:975
[  380899ms] [LOG] consent: versions do not match or cookie missing for Rhode Island Data Transparency and Privacy Protection Act (RIDTPPA) @ https://www.googletagmanager.com/gtm.js?id=GTM-K25FFKN&gtm_auth=c-nqDIiYFH4lE9CCQajI0g&gtm_preview=env-1&gtm_cookies_win=x:975
[  381099ms] [LOG] data =  {user_email: elhegawyahmed5@gmail.com, event_type: PAGE_VIEW, pixel_id: 9db1cbd0-9a36-43f2-96d7-e39dd65e5c10, page_url: https://linktr.ee/admin/links, gtmOnSuccess: } @ https://www.googletagmanager.com/gtm.js?id=GTM-K25FFKN&gtm_auth=c-nqDIiYFH4lE9CCQajI0g&gtm_preview=env-1&gtm_cookies_win=x:975
[  381101ms] [LOG] initData =  {user_email: elhegawyahmed5@gmail.com, event_type: PAGE_VIEW, pixel_id: 9db1cbd0-9a36-43f2-96d7-e39dd65e5c10, page_url: https://linktr.ee/admin/links, gtmOnSuccess: } @ https://www.googletagmanager.com/gtm.js?id=GTM-K25FFKN&gtm_auth=c-nqDIiYFH4lE9CCQajI0g&gtm_preview=env-1&gtm_cookies_win=x:975
[  381130ms] [LOG] data = {avatar_image_url: https://assets.production.linktr.ee/static/avatars/blank-avatar.svg, method: install, user_id: 6d4538d9-81e9-4e14-81f4-087e52e31976, user_hash: 308ccd9bcb5252eb91535fa2242b00136d705be810a5f30c6511594dedf6b218, name: null} @ https://www.googletagmanager.com/gtm.js?id=GTM-K25FFKN&gtm_auth=c-nqDIiYFH4lE9CCQajI0g&gtm_preview=env-1&gtm_cookies_win=x:975
[  381169ms] [ERROR] Failed to load resource: the server responded with a status of 503 () @ https://linktr.ee/ajax/updatetimezone:0
[  381532ms] [LOG] UET GTM listening for consent updates @ https://www.googletagmanager.com/gtm.js?id=GTM-K25FFKN&gtm_auth=c-nqDIiYFH4lE9CCQajI0g&gtm_preview=env-1&gtm_cookies_win=x:975
[  381788ms] [WARNING] RestLink configured without a default URI. All @rest(…) directives must provide an endpoint key! @ https://assets.production.linktr.ee/mfe-admin-shell/static/js/async/2708.57989.js:0
[  382090ms] [LOG] Braze:  Loaded Braze Web SDK from https://js.appboycdn.com/web-sdk/3.0/appboy.min.js @ https://www.googletagmanager.com/gtm.js?id=GTM-K25FFKN&gtm_auth=c-nqDIiYFH4lE9CCQajI0g&gtm_preview=env-1&gtm_cookies_win=x:975
[  382107ms] [LOG] Intercom loaded: function(){for(var u=
[],v=0;v<arguments.length;v++)u[v]=Xd(arguments[v],b,c);var x=new kb(b?b.he():new Wa);b&&x.te(b.xb());return f(g.apply(x,u))} @ https://www.googletagmanager.com/gtm.js?id=GTM-K25FFKN&gtm_auth=c-nqDIiYFH4lE9CCQajI0g&gtm_preview=env-1&gtm_cookies_win=x:975
[  382683ms] [WARNING] An error occurred! For more details, see the full error text at https://go.apollo.dev/c/err#%7B%22version%22%3A%223.14.0%22%2C%22message%22%3A78%2C%22args%22%3A%5B%22useQuery%22%2C%22onError%22%2C%22If%20your%20%60onError%60%20callback%20sets%20local%20state%2C%20switch%20to%20use%20derived%20state%20using%20%60data%60%2C%20%60error%60%20or%20%60errors%60%20returned%20from%20the%20hook%20instead.%20Use%20%60useEffect%60%20if%20you%20need%20to%20perform%20side-effects%20as%20a%20result%20of%20updates%20to%20%60data%60%2C%20%60error%60%20or%20%60errors%60.%22%5D%7D @ https://assets.production.linktr.ee/ui-analytics/latest/static/js/async/4402.js:12
[  388576ms] [LOG] Download the Apollo DevTools for a better development experience: %s https://chrome.google.com/webstore/detail/apollo-client-developer-t/jdkknkkbebbapilgoeccciglkfbmbnfm @ https://assets.production.linktr.ee/ui-analytics/latest/static/js/async/4402.js:12
[  388789ms] [WARNING]  [33m[1m⚠[22m[39m Runtime config is deprecated and will be removed in Next.js 16. Please remove the usage of "next/config" from your project. @ https://assets.production.linktr.ee/profile-preview/latest/vendors-node_modules_datadog_browser-logs_esm_entries_main_js-node_modules_iframe-resizer_rea-203a64-d294e595e4283d43e9e7.js:730
[  389332ms] [WARNING] An error occurred! For more details, see the full error text at https://go.apollo.dev/c/err#%7B%22version%22%3A%223.14.0%22%2C%22message%22%3A15%2C%22args%22%3A%5B%22subscriptionV2%22%2C%22Account%22%2C%22either%20ensure%20all%20objects%20of%20type%20SubscriptionV2%20have%20an%20ID%20or%20a%20custom%20merge%20function%2C%20or%20%22%2C%22Account.subscriptionV2%22%2C%22%7B%5Cn%20%20%5C%22__typename%5C%22%3A%20%5C%22SubscriptionV2%5C%22%2C%5Cn%20%20%5C%22plan%5C%22%3A%20%5C%22linktree_free1%5C%22%2C%5Cn%20%20%5C%22isActive%5C%22%3A%20true%2C%5Cn%20%20%5C%22isNonRenewing%5C%22%3A%20false%2C%5Cn%20%20%5C%22periodStart%5C%22%3A%201781109374000%2C%5Cn%20%20%5C%22periodEnd%5C%22%3A%20null%2C%5Cn%20%20%5C%22couponId%5C%22%3A%20null%2C%5Cn%20%20%5C%22platform%5C%22%3A%20null%2C%5Cn%20%20%5C%22coupon%5C%22%3A%20null%5Cn%7D%22%2C%22%7B%5Cn%20%20%5C%22__ref%5C%22%3A%20%5C%22SubscriptionV2%3A112563080%5C%22%5Cn%7D%22%5D%7D @ https://assets.production.linktr.ee/ui-analytics/latest/static/js/async/4402.js:12
[  389991ms] [LOG] Initializing Beamer. [Update and engage users effortlessly - https://getbeamer.com] @ https://app.getbeamer.com/js/beamer-embed.js:14
[  390880ms] [WARNING] Warning: fragment with name LinkFragment already exists.
graphql-tag enforces all fragment names across your application to be unique; read more about
this in the docs: http://dev.apollodata.com/core/fragments.html#unique-names @ https://assets.production.linktr.ee/mfe-link-editor/static/js/async/7217.57993.js:8
[  391619ms] [INFO] LinkEditor react version 18.3.1 @ https://assets.production.linktr.ee/mfe-link-editor/static/js/async/7217.57993.js:8
[  391641ms] [WARNING] An error occurred! For more details, see the full error text at https://go.apollo.dev/c/err#%7B%22version%22%3A%223.14.0%22%2C%22message%22%3A104%2C%22args%22%3A%5B%22ApolloClient%22%2C%22connectToDevTools%22%2C%22Please%20use%20%60devtools.enabled%60%20instead.%22%5D%7D @ https://assets.production.linktr.ee/mfe-link-editor/static/js/async/7217.57993.js:8
[  416664ms] [WARNING] An error occurred! For more details, see the full error text at https://go.apollo.dev/c/err#%7B%22version%22%3A%223.14.0%22%2C%22message%22%3A104%2C%22args%22%3A%5B%22ApolloClient%22%2C%22version%22%2C%22Please%20use%20the%20%60clientAwareness.version%60%20option%20instead.%22%5D%7D @ https://assets.production.linktr.ee/ui-analytics/latest/static/js/async/4402.js:12
[  416866ms] Uncaught TypeError: Cannot redefine property: cookie
    at <anonymous> (https://api.consentjs.datagrail.io/consent/b8f6c3bf-2519-4023-963a-974547789e46/c7c5dca9-035c-4aa9-aed7-a02ec87c54df/consent.js:0:65947)
    at <anonymous> (https://api.consentjs.datagrail.io/consent/b8f6c3bf-2519-4023-963a-974547789e46/c7c5dca9-035c-4aa9-aed7-a02ec87c54df/consent.js:0:66189)
    at <anonymous> (https://api.consentjs.datagrail.io/consent/b8f6c3bf-2519-4023-963a-974547789e46/c7c5dca9-035c-4aa9-aed7-a02ec87c54df/consent.js:0:66987)
    at <anonymous> (https://api.consentjs.datagrail.io/consent/b8f6c3bf-2519-4023-963a-974547789e46/c7c5dca9-035c-4aa9-aed7-a02ec87c54df/consent.js:0:241533)
[  416888ms] Uncaught TypeError: Cannot read properties of undefined (reading 'forEach')
    at _processQueue (https://diffuser-cdn.app-us1.com/diffuser/diffuser.js:0:27865)
    at connect (https://diffuser-cdn.app-us1.com/diffuser/diffuser.js:0:27592)
    at <anonymous> (https://diffuser-cdn.app-us1.com/diffuser/diffuser.js:0:33359)
    at __webpack_require__ (https://diffuser-cdn.app-us1.com/diffuser/diffuser.js:0:127)
    at <anonymous> (https://diffuser-cdn.app-us1.com/diffuser/diffuser.js:0:1199)
    at <anonymous> (https://diffuser-cdn.app-us1.com/diffuser/diffuser.js:0:1245)
[  419971ms] [LOG] consent: versions do not match or cookie missing for LGPD @ https://www.googletagmanager.com/gtm.js?id=GTM-K25FFKN&gtm_auth=c-nqDIiYFH4lE9CCQajI0g&gtm_preview=env-1&gtm_cookies_win=x:975
[  419971ms] [LOG] consent: versions do not match or cookie missing for CPRA @ https://www.googletagmanager.com/gtm.js?id=GTM-K25FFKN&gtm_auth=c-nqDIiYFH4lE9CCQajI0g&gtm_preview=env-1&gtm_cookies_win=x:975
[  419976ms] [LOG] consent: versions do not match or cookie missing for Testing Policy @ https://www.googletagmanager.com/gtm.js?id=GTM-K25FFKN&gtm_auth=c-nqDIiYFH4lE9CCQajI0g&gtm_preview=env-1&gtm_cookies_win=x:975
[  419980ms] [LOG] consent: versions do not match or cookie missing for GDPR @ https://www.googletagmanager.com/gtm.js?id=GTM-K25FFKN&gtm_auth=c-nqDIiYFH4lE9CCQajI0g&gtm_preview=env-1&gtm_cookies_win=x:975
[  419980ms] [LOG] consent: versions do not match or cookie missing for Global Privacy Rights @ https://www.googletagmanager.com/gtm.js?id=GTM-K25FFKN&gtm_auth=c-nqDIiYFH4lE9CCQajI0g&gtm_preview=env-1&gtm_cookies_win=x:975
[  419982ms] [LOG] consent: versions do not match or cookie missing for UK-GDPR @ https://www.googletagmanager.com/gtm.js?id=GTM-K25FFKN&gtm_auth=c-nqDIiYFH4lE9CCQajI0g&gtm_preview=env-1&gtm_cookies_win=x:975
[  419985ms] [LOG] consent: versions do not match or cookie missing for ICDPA @ https://www.googletagmanager.com/gtm.js?id=GTM-K25FFKN&gtm_auth=c-nqDIiYFH4lE9CCQajI0g&gtm_preview=env-1&gtm_cookies_win=x:975
[  419986ms] [LOG] consent: versions do not match or cookie missing for NDPA @ https://www.googletagmanager.com/gtm.js?id=GTM-K25FFKN&gtm_auth=c-nqDIiYFH4lE9CCQajI0g&gtm_preview=env-1&gtm_cookies_win=x:975
[  419997ms] [LOG] consent: versions do not match or cookie missing for NHPA @ https://www.googletagmanager.com/gtm.js?id=GTM-K25FFKN&gtm_auth=c-nqDIiYFH4lE9CCQajI0g&gtm_preview=env-1&gtm_cookies_win=x:975
[  420003ms] [LOG] consent: versions do not match or cookie missing for NJPA @ https://www.googletagmanager.com/gtm.js?id=GTM-K25FFKN&gtm_auth=c-nqDIiYFH4lE9CCQajI0g&gtm_preview=env-1&gtm_cookies_win=x:975
[  420123ms] [LOG] consent: versions do not match or cookie missing for Maryland Online Data Privacy Act @ https://www.googletagmanager.com/gtm.js?id=GTM-K25FFKN&gtm_auth=c-nqDIiYFH4lE9CCQajI0g&gtm_preview=env-1&gtm_cookies_win=x:975
[  420124ms] [LOG] consent: versions do not match or cookie missing for Indiana Consumer Data Protection Act (INCPDA) @ https://www.googletagmanager.com/gtm.js?id=GTM-K25FFKN&gtm_auth=c-nqDIiYFH4lE9CCQajI0g&gtm_preview=env-1&gtm_cookies_win=x:975
[  420153ms] [LOG] consent: versions do not match or cookie missing for DPDPA @ https://www.googletagmanager.com/gtm.js?id=GTM-K25FFKN&gtm_auth=c-nqDIiYFH4lE9CCQajI0g&gtm_preview=env-1&gtm_cookies_win=x:975
[  420217ms] [LOG] consent: versions do not match or cookie missing for US Standard Policy @ https://www.googletagmanager.com/gtm.js?id=GTM-K25FFKN&gtm_auth=c-nqDIiYFH4lE9CCQajI0g&gtm_preview=env-1&gtm_cookies_win=x:975
[  420219ms] [LOG] consent: versions do not match or cookie missing for Minnesota Consumer Data Privacy Act @ https://www.googletagmanager.com/gtm.js?id=GTM-K25FFKN&gtm_auth=c-nqDIiYFH4lE9CCQajI0g&gtm_preview=env-1&gtm_cookies_win=x:975
[  420360ms] [LOG] consent: versions do not match or cookie missing for TIPA @ https://www.googletagmanager.com/gtm.js?id=GTM-K25FFKN&gtm_auth=c-nqDIiYFH4lE9CCQajI0g&gtm_preview=env-1&gtm_cookies_win=x:975
[  420363ms] [LOG] consent: versions do not match or cookie missing for Kentucky Consumer Data Protection Act (KCDPA) @ https://www.googletagmanager.com/gtm.js?id=GTM-K25FFKN&gtm_auth=c-nqDIiYFH4lE9CCQajI0g&gtm_preview=env-1&gtm_cookies_win=x:975
[  420364ms] [LOG] consent: versions do not match or cookie missing for Rhode Island Data Transparency and Privacy Protection Act (RIDTPPA) @ https://www.googletagmanager.com/gtm.js?id=GTM-K25FFKN&gtm_auth=c-nqDIiYFH4lE9CCQajI0g&gtm_preview=env-1&gtm_cookies_win=x:975
[  420483ms] [LOG] data =  {user_email: elhegawyahmed5@gmail.com, event_type: PAGE_VIEW, pixel_id: 9db1cbd0-9a36-43f2-96d7-e39dd65e5c10, page_url: https://linktr.ee/admin/account, gtmOnSuccess: } @ https://www.googletagmanager.com/gtm.js?id=GTM-K25FFKN&gtm_auth=c-nqDIiYFH4lE9CCQajI0g&gtm_preview=env-1&gtm_cookies_win=x:975
[  420485ms] [LOG] initData =  {user_email: elhegawyahmed5@gmail.com, event_type: PAGE_VIEW, pixel_id: 9db1cbd0-9a36-43f2-96d7-e39dd65e5c10, page_url: https://linktr.ee/admin/account, gtmOnSuccess: } @ https://www.googletagmanager.com/gtm.js?id=GTM-K25FFKN&gtm_auth=c-nqDIiYFH4lE9CCQajI0g&gtm_preview=env-1&gtm_cookies_win=x:975
[  420507ms] [LOG] data = {avatar_image_url: https://assets.production.linktr.ee/static/avatars/blank-avatar.svg, method: install, user_id: 6d4538d9-81e9-4e14-81f4-087e52e31976, user_hash: 308ccd9bcb5252eb91535fa2242b00136d705be810a5f30c6511594dedf6b218, name: null} @ https://www.googletagmanager.com/gtm.js?id=GTM-K25FFKN&gtm_auth=c-nqDIiYFH4lE9CCQajI0g&gtm_preview=env-1&gtm_cookies_win=x:975
[  420696ms] [LOG] Braze:  Loaded Braze Web SDK from https://js.appboycdn.com/web-sdk/3.0/appboy.min.js @ https://www.googletagmanager.com/gtm.js?id=GTM-K25FFKN&gtm_auth=c-nqDIiYFH4lE9CCQajI0g&gtm_preview=env-1&gtm_cookies_win=x:975
[  421520ms] [LOG] UET GTM listening for consent updates @ https://www.googletagmanager.com/gtm.js?id=GTM-K25FFKN&gtm_auth=c-nqDIiYFH4lE9CCQajI0g&gtm_preview=env-1&gtm_cookies_win=x:975
[  421739ms] [LOG] Intercom loaded: function(){for(var u=
[],v=0;v<arguments.length;v++)u[v]=Xd(arguments[v],b,c);var x=new kb(b?b.he():new Wa);b&&x.te(b.xb());return f(g.apply(x,u))} @ https://www.googletagmanager.com/gtm.js?id=GTM-K25FFKN&gtm_auth=c-nqDIiYFH4lE9CCQajI0g&gtm_preview=env-1&gtm_cookies_win=x:975
[  422147ms] [WARNING] RestLink configured without a default URI. All @rest(…) directives must provide an endpoint key! @ https://assets.production.linktr.ee/mfe-admin-shell/static/js/async/2708.58003.js:0
[  423132ms] [WARNING] An error occurred! For more details, see the full error text at https://go.apollo.dev/c/err#%7B%22version%22%3A%223.14.0%22%2C%22message%22%3A78%2C%22args%22%3A%5B%22useQuery%22%2C%22onError%22%2C%22If%20your%20%60onError%60%20callback%20sets%20local%20state%2C%20switch%20to%20use%20derived%20state%20using%20%60data%60%2C%20%60error%60%20or%20%60errors%60%20returned%20from%20the%20hook%20instead.%20Use%20%60useEffect%60%20if%20you%20need%20to%20perform%20side-effects%20as%20a%20result%20of%20updates%20to%20%60data%60%2C%20%60error%60%20or%20%60errors%60.%22%5D%7D @ https://assets.production.linktr.ee/ui-analytics/latest/static/js/async/4402.js:12
[  425136ms] [WARNING] An error occurred! For more details, see the full error text at https://go.apollo.dev/c/err#%7B%22version%22%3A%223.14.0%22%2C%22message%22%3A15%2C%22args%22%3A%5B%22subscriptionV2%22%2C%22Account%22%2C%22either%20ensure%20all%20objects%20of%20type%20SubscriptionV2%20have%20an%20ID%20or%20a%20custom%20merge%20function%2C%20or%20%22%2C%22Account.subscriptionV2%22%2C%22%7B%5Cn%20%20%5C%22__typename%5C%22%3A%20%5C%22SubscriptionV2%5C%22%2C%5Cn%20%20%5C%22plan%5C%22%3A%20%5C%22linktree_free1%5C%22%2C%5Cn%20%20%5C%22isActive%5C%22%3A%20true%2C%5Cn%20%20%5C%22isNonRenewing%5C%22%3A%20false%2C%5Cn%20%20%5C%22periodStart%5C%22%3A%201781109374000%2C%5Cn%20%20%5C%22periodEnd%5C%22%3A%20null%2C%5Cn%20%20%5C%22couponId%5C%22%3A%20null%2C%5Cn%20%20%5C%22platform%5C%22%3A%20null%2C%5Cn%20%20%5C%22coupon%5C%22%3A%20null%5Cn%7D%22%2C%22%7B%5Cn%20%20%5C%22__ref%5C%22%3A%20%5C%22SubscriptionV2%3A112563080%5C%22%5Cn%7D%22%5D%7D @ https://assets.production.linktr.ee/ui-analytics/latest/static/js/async/4402.js:12
[  425964ms] [WARNING]  [33m[1m⚠[22m[39m Runtime config is deprecated and will be removed in Next.js 16. Please remove the usage of "next/config" from your project. @ https://assets.production.linktr.ee/profile-preview/latest/vendors-node_modules_datadog_browser-logs_esm_entries_main_js-node_modules_iframe-resizer_rea-203a64-d294e595e4283d43e9e7.js:730
[  426342ms] [LOG] getPrivacyToggleStateForCurrentUser {__typename: UserPrivacyToggle, limitDataUsage: false, updatedAt: null} @ https://assets.production.linktr.ee/mfe-settings/static/js/async/855.57989.js:113
[  426793ms] [LOG] Download the Apollo DevTools for a better development experience: %s https://chrome.google.com/webstore/detail/apollo-client-developer-t/jdkknkkbebbapilgoeccciglkfbmbnfm @ https://assets.production.linktr.ee/ui-analytics/latest/static/js/async/4402.js:12
[  427469ms] [LOG] Initializing Beamer. [Update and engage users effortlessly - https://getbeamer.com] @ https://app.getbeamer.com/js/beamer-embed.js:14
