[    1943ms] [WARNING] An error occurred! For more details, see the full error text at https://go.apollo.dev/c/err#%7B%22version%22%3A%223.14.0%22%2C%22message%22%3A104%2C%22args%22%3A%5B%22ApolloClient%22%2C%22version%22%2C%22Please%20use%20the%20%60clientAwareness.version%60%20option%20instead.%22%5D%7D @ https://assets.production.linktr.ee/ui-analytics/latest/static/js/async/4402.js:12
[    2377ms] Uncaught TypeError: Cannot redefine property: cookie
    at <anonymous> (https://api.consentjs.datagrail.io/consent/b8f6c3bf-2519-4023-963a-974547789e46/c7c5dca9-035c-4aa9-aed7-a02ec87c54df/consent.js:0:65947)
    at <anonymous> (https://api.consentjs.datagrail.io/consent/b8f6c3bf-2519-4023-963a-974547789e46/c7c5dca9-035c-4aa9-aed7-a02ec87c54df/consent.js:0:66189)
    at <anonymous> (https://api.consentjs.datagrail.io/consent/b8f6c3bf-2519-4023-963a-974547789e46/c7c5dca9-035c-4aa9-aed7-a02ec87c54df/consent.js:0:66987)
    at <anonymous> (https://api.consentjs.datagrail.io/consent/b8f6c3bf-2519-4023-963a-974547789e46/c7c5dca9-035c-4aa9-aed7-a02ec87c54df/consent.js:0:241533)
[    2431ms] Uncaught TypeError: Cannot read properties of undefined (reading 'forEach')
    at _processQueue (https://diffuser-cdn.app-us1.com/diffuser/diffuser.js:0:27865)
    at connect (https://diffuser-cdn.app-us1.com/diffuser/diffuser.js:0:27592)
    at <anonymous> (https://diffuser-cdn.app-us1.com/diffuser/diffuser.js:0:33359)
    at __webpack_require__ (https://diffuser-cdn.app-us1.com/diffuser/diffuser.js:0:127)
    at <anonymous> (https://diffuser-cdn.app-us1.com/diffuser/diffuser.js:0:1199)
    at <anonymous> (https://diffuser-cdn.app-us1.com/diffuser/diffuser.js:0:1245)
[    5499ms] [WARNING] RestLink configured without a default URI. All @rest(…) directives must provide an endpoint key! @ https://assets.production.linktr.ee/mfe-admin-shell/static/js/async/2708.58003.js:0
[    5590ms] [LOG] consent: versions do not match or cookie missing for LGPD @ https://www.googletagmanager.com/gtm.js?id=GTM-K25FFKN&gtm_auth=c-nqDIiYFH4lE9CCQajI0g&gtm_preview=env-1&gtm_cookies_win=x:975
[    5591ms] [LOG] consent: versions do not match or cookie missing for CPRA @ https://www.googletagmanager.com/gtm.js?id=GTM-K25FFKN&gtm_auth=c-nqDIiYFH4lE9CCQajI0g&gtm_preview=env-1&gtm_cookies_win=x:975
[    5592ms] [LOG] consent: versions do not match or cookie missing for Testing Policy @ https://www.googletagmanager.com/gtm.js?id=GTM-K25FFKN&gtm_auth=c-nqDIiYFH4lE9CCQajI0g&gtm_preview=env-1&gtm_cookies_win=x:975
[    5593ms] [LOG] consent: versions do not match or cookie missing for GDPR @ https://www.googletagmanager.com/gtm.js?id=GTM-K25FFKN&gtm_auth=c-nqDIiYFH4lE9CCQajI0g&gtm_preview=env-1&gtm_cookies_win=x:975
[    5596ms] [LOG] consent: versions do not match or cookie missing for Global Privacy Rights @ https://www.googletagmanager.com/gtm.js?id=GTM-K25FFKN&gtm_auth=c-nqDIiYFH4lE9CCQajI0g&gtm_preview=env-1&gtm_cookies_win=x:975
[    5596ms] [LOG] consent: versions do not match or cookie missing for UK-GDPR @ https://www.googletagmanager.com/gtm.js?id=GTM-K25FFKN&gtm_auth=c-nqDIiYFH4lE9CCQajI0g&gtm_preview=env-1&gtm_cookies_win=x:975
[    5597ms] [LOG] consent: versions do not match or cookie missing for ICDPA @ https://www.googletagmanager.com/gtm.js?id=GTM-K25FFKN&gtm_auth=c-nqDIiYFH4lE9CCQajI0g&gtm_preview=env-1&gtm_cookies_win=x:975
[    5599ms] [LOG] consent: versions do not match or cookie missing for NDPA @ https://www.googletagmanager.com/gtm.js?id=GTM-K25FFKN&gtm_auth=c-nqDIiYFH4lE9CCQajI0g&gtm_preview=env-1&gtm_cookies_win=x:975
[    5600ms] [LOG] consent: versions do not match or cookie missing for NHPA @ https://www.googletagmanager.com/gtm.js?id=GTM-K25FFKN&gtm_auth=c-nqDIiYFH4lE9CCQajI0g&gtm_preview=env-1&gtm_cookies_win=x:975
[    5600ms] [LOG] consent: versions do not match or cookie missing for NJPA @ https://www.googletagmanager.com/gtm.js?id=GTM-K25FFKN&gtm_auth=c-nqDIiYFH4lE9CCQajI0g&gtm_preview=env-1&gtm_cookies_win=x:975
[    5602ms] [LOG] consent: versions do not match or cookie missing for Maryland Online Data Privacy Act @ https://www.googletagmanager.com/gtm.js?id=GTM-K25FFKN&gtm_auth=c-nqDIiYFH4lE9CCQajI0g&gtm_preview=env-1&gtm_cookies_win=x:975
[    5606ms] [LOG] consent: versions do not match or cookie missing for Indiana Consumer Data Protection Act (INCPDA) @ https://www.googletagmanager.com/gtm.js?id=GTM-K25FFKN&gtm_auth=c-nqDIiYFH4lE9CCQajI0g&gtm_preview=env-1&gtm_cookies_win=x:975
[    5606ms] [LOG] consent: versions do not match or cookie missing for DPDPA @ https://www.googletagmanager.com/gtm.js?id=GTM-K25FFKN&gtm_auth=c-nqDIiYFH4lE9CCQajI0g&gtm_preview=env-1&gtm_cookies_win=x:975
[    5607ms] [LOG] consent: versions do not match or cookie missing for US Standard Policy @ https://www.googletagmanager.com/gtm.js?id=GTM-K25FFKN&gtm_auth=c-nqDIiYFH4lE9CCQajI0g&gtm_preview=env-1&gtm_cookies_win=x:975
[    5609ms] [LOG] consent: versions do not match or cookie missing for Minnesota Consumer Data Privacy Act @ https://www.googletagmanager.com/gtm.js?id=GTM-K25FFKN&gtm_auth=c-nqDIiYFH4lE9CCQajI0g&gtm_preview=env-1&gtm_cookies_win=x:975
[    5610ms] [LOG] consent: versions do not match or cookie missing for TIPA @ https://www.googletagmanager.com/gtm.js?id=GTM-K25FFKN&gtm_auth=c-nqDIiYFH4lE9CCQajI0g&gtm_preview=env-1&gtm_cookies_win=x:975
[    5611ms] [LOG] consent: versions do not match or cookie missing for Kentucky Consumer Data Protection Act (KCDPA) @ https://www.googletagmanager.com/gtm.js?id=GTM-K25FFKN&gtm_auth=c-nqDIiYFH4lE9CCQajI0g&gtm_preview=env-1&gtm_cookies_win=x:975
[    5615ms] [LOG] consent: versions do not match or cookie missing for Rhode Island Data Transparency and Privacy Protection Act (RIDTPPA) @ https://www.googletagmanager.com/gtm.js?id=GTM-K25FFKN&gtm_auth=c-nqDIiYFH4lE9CCQajI0g&gtm_preview=env-1&gtm_cookies_win=x:975
[    5652ms] [LOG] data =  {user_email: elhegawyahmed5@gmail.com, event_type: PAGE_VIEW, pixel_id: 9db1cbd0-9a36-43f2-96d7-e39dd65e5c10, page_url: https://linktr.ee/admin/links, gtmOnSuccess: } @ https://www.googletagmanager.com/gtm.js?id=GTM-K25FFKN&gtm_auth=c-nqDIiYFH4lE9CCQajI0g&gtm_preview=env-1&gtm_cookies_win=x:975
[    5654ms] [LOG] initData =  {user_email: elhegawyahmed5@gmail.com, event_type: PAGE_VIEW, pixel_id: 9db1cbd0-9a36-43f2-96d7-e39dd65e5c10, page_url: https://linktr.ee/admin/links, gtmOnSuccess: } @ https://www.googletagmanager.com/gtm.js?id=GTM-K25FFKN&gtm_auth=c-nqDIiYFH4lE9CCQajI0g&gtm_preview=env-1&gtm_cookies_win=x:975
[    5672ms] [LOG] data = {avatar_image_url: https://assets.production.linktr.ee/static/avatars/blank-avatar.svg, method: install, user_id: 6d4538d9-81e9-4e14-81f4-087e52e31976, user_hash: 308ccd9bcb5252eb91535fa2242b00136d705be810a5f30c6511594dedf6b218, name: null} @ https://www.googletagmanager.com/gtm.js?id=GTM-K25FFKN&gtm_auth=c-nqDIiYFH4lE9CCQajI0g&gtm_preview=env-1&gtm_cookies_win=x:975
[    5805ms] [LOG] Braze:  Loaded Braze Web SDK from https://js.appboycdn.com/web-sdk/3.0/appboy.min.js @ https://www.googletagmanager.com/gtm.js?id=GTM-K25FFKN&gtm_auth=c-nqDIiYFH4lE9CCQajI0g&gtm_preview=env-1&gtm_cookies_win=x:975
[    5871ms] [LOG] UET GTM listening for consent updates @ https://www.googletagmanager.com/gtm.js?id=GTM-K25FFKN&gtm_auth=c-nqDIiYFH4lE9CCQajI0g&gtm_preview=env-1&gtm_cookies_win=x:975
[    6076ms] [LOG] Intercom loaded: function(){for(var u=
[],v=0;v<arguments.length;v++)u[v]=Xd(arguments[v],b,c);var x=new kb(b?b.he():new Wa);b&&x.te(b.xb());return f(g.apply(x,u))} @ https://www.googletagmanager.com/gtm.js?id=GTM-K25FFKN&gtm_auth=c-nqDIiYFH4lE9CCQajI0g&gtm_preview=env-1&gtm_cookies_win=x:975
[    6583ms] [WARNING] An error occurred! For more details, see the full error text at https://go.apollo.dev/c/err#%7B%22version%22%3A%223.14.0%22%2C%22message%22%3A78%2C%22args%22%3A%5B%22useQuery%22%2C%22onError%22%2C%22If%20your%20%60onError%60%20callback%20sets%20local%20state%2C%20switch%20to%20use%20derived%20state%20using%20%60data%60%2C%20%60error%60%20or%20%60errors%60%20returned%20from%20the%20hook%20instead.%20Use%20%60useEffect%60%20if%20you%20need%20to%20perform%20side-effects%20as%20a%20result%20of%20updates%20to%20%60data%60%2C%20%60error%60%20or%20%60errors%60.%22%5D%7D @ https://assets.production.linktr.ee/ui-analytics/latest/static/js/async/4402.js:12
[    6596ms] [ERROR] Failed to load resource: the server responded with a status of 400 (Bad Request) @ https://bat.bing.com/p/insights/t/56383241:0
[    7695ms] [WARNING] Warning: fragment with name LinkFragment already exists.
graphql-tag enforces all fragment names across your application to be unique; read more about
this in the docs: http://dev.apollodata.com/core/fragments.html#unique-names @ https://assets.production.linktr.ee/mfe-link-editor/static/js/async/7217.57993.js:8
[    7858ms] [INFO] LinkEditor react version 18.3.1 @ https://assets.production.linktr.ee/mfe-link-editor/static/js/async/7217.57993.js:8
[    7913ms] [WARNING] An error occurred! For more details, see the full error text at https://go.apollo.dev/c/err#%7B%22version%22%3A%223.14.0%22%2C%22message%22%3A104%2C%22args%22%3A%5B%22ApolloClient%22%2C%22connectToDevTools%22%2C%22Please%20use%20%60devtools.enabled%60%20instead.%22%5D%7D @ https://assets.production.linktr.ee/mfe-link-editor/static/js/async/7217.57993.js:8
[    8427ms] [WARNING]  [33m[1m⚠[22m[39m Runtime config is deprecated and will be removed in Next.js 16. Please remove the usage of "next/config" from your project. @ https://assets.production.linktr.ee/mfe-link-editor/static/js/async/7217.57993.js:8
[    8454ms] [LOG] Initializing Beamer. [Update and engage users effortlessly - https://getbeamer.com] @ https://assets.production.linktr.ee/mfe-link-editor/static/js/async/7217.57993.js:8
[    9157ms] [WARNING] An error occurred! For more details, see the full error text at https://go.apollo.dev/c/err#%7B%22version%22%3A%223.14.0%22%2C%22message%22%3A15%2C%22args%22%3A%5B%22subscriptionV2%22%2C%22Account%22%2C%22either%20ensure%20all%20objects%20of%20type%20SubscriptionV2%20have%20an%20ID%20or%20a%20custom%20merge%20function%2C%20or%20%22%2C%22Account.subscriptionV2%22%2C%22%7B%5Cn%20%20%5C%22__typename%5C%22%3A%20%5C%22SubscriptionV2%5C%22%2C%5Cn%20%20%5C%22plan%5C%22%3A%20%5C%22linktree_free1%5C%22%2C%5Cn%20%20%5C%22isActive%5C%22%3A%20true%2C%5Cn%20%20%5C%22isNonRenewing%5C%22%3A%20false%2C%5Cn%20%20%5C%22periodStart%5C%22%3A%201781109374000%2C%5Cn%20%20%5C%22periodEnd%5C%22%3A%20null%2C%5Cn%20%20%5C%22couponId%5C%22%3A%20null%2C%5Cn%20%20%5C%22platform%5C%22%3A%20null%2C%5Cn%20%20%5C%22coupon%5C%22%3A%20null%5Cn%7D%22%2C%22%7B%5Cn%20%20%5C%22__ref%5C%22%3A%20%5C%22SubscriptionV2%3A112563080%5C%22%5Cn%7D%22%5D%7D @ https://assets.production.linktr.ee/mfe-link-editor/static/js/async/7217.57993.js:8
[   11963ms] [LOG] Download the Apollo DevTools for a better development experience: %s https://chrome.google.com/webstore/detail/apollo-client-developer-t/jdkknkkbebbapilgoeccciglkfbmbnfm @ https://assets.production.linktr.ee/mfe-link-editor/static/js/async/7217.57993.js:8
