[     919ms] [VERBOSE] [DOM] Password field is not contained in a form: (More info: https://goo.gl/9p2vKq) %o @ https://www.facebook.com/reg/:0
[    1124ms] [LOG] 
%cStop! font-family:helvetica; font-size:20px; font-size:50px; font-weight:bold; color:red; -webkit-text-stroke:1px black; @ https://static.xx.fbcdn.net/rsrc.php/v4/yA/r/llpHPzBZ1ZW.js:245
[    1124ms] [LOG] 
%cThis is a browser feature intended for developers. If someone told you to copy and paste something here to enable a Facebook feature or "hack" someone's account, it's a scam and will give them access to your Facebook account. font-family:helvetica; font-size:20px;  @ https://static.xx.fbcdn.net/rsrc.php/v4/yA/r/llpHPzBZ1ZW.js:245
[    1124ms] [LOG] 
%cSee https://www.facebook.com/selfxss for more information. font-family:helvetica; font-size:20px;  @ https://static.xx.fbcdn.net/rsrc.php/v4/yA/r/llpHPzBZ1ZW.js:245
[    1124ms] [LOG] 
%c  @ https://static.xx.fbcdn.net/rsrc.php/v4/yA/r/llpHPzBZ1ZW.js:245
[  464874ms] [LOG] 
%cStop! font-family:helvetica; font-size:20px; font-size:50px; font-weight:bold; color:red; -webkit-text-stroke:1px black; @ https://static.xx.fbcdn.net/rsrc.php/v4/yA/r/llpHPzBZ1ZW.js:245
[  464874ms] [LOG] 
%cThis is a browser feature intended for developers. If someone told you to copy and paste something here to enable a Facebook feature or "hack" someone's account, it's a scam and will give them access to your Facebook account. font-family:helvetica; font-size:20px;  @ https://static.xx.fbcdn.net/rsrc.php/v4/yA/r/llpHPzBZ1ZW.js:245
[  464874ms] [LOG] 
%cSee https://www.facebook.com/selfxss for more information. font-family:helvetica; font-size:20px;  @ https://static.xx.fbcdn.net/rsrc.php/v4/yA/r/llpHPzBZ1ZW.js:245
[  464874ms] [LOG] 
%c  @ https://static.xx.fbcdn.net/rsrc.php/v4/yA/r/llpHPzBZ1ZW.js:245
[  504362ms] [ERROR] Permissions policy violation: unload is not allowed in this document. @ https://static.xx.fbcdn.net/rsrc.php/v4/ys/r/wPrfXEAC8ZC.js:321
[  506190ms] [LOG] 
%cStop! font-family:helvetica; font-size:20px; font-size:50px; font-weight:bold; color:red; -webkit-text-stroke:1px black; @ https://static.xx.fbcdn.net/rsrc.php/v4/yA/r/llpHPzBZ1ZW.js:245
[  506190ms] [LOG] 
%cThis is a browser feature intended for developers. If someone told you to copy and paste something here to enable a Facebook feature or "hack" someone's account, it's a scam and will give them access to your Facebook account. font-family:helvetica; font-size:20px;  @ https://static.xx.fbcdn.net/rsrc.php/v4/yA/r/llpHPzBZ1ZW.js:245
[  506190ms] [LOG] 
%cSee https://www.facebook.com/selfxss for more information. font-family:helvetica; font-size:20px;  @ https://static.xx.fbcdn.net/rsrc.php/v4/yA/r/llpHPzBZ1ZW.js:245
[  506190ms] [LOG] 
%c  @ https://static.xx.fbcdn.net/rsrc.php/v4/yA/r/llpHPzBZ1ZW.js:245
