[     899ms] [ERROR] Loading the font 'https://lishhsx6kmthaacj.public.blob.vercel-storage.com/fonts/dseg7classic-bold.counter.woff2' violates the following Content Security Policy directive: "font-src 'self' vercel.com assets.vercel.com vercel.live fonts.gstatic.com *.vercel.sh". The action has been blocked. @ https://vercel.com/:278
[    1041ms] [LOG] %c
▲

    ____                               _ __
   / __ \________  ____ _____ ___     (_) /_
  / / / / ___/ _ \/ __ `/ __ `__ \   / / __/
 / /_/ / /  /  __/ /_/ / / / / / /  / / /__
/_____/_/   \___/\__,_/_/ /_/ /_/  /_/\__( )
   _____ __    _          _ __           |/
  / ___// /_  (_)___     (_) /_
  \__ \/ __ \/ / __ \   / / __/
 ___/ / / / / / /_/ /  / / /_
/____/_/ /_/_/ .___/  /_/\__/
            /_/
  

Hello!

- Open Source https://vercel.com/oss
- Careers https://vercel.com/careers
- Status https://vercel-status.com

 font-family: "Geist Mono", monospace; white-space: pre; line-height: 1; @ https://vercel.com/vc-ap-vercel-marketing/_next/static/immutable/chunks/2uz4800fdmwgn.js:78
[    1732ms] [ERROR] Loading the image 'https://py8fhxnkzwtsqdo9.public.blob.vercel-storage.com/front/favicon/vercel/android-chrome-192x192.png' violates the following Content Security Policy directive: "img-src 'self' blob: data: *.github.io avatars.githubusercontent.com user-images.githubusercontent.com vercel.com vercel.live *.vercel.sh assets.vercel.com cdn.raster.app https://images.ctfassets.net https://www.google.com https://i.ytimg.com https://s3.amazonaws.com pbs.twimg.com https://www.gravatar.com https://lishhsx6kmthaacj.public.blob.vercel-storage.com". The action has been blocked. @ https://vercel.com/:0
[    1839ms] [WARNING] Error while trying to use the following icon from the Manifest: https://py8fhxnkzwtsqdo9.public.blob.vercel-storage.com/front/favicon/vercel/android-chrome-192x192.png (Download error or resource isn't a valid image) @ https://vercel.com/:0
[    2730ms] [WARNING] Deprecated API for given entry type. @ https://vercel.com/vc-ap-vercel-marketing/_next/static/immutable/chunks/1u8j-5cow0c2y.js:18
[    2825ms] [ERROR] Failed to load resource: the server responded with a status of 403 () @ https://vercel.com/api/jwt:0
[    7768ms] [WARNING] The resource https://vercel.com/vc-ap-vercel-marketing/_next/static/immutable/chunks/16nt_bj095jk1.css was preloaded using link preload but not used within a few seconds from the window's load event. Please make sure it has an appropriate `as` value and it is preloaded intentionally. @ https://vercel.com/:0
[    7769ms] [WARNING] The resource https://vercel.com/vc-ap-vercel-marketing/_next/static/immutable/chunks/2ap5zu6aup-5m.css was preloaded using link preload but not used within a few seconds from the window's load event. Please make sure it has an appropriate `as` value and it is preloaded intentionally. @ https://vercel.com/:0
[    7769ms] [WARNING] The resource https://vercel.com/vc-ap-vercel-marketing/_next/static/immutable/chunks/0daj0r9tp_ynx.css was preloaded using link preload but not used within a few seconds from the window's load event. Please make sure it has an appropriate `as` value and it is preloaded intentionally. @ https://vercel.com/:0
[    7769ms] [WARNING] The resource https://vercel.com/vc-ap-vercel-marketing/_next/static/immutable/chunks/0g2go0qk2o1yq.css was preloaded using link preload but not used within a few seconds from the window's load event. Please make sure it has an appropriate `as` value and it is preloaded intentionally. @ https://vercel.com/:0
[    7769ms] [WARNING] The resource https://vercel.com/vc-ap-vercel-marketing/_next/static/immutable/chunks/0il6qs6pm4ukh.css was preloaded using link preload but not used within a few seconds from the window's load event. Please make sure it has an appropriate `as` value and it is preloaded intentionally. @ https://vercel.com/:0
[    7769ms] [WARNING] The resource https://vercel.com/vc-ap-vercel-marketing/_next/static/immutable/chunks/2rkroezqbepf5.css was preloaded using link preload but not used within a few seconds from the window's load event. Please make sure it has an appropriate `as` value and it is preloaded intentionally. @ https://vercel.com/:0
[    7769ms] [WARNING] The resource https://vercel.com/vc-ap-vercel-marketing/_next/static/immutable/chunks/2n4f5y7j4x-0p.css was preloaded using link preload but not used within a few seconds from the window's load event. Please make sure it has an appropriate `as` value and it is preloaded intentionally. @ https://vercel.com/:0
[    7769ms] [WARNING] The resource https://vercel.com/vc-ap-vercel-marketing/_next/static/immutable/chunks/1ywsc4s9dv8qv.css was preloaded using link preload but not used within a few seconds from the window's load event. Please make sure it has an appropriate `as` value and it is preloaded intentionally. @ https://vercel.com/:0
[    7769ms] [WARNING] The resource https://vercel.com/vc-ap-vercel-marketing/_next/static/immutable/chunks/3709sx0lnex6i.css was preloaded using link preload but not used within a few seconds from the window's load event. Please make sure it has an appropriate `as` value and it is preloaded intentionally. @ https://vercel.com/:0
[    7769ms] [WARNING] The resource https://vercel.com/vc-ap-vercel-marketing/_next/static/immutable/chunks/2rfnz7pp7_eqc.css was preloaded using link preload but not used within a few seconds from the window's load event. Please make sure it has an appropriate `as` value and it is preloaded intentionally. @ https://vercel.com/:0
[    7769ms] [WARNING] The resource https://vercel.com/vc-ap-vercel-marketing/_next/static/immutable/chunks/32j1o4pp77j1w.css was preloaded using link preload but not used within a few seconds from the window's load event. Please make sure it has an appropriate `as` value and it is preloaded intentionally. @ https://vercel.com/:0
[    7770ms] [WARNING] The resource https://vercel.com/vc-ap-vercel-marketing/_next/static/immutable/chunks/2u633oc6-vsh9.css was preloaded using link preload but not used within a few seconds from the window's load event. Please make sure it has an appropriate `as` value and it is preloaded intentionally. @ https://vercel.com/:0
[    7770ms] [WARNING] The resource https://vercel.com/vc-ap-vercel-marketing/_next/static/immutable/chunks/3go6x9-m9rxv4.css was preloaded using link preload but not used within a few seconds from the window's load event. Please make sure it has an appropriate `as` value and it is preloaded intentionally. @ https://vercel.com/:0
[    7770ms] [WARNING] The resource https://vercel.com/vc-ap-vercel-marketing/_next/static/immutable/chunks/1wqje4hd05ov_.css was preloaded using link preload but not used within a few seconds from the window's load event. Please make sure it has an appropriate `as` value and it is preloaded intentionally. @ https://vercel.com/:0
[    7770ms] [WARNING] The resource https://vercel.com/vc-ap-vercel-marketing/_next/static/immutable/chunks/28q2qwo7gfd-d.css was preloaded using link preload but not used within a few seconds from the window's load event. Please make sure it has an appropriate `as` value and it is preloaded intentionally. @ https://vercel.com/:0
[    7770ms] [WARNING] The resource https://vercel.com/vc-ap-vercel-marketing/_next/static/immutable/chunks/2zd3_ztfs8vsh.css was preloaded using link preload but not used within a few seconds from the window's load event. Please make sure it has an appropriate `as` value and it is preloaded intentionally. @ https://vercel.com/:0
[   15936ms] [WARNING] The resource https://vercel.com/vc-ap-vercel-marketing/_next/static/immutable/chunks/16nt_bj095jk1.css was preloaded using link preload but not used within a few seconds from the window's load event. Please make sure it has an appropriate `as` value and it is preloaded intentionally. @ https://vercel.com/:0
[   15936ms] [WARNING] The resource https://vercel.com/vc-ap-vercel-marketing/_next/static/immutable/chunks/2ap5zu6aup-5m.css was preloaded using link preload but not used within a few seconds from the window's load event. Please make sure it has an appropriate `as` value and it is preloaded intentionally. @ https://vercel.com/:0
[   15936ms] [WARNING] The resource https://vercel.com/vc-ap-vercel-marketing/_next/static/immutable/chunks/0daj0r9tp_ynx.css was preloaded using link preload but not used within a few seconds from the window's load event. Please make sure it has an appropriate `as` value and it is preloaded intentionally. @ https://vercel.com/:0
[   15936ms] [WARNING] The resource https://vercel.com/vc-ap-vercel-marketing/_next/static/immutable/chunks/0g2go0qk2o1yq.css was preloaded using link preload but not used within a few seconds from the window's load event. Please make sure it has an appropriate `as` value and it is preloaded intentionally. @ https://vercel.com/:0
[   15936ms] [WARNING] The resource https://vercel.com/vc-ap-vercel-marketing/_next/static/immutable/chunks/0il6qs6pm4ukh.css was preloaded using link preload but not used within a few seconds from the window's load event. Please make sure it has an appropriate `as` value and it is preloaded intentionally. @ https://vercel.com/:0
[   15936ms] [WARNING] The resource https://vercel.com/vc-ap-vercel-marketing/_next/static/immutable/chunks/2rkroezqbepf5.css was preloaded using link preload but not used within a few seconds from the window's load event. Please make sure it has an appropriate `as` value and it is preloaded intentionally. @ https://vercel.com/:0
[   15936ms] [WARNING] The resource https://vercel.com/vc-ap-vercel-marketing/_next/static/immutable/chunks/2n4f5y7j4x-0p.css was preloaded using link preload but not used within a few seconds from the window's load event. Please make sure it has an appropriate `as` value and it is preloaded intentionally. @ https://vercel.com/:0
[   15936ms] [WARNING] The resource https://vercel.com/vc-ap-vercel-marketing/_next/static/immutable/chunks/1ywsc4s9dv8qv.css was preloaded using link preload but not used within a few seconds from the window's load event. Please make sure it has an appropriate `as` value and it is preloaded intentionally. @ https://vercel.com/:0
[   15937ms] [WARNING] The resource https://vercel.com/vc-ap-vercel-marketing/_next/static/immutable/chunks/3709sx0lnex6i.css was preloaded using link preload but not used within a few seconds from the window's load event. Please make sure it has an appropriate `as` value and it is preloaded intentionally. @ https://vercel.com/:0
[   15937ms] [WARNING] The resource https://vercel.com/vc-ap-vercel-marketing/_next/static/immutable/chunks/2rfnz7pp7_eqc.css was preloaded using link preload but not used within a few seconds from the window's load event. Please make sure it has an appropriate `as` value and it is preloaded intentionally. @ https://vercel.com/:0
[   15938ms] [WARNING] The resource https://vercel.com/vc-ap-vercel-marketing/_next/static/immutable/chunks/32j1o4pp77j1w.css was preloaded using link preload but not used within a few seconds from the window's load event. Please make sure it has an appropriate `as` value and it is preloaded intentionally. @ https://vercel.com/:0
[   15939ms] [WARNING] The resource https://vercel.com/vc-ap-vercel-marketing/_next/static/immutable/chunks/2u633oc6-vsh9.css was preloaded using link preload but not used within a few seconds from the window's load event. Please make sure it has an appropriate `as` value and it is preloaded intentionally. @ https://vercel.com/:0
[   15940ms] [WARNING] The resource https://vercel.com/vc-ap-vercel-marketing/_next/static/immutable/chunks/3go6x9-m9rxv4.css was preloaded using link preload but not used within a few seconds from the window's load event. Please make sure it has an appropriate `as` value and it is preloaded intentionally. @ https://vercel.com/:0
[   15941ms] [WARNING] The resource https://vercel.com/vc-ap-vercel-marketing/_next/static/immutable/chunks/1wqje4hd05ov_.css was preloaded using link preload but not used within a few seconds from the window's load event. Please make sure it has an appropriate `as` value and it is preloaded intentionally. @ https://vercel.com/:0
[   15946ms] [WARNING] The resource https://vercel.com/vc-ap-vercel-marketing/_next/static/immutable/chunks/28q2qwo7gfd-d.css was preloaded using link preload but not used within a few seconds from the window's load event. Please make sure it has an appropriate `as` value and it is preloaded intentionally. @ https://vercel.com/:0
[   15950ms] [WARNING] The resource https://vercel.com/vc-ap-vercel-marketing/_next/static/immutable/chunks/2zd3_ztfs8vsh.css was preloaded using link preload but not used within a few seconds from the window's load event. Please make sure it has an appropriate `as` value and it is preloaded intentionally. @ https://vercel.com/:0
