[    1057ms] [VERBOSE] [DOM] Input elements should have autocomplete attributes (suggested: "current-password"): (More info: https://goo.gl/9p2vKq) %o @ https://www.instagram.com/accounts/login/?force_authentication&platform_app_id=17951132926087090&enable_fb_login&request_id=974a3d7b-7f6f-4bfa-ac16-36fcdbd8a324&next=https%3A%2F%2Fwww.instagram.com%2Foauth%2Foidc%2F%3Fapp_id%3D17951132926087090%26enable_fb_login%3D0%26redirect_uri%3Dhttps%253A%252F%252Fwww.facebook.com%252Fpage%252Finstagram%252Foidclink%252F%26scope%3Dopenid%252Clinking%26response_type%3Dcode%26logger_id%3D974a3d7b-7f6f-4bfa-ac16-36fcdbd8a324%26state%3D%257B%2522create_business_manager%2522%253Atrue%252C%2522csrf_nonce%2522%253A%2522yJZppIJyJQEoDaw9%2522%252C%2522disclosure_type%2522%253A%2522page_to_ig%2522%252C%2522enable_signup_web%2522%253Atrue%252C%2522entry_point%2522%253A%2522profile_plus_settings%2522%252C%2522f3_request_id%2522%253A%2522974a3d7b-7f6f-4bfa-ac16-36fcdbd8a324%2522%252C%2522from%2522%253A%2522profile_plus_settings%2522%252C%2522page_ids%2522%253A%255B%25221077200972154010%2522%255D%252C%2522product_type%2522%253Anull%252C%2522redirect_uri%2522%253A%2522https%253A%252F%252Fwww.facebook.com%252Fpage%252Finstagram%252Foidclink%252F%2522%252C%2522require_professional%2522%253Atrue%257D%26force_authentication%3D0:0
[    1128ms] [LOG] 
%cStop! font-family:helvetica; font-size:20px; font-size:50px; font-weight:bold; color:red; -webkit-text-stroke:1px black; @ https://static.cdninstagram.com/rsrc.php/v4/yA/r/llpHPzBZ1ZW.js:245
[    1129ms] [LOG] 
%cThis is a browser feature intended for developers. If someone told you to copy-paste something here to enable an Instagram feature or "hack" someone's account, it is a scam and will give them access to your Instagram account. font-family:helvetica; font-size:20px;  @ https://static.cdninstagram.com/rsrc.php/v4/yA/r/llpHPzBZ1ZW.js:245
[    1129ms] [LOG] 
%cSee https://www.facebook.com/selfxss for more information. font-family:helvetica; font-size:20px;  @ https://static.cdninstagram.com/rsrc.php/v4/yA/r/llpHPzBZ1ZW.js:245
[    1129ms] [LOG] 
%c  @ https://static.cdninstagram.com/rsrc.php/v4/yA/r/llpHPzBZ1ZW.js:245
[    1167ms] [INFO] Banner not shown: beforeinstallpromptevent.preventDefault() called. The page must call beforeinstallpromptevent.prompt() to show the banner. @ https://www.instagram.com/accounts/login/?force_authentication&platform_app_id=17951132926087090&enable_fb_login&request_id=974a3d7b-7f6f-4bfa-ac16-36fcdbd8a324&next=https%3A%2F%2Fwww.instagram.com%2Foauth%2Foidc%2F%3Fapp_id%3D17951132926087090%26enable_fb_login%3D0%26redirect_uri%3Dhttps%253A%252F%252Fwww.facebook.com%252Fpage%252Finstagram%252Foidclink%252F%26scope%3Dopenid%252Clinking%26response_type%3Dcode%26logger_id%3D974a3d7b-7f6f-4bfa-ac16-36fcdbd8a324%26state%3D%257B%2522create_business_manager%2522%253Atrue%252C%2522csrf_nonce%2522%253A%2522yJZppIJyJQEoDaw9%2522%252C%2522disclosure_type%2522%253A%2522page_to_ig%2522%252C%2522enable_signup_web%2522%253Atrue%252C%2522entry_point%2522%253A%2522profile_plus_settings%2522%252C%2522f3_request_id%2522%253A%2522974a3d7b-7f6f-4bfa-ac16-36fcdbd8a324%2522%252C%2522from%2522%253A%2522profile_plus_settings%2522%252C%2522page_ids%2522%253A%255B%25221077200972154010%2522%255D%252C%2522product_type%2522%253Anull%252C%2522redirect_uri%2522%253A%2522https%253A%252F%252Fwww.facebook.com%252Fpage%252Finstagram%252Foidclink%252F%2522%252C%2522require_professional%2522%253Atrue%257D%26force_authentication%3D0:0
[   23440ms] [ERROR] ErrorUtils caught an error:

signal is aborted without reason [Caught in: Passkey authentication failed]

Subsequent non-fatal errors won't be logged; see https://fburl.com/debugjs. {column: 2997, clientTime: 1781103741, extra: Object, guardList: Array(0), hash: svtzj3} @ https://static.cdninstagram.com/rsrc.php/v4/yA/r/llpHPzBZ1ZW.js:79
[   23548ms] [VERBOSE] [DOM] Password field is not contained in a form: (More info: https://goo.gl/9p2vKq) %o @ https://www.instagram.com/accounts/emailsignup/?next=https%3A%2F%2Fwww.instagram.com%2Foauth%2Foidc%2F%3Fapp_id%3D17951132926087090%26enable_fb_login%3D0%26redirect_uri%3Dhttps%253A%252F%252Fwww.facebook.com%252Fpage%252Finstagram%252Foidclink%252F%26scope%3Dopenid%252Clinking%26response_type%3Dcode%26logger_id%3D974a3d7b-7f6f-4bfa-ac16-36fcdbd8a324%26state%3D%257B%2522create_business_manager%2522%253Atrue%252C%2522csrf_nonce%2522%253A%2522yJZppIJyJQEoDaw9%2522%252C%2522disclosure_type%2522%253A%2522page_to_ig%2522%252C%2522enable_signup_web%2522%253Atrue%252C%2522entry_point%2522%253A%2522profile_plus_settings%2522%252C%2522f3_request_id%2522%253A%2522974a3d7b-7f6f-4bfa-ac16-36fcdbd8a324%2522%252C%2522from%2522%253A%2522profile_plus_settings%2522%252C%2522page_ids%2522%253A%255B%25221077200972154010%2522%255D%252C%2522product_type%2522%253Anull%252C%2522redirect_uri%2522%253A%2522https%253A%252F%252Fwww.facebook.com%252Fpage%252Finstagram%252Foidclink%252F%2522%252C%2522require_professional%2522%253Atrue%257D%26force_authentication%3D0:0
[  143749ms] [LOG] 
%cStop! font-family:helvetica; font-size:20px; font-size:50px; font-weight:bold; color:red; -webkit-text-stroke:1px black; @ https://static.cdninstagram.com/rsrc.php/v4/y8/r/3h4YqOhE0YZ.js:245
[  143749ms] [LOG] 
%cThis is a browser feature intended for developers. If someone told you to copy-paste something here to enable an Instagram feature or "hack" someone's account, it is a scam and will give them access to your Instagram account. font-family:helvetica; font-size:20px;  @ https://static.cdninstagram.com/rsrc.php/v4/y8/r/3h4YqOhE0YZ.js:245
[  143749ms] [LOG] 
%cSee https://www.facebook.com/selfxss for more information. font-family:helvetica; font-size:20px;  @ https://static.cdninstagram.com/rsrc.php/v4/y8/r/3h4YqOhE0YZ.js:245
[  143749ms] [LOG] 
%c  @ https://static.cdninstagram.com/rsrc.php/v4/y8/r/3h4YqOhE0YZ.js:245
[  145647ms] [INFO] Banner not shown: beforeinstallpromptevent.preventDefault() called. The page must call beforeinstallpromptevent.prompt() to show the banner. @ https://www.instagram.com/:0
[  149155ms] [ERROR] Permissions policy violation: unload is not allowed in this document. @ https://static.xx.fbcdn.net/rsrc.php/v4/y8/r/3h4YqOhE0YZ.js:241
